[2025-10-28T12:32:41.663+0000][0.010s][info][gc,init] CardTable entry size: 512
[2025-10-28T12:32:41.667+0000][0.015s][info][gc     ] Using G1
[2025-10-28T12:32:41.672+0000][0.020s][info][gc,init] Version: 21.0.2+13-58 (release)
[2025-10-28T12:32:41.672+0000][0.020s][info][gc,init] CPUs: 64 total, 3 available
[2025-10-28T12:32:41.672+0000][0.020s][info][gc,init] Memory: 18361M
[2025-10-28T12:32:41.672+0000][0.020s][info][gc,init] Large Page Support: Disabled
[2025-10-28T12:32:41.672+0000][0.020s][info][gc,init] NUMA Support: Disabled
[2025-10-28T12:32:41.672+0000][0.020s][info][gc,init] Compressed Oops: Enabled (32-bit)
[2025-10-28T12:32:41.672+0000][0.020s][info][gc,init] Heap Region Size: 1M
[2025-10-28T12:32:41.672+0000][0.020s][info][gc,init] Heap Min Capacity: 32M
[2025-10-28T12:32:41.672+0000][0.020s][info][gc,init] Heap Initial Capacity: 32M
[2025-10-28T12:32:41.672+0000][0.020s][info][gc,init] Heap Max Capacity: 32M
[2025-10-28T12:32:41.672+0000][0.020s][info][gc,init] Pre-touch: Disabled
[2025-10-28T12:32:41.672+0000][0.020s][info][gc,init] Parallel Workers: 3
[2025-10-28T12:32:41.672+0000][0.020s][info][gc,init] Concurrent Workers: 1
[2025-10-28T12:32:41.672+0000][0.020s][info][gc,init] Concurrent Refinement Workers: 3
[2025-10-28T12:32:41.672+0000][0.020s][info][gc,init] Periodic GC: Disabled
[2025-10-28T12:32:41.719+0000][0.066s][info][gc,metaspace] CDS archive(s) mapped at: [0x00007fc957000000-0x00007fc957ca6000-0x00007fc957ca6000), size 13262848, SharedBaseAddress: 0x00007fc957000000, ArchiveRelocationMode: 1.
[2025-10-28T12:32:41.719+0000][0.066s][info][gc,metaspace] Compressed class space mapped at: 0x00007fc958000000-0x00007fc998000000, reserved size: 1073741824
[2025-10-28T12:32:41.719+0000][0.066s][info][gc,metaspace] Narrow klass base: 0x00007fc957000000, Narrow klass shift: 0, Narrow klass range: 0x100000000
[2025-10-28T12:32:41.790+0000][0.138s][info][gc,start    ] GC(0) Pause Young (Concurrent Start) (G1 Humongous Allocation)
[2025-10-28T12:32:41.791+0000][0.139s][info][gc,task     ] GC(0) Using 2 workers of 3 for evacuation
[2025-10-28T12:32:41.793+0000][0.140s][info][gc,phases   ] GC(0)   Pre Evacuate Collection Set: 0.1ms
[2025-10-28T12:32:41.793+0000][0.140s][info][gc,phases   ] GC(0)   Merge Heap Roots: 0.2ms
[2025-10-28T12:32:41.793+0000][0.140s][info][gc,phases   ] GC(0)   Evacuate Collection Set: 1.0ms
[2025-10-28T12:32:41.793+0000][0.140s][info][gc,phases   ] GC(0)   Post Evacuate Collection Set: 0.2ms
[2025-10-28T12:32:41.793+0000][0.140s][info][gc,phases   ] GC(0)   Other: 0.7ms
[2025-10-28T12:32:41.793+0000][0.140s][info][gc,heap     ] GC(0) Eden regions: 1->0(7)
[2025-10-28T12:32:41.794+0000][0.141s][info][gc,heap     ] GC(0) Survivor regions: 0->1(1)
[2025-10-28T12:32:41.794+0000][0.141s][info][gc,heap     ] GC(0) Old regions: 2->2
[2025-10-28T12:32:41.794+0000][0.141s][info][gc,heap     ] GC(0) Humongous regions: 12->10
[2025-10-28T12:32:41.794+0000][0.141s][info][gc,metaspace] GC(0) Metaspace: 70K(320K)->70K(320K) NonClass: 67K(192K)->67K(192K) Class: 3K(128K)->3K(128K)
[2025-10-28T12:32:41.794+0000][0.141s][info][gc          ] GC(0) Pause Young (Concurrent Start) (G1 Humongous Allocation) 13M->11M(32M) 3.768ms
[2025-10-28T12:32:41.794+0000][0.142s][info][gc,cpu      ] GC(0) User=0.01s Sys=0.00s Real=0.00s
[2025-10-28T12:32:41.794+0000][0.142s][info][gc          ] GC(1) Concurrent Undo Cycle
[2025-10-28T12:32:41.794+0000][0.142s][info][gc,marking  ] GC(1) Concurrent Clear Claimed Marks
[2025-10-28T12:32:41.794+0000][0.142s][info][gc,marking  ] GC(1) Concurrent Clear Claimed Marks 0.044ms
[2025-10-28T12:32:41.794+0000][0.142s][info][gc,marking  ] GC(1) Concurrent Cleanup for Next Mark
[2025-10-28T12:32:41.795+0000][0.142s][info][gc,marking  ] GC(1) Concurrent Cleanup for Next Mark 0.364ms
[2025-10-28T12:32:41.795+0000][0.142s][info][gc          ] GC(1) Concurrent Undo Cycle 0.549ms
[2025-10-28T12:32:41.795+0000][0.142s][info][gc,start    ] GC(2) Pause Young (Concurrent Start) (G1 Humongous Allocation)
[2025-10-28T12:32:41.795+0000][0.142s][info][gc,task     ] GC(2) Using 2 workers of 3 for evacuation
[2025-10-28T12:32:41.796+0000][0.143s][info][gc,phases   ] GC(2)   Pre Evacuate Collection Set: 0.1ms
[2025-10-28T12:32:41.796+0000][0.143s][info][gc,phases   ] GC(2)   Merge Heap Roots: 0.1ms
[2025-10-28T12:32:41.796+0000][0.143s][info][gc,phases   ] GC(2)   Evacuate Collection Set: 0.3ms
[2025-10-28T12:32:41.796+0000][0.143s][info][gc,phases   ] GC(2)   Post Evacuate Collection Set: 0.1ms
[2025-10-28T12:32:41.796+0000][0.143s][info][gc,phases   ] GC(2)   Other: 0.1ms
[2025-10-28T12:32:41.796+0000][0.143s][info][gc,heap     ] GC(2) Eden regions: 0->0(8)
[2025-10-28T12:32:41.796+0000][0.143s][info][gc,heap     ] GC(2) Survivor regions: 1->1(1)
[2025-10-28T12:32:41.796+0000][0.143s][info][gc,heap     ] GC(2) Old regions: 2->2
[2025-10-28T12:32:41.796+0000][0.143s][info][gc,heap     ] GC(2) Humongous regions: 12->10
[2025-10-28T12:32:41.796+0000][0.143s][info][gc,metaspace] GC(2) Metaspace: 70K(320K)->70K(320K) NonClass: 67K(192K)->67K(192K) Class: 3K(128K)->3K(128K)
[2025-10-28T12:32:41.796+0000][0.143s][info][gc          ] GC(2) Pause Young (Concurrent Start) (G1 Humongous Allocation) 13M->11M(32M) 0.816ms
[2025-10-28T12:32:41.796+0000][0.143s][info][gc,cpu      ] GC(2) User=0.00s Sys=0.00s Real=0.00s
[2025-10-28T12:32:41.796+0000][0.143s][info][gc          ] GC(3) Concurrent Undo Cycle
[2025-10-28T12:32:41.796+0000][0.143s][info][gc,marking  ] GC(3) Concurrent Clear Claimed Marks
[2025-10-28T12:32:41.796+0000][0.143s][info][gc,marking  ] GC(3) Concurrent Clear Claimed Marks 0.004ms
[2025-10-28T12:32:41.796+0000][0.143s][info][gc,marking  ] GC(3) Concurrent Cleanup for Next Mark
[2025-10-28T12:32:41.798+0000][0.146s][info][gc,marking  ] GC(3) Concurrent Cleanup for Next Mark 2.550ms
[2025-10-28T12:32:41.798+0000][0.146s][info][gc          ] GC(3) Concurrent Undo Cycle 2.608ms
[2025-10-28T12:32:41.800+0000][0.148s][info][gc,start    ] GC(4) Pause Young (Concurrent Start) (G1 Humongous Allocation)
[2025-10-28T12:32:41.800+0000][0.148s][info][gc,task     ] GC(4) Using 2 workers of 3 for evacuation
[2025-10-28T12:32:41.801+0000][0.148s][info][gc,phases   ] GC(4)   Pre Evacuate Collection Set: 0.1ms
[2025-10-28T12:32:41.801+0000][0.148s][info][gc,phases   ] GC(4)   Merge Heap Roots: 0.1ms
[2025-10-28T12:32:41.801+0000][0.148s][info][gc,phases   ] GC(4)   Evacuate Collection Set: 0.2ms
[2025-10-28T12:32:41.801+0000][0.148s][info][gc,phases   ] GC(4)   Post Evacuate Collection Set: 0.1ms
[2025-10-28T12:32:41.801+0000][0.148s][info][gc,phases   ] GC(4)   Other: 0.1ms
[2025-10-28T12:32:41.801+0000][0.148s][info][gc,heap     ] GC(4) Eden regions: 0->0(8)
[2025-10-28T12:32:41.801+0000][0.148s][info][gc,heap     ] GC(4) Survivor regions: 1->1(2)
[2025-10-28T12:32:41.801+0000][0.148s][info][gc,heap     ] GC(4) Old regions: 2->2
[2025-10-28T12:32:41.801+0000][0.148s][info][gc,heap     ] GC(4) Humongous regions: 14->10
[2025-10-28T12:32:41.801+0000][0.148s][info][gc,metaspace] GC(4) Metaspace: 70K(320K)->70K(320K) NonClass: 67K(192K)->67K(192K) Class: 3K(128K)->3K(128K)
[2025-10-28T12:32:41.801+0000][0.148s][info][gc          ] GC(4) Pause Young (Concurrent Start) (G1 Humongous Allocation) 15M->11M(32M) 0.659ms
[2025-10-28T12:32:41.801+0000][0.148s][info][gc,cpu      ] GC(4) User=0.00s Sys=0.00s Real=0.00s
[2025-10-28T12:32:41.801+0000][0.148s][info][gc          ] GC(5) Concurrent Undo Cycle
[2025-10-28T12:32:41.801+0000][0.149s][info][gc,marking  ] GC(5) Concurrent Clear Claimed Marks
[2025-10-28T12:32:41.801+0000][0.149s][info][gc,marking  ] GC(5) Concurrent Clear Claimed Marks 0.005ms
[2025-10-28T12:32:41.801+0000][0.149s][info][gc,marking  ] GC(5) Concurrent Cleanup for Next Mark
[2025-10-28T12:32:41.802+0000][0.150s][info][gc,marking  ] GC(5) Concurrent Cleanup for Next Mark 1.241ms
[2025-10-28T12:32:41.803+0000][0.150s][info][gc          ] GC(5) Concurrent Undo Cycle 1.376ms
[2025-10-28T12:32:41.804+0000][0.151s][info][gc,start    ] GC(6) Pause Young (Concurrent Start) (G1 Humongous Allocation)
[2025-10-28T12:32:41.804+0000][0.151s][info][gc,task     ] GC(6) Using 2 workers of 3 for evacuation
[2025-10-28T12:32:41.804+0000][0.152s][info][gc,phases   ] GC(6)   Pre Evacuate Collection Set: 0.0ms
[2025-10-28T12:32:41.804+0000][0.152s][info][gc,phases   ] GC(6)   Merge Heap Roots: 0.0ms
[2025-10-28T12:32:41.804+0000][0.152s][info][gc,phases   ] GC(6)   Evacuate Collection Set: 0.2ms
[2025-10-28T12:32:41.804+0000][0.152s][info][gc,phases   ] GC(6)   Post Evacuate Collection Set: 0.2ms
[2025-10-28T12:32:41.804+0000][0.152s][info][gc,phases   ] GC(6)   Other: 0.0ms
[2025-10-28T12:32:41.804+0000][0.152s][info][gc,heap     ] GC(6) Eden regions: 0->0(8)
[2025-10-28T12:32:41.805+0000][0.152s][info][gc,heap     ] GC(6) Survivor regions: 1->1(2)
[2025-10-28T12:32:41.805+0000][0.152s][info][gc,heap     ] GC(6) Old regions: 2->2
[2025-10-28T12:32:41.805+0000][0.152s][info][gc,heap     ] GC(6) Humongous regions: 15->10
[2025-10-28T12:32:41.805+0000][0.152s][info][gc,metaspace] GC(6) Metaspace: 70K(320K)->70K(320K) NonClass: 67K(192K)->67K(192K) Class: 3K(128K)->3K(128K)
[2025-10-28T12:32:41.805+0000][0.152s][info][gc          ] GC(6) Pause Young (Concurrent Start) (G1 Humongous Allocation) 16M->11M(32M) 0.622ms
[2025-10-28T12:32:41.805+0000][0.152s][info][gc,cpu      ] GC(6) User=0.00s Sys=0.00s Real=0.00s
[2025-10-28T12:32:41.805+0000][0.152s][info][gc          ] GC(7) Concurrent Undo Cycle
[2025-10-28T12:32:41.805+0000][0.152s][info][gc,marking  ] GC(7) Concurrent Clear Claimed Marks
[2025-10-28T12:32:41.805+0000][0.152s][info][gc,marking  ] GC(7) Concurrent Clear Claimed Marks 0.005ms
[2025-10-28T12:32:41.805+0000][0.152s][info][gc,marking  ] GC(7) Concurrent Cleanup for Next Mark
[2025-10-28T12:32:41.805+0000][0.152s][info][gc,marking  ] GC(7) Concurrent Cleanup for Next Mark 0.065ms
[2025-10-28T12:32:41.805+0000][0.152s][info][gc          ] GC(7) Concurrent Undo Cycle 0.109ms
[2025-10-28T12:32:41.805+0000][0.152s][info][gc,start    ] GC(8) Pause Young (Concurrent Start) (G1 Humongous Allocation)
[2025-10-28T12:32:41.805+0000][0.152s][info][gc,task     ] GC(8) Using 2 workers of 3 for evacuation
[2025-10-28T12:32:41.806+0000][0.153s][info][gc,phases   ] GC(8)   Pre Evacuate Collection Set: 0.1ms
[2025-10-28T12:32:41.806+0000][0.153s][info][gc,phases   ] GC(8)   Merge Heap Roots: 0.0ms
[2025-10-28T12:32:41.806+0000][0.153s][info][gc,phases   ] GC(8)   Evacuate Collection Set: 0.5ms
[2025-10-28T12:32:41.806+0000][0.153s][info][gc,phases   ] GC(8)   Post Evacuate Collection Set: 0.1ms
[2025-10-28T12:32:41.806+0000][0.153s][info][gc,phases   ] GC(8)   Other: 0.1ms
[2025-10-28T12:32:41.806+0000][0.153s][info][gc,heap     ] GC(8) Eden regions: 0->0(8)
[2025-10-28T12:32:41.806+0000][0.153s][info][gc,heap     ] GC(8) Survivor regions: 1->1(2)
[2025-10-28T12:32:41.806+0000][0.153s][info][gc,heap     ] GC(8) Old regions: 2->2
[2025-10-28T12:32:41.806+0000][0.153s][info][gc,heap     ] GC(8) Humongous regions: 12->10
[2025-10-28T12:32:41.806+0000][0.153s][info][gc,metaspace] GC(8) Metaspace: 70K(320K)->70K(320K) NonClass: 67K(192K)->67K(192K) Class: 3K(128K)->3K(128K)
[2025-10-28T12:32:41.806+0000][0.153s][info][gc          ] GC(8) Pause Young (Concurrent Start) (G1 Humongous Allocation) 13M->11M(32M) 0.759ms
[2025-10-28T12:32:41.806+0000][0.153s][info][gc,cpu      ] GC(8) User=0.00s Sys=0.00s Real=0.00s
[2025-10-28T12:32:41.806+0000][0.153s][info][gc          ] GC(9) Concurrent Undo Cycle
[2025-10-28T12:32:41.806+0000][0.153s][info][gc,marking  ] GC(9) Concurrent Clear Claimed Marks
[2025-10-28T12:32:41.806+0000][0.153s][info][gc,marking  ] GC(9) Concurrent Clear Claimed Marks 0.007ms
[2025-10-28T12:32:41.806+0000][0.153s][info][gc,marking  ] GC(9) Concurrent Cleanup for Next Mark
[2025-10-28T12:32:41.806+0000][0.153s][info][gc,marking  ] GC(9) Concurrent Cleanup for Next Mark 0.061ms
[2025-10-28T12:32:41.806+0000][0.153s][info][gc          ] GC(9) Concurrent Undo Cycle 0.116ms
[2025-10-28T12:32:41.806+0000][0.153s][info][gc,start    ] GC(10) Pause Young (Concurrent Start) (G1 Humongous Allocation)
[2025-10-28T12:32:41.806+0000][0.153s][info][gc,task     ] GC(10) Using 2 workers of 3 for evacuation
[2025-10-28T12:32:41.806+0000][0.154s][info][gc,phases   ] GC(10)   Pre Evacuate Collection Set: 0.0ms
[2025-10-28T12:32:41.806+0000][0.154s][info][gc,phases   ] GC(10)   Merge Heap Roots: 0.1ms
[2025-10-28T12:32:41.806+0000][0.154s][info][gc,phases   ] GC(10)   Evacuate Collection Set: 0.1ms
[2025-10-28T12:32:41.806+0000][0.154s][info][gc,phases   ] GC(10)   Post Evacuate Collection Set: 0.1ms
[2025-10-28T12:32:41.806+0000][0.154s][info][gc,phases   ] GC(10)   Other: 0.0ms
[2025-10-28T12:32:41.806+0000][0.154s][info][gc,heap     ] GC(10) Eden regions: 0->0(8)
[2025-10-28T12:32:41.806+0000][0.154s][info][gc,heap     ] GC(10) Survivor regions: 1->1(2)
[2025-10-28T12:32:41.806+0000][0.154s][info][gc,heap     ] GC(10) Old regions: 2->2
[2025-10-28T12:32:41.806+0000][0.154s][info][gc,heap     ] GC(10) Humongous regions: 12->10
[2025-10-28T12:32:41.806+0000][0.154s][info][gc,metaspace] GC(10) Metaspace: 70K(320K)->70K(320K) NonClass: 67K(192K)->67K(192K) Class: 3K(128K)->3K(128K)
[2025-10-28T12:32:41.806+0000][0.154s][info][gc          ] GC(10) Pause Young (Concurrent Start) (G1 Humongous Allocation) 13M->11M(32M) 0.441ms
[2025-10-28T12:32:41.806+0000][0.154s][info][gc,cpu      ] GC(10) User=0.00s Sys=0.00s Real=0.00s
[2025-10-28T12:32:41.806+0000][0.154s][info][gc          ] GC(11) Concurrent Undo Cycle
[2025-10-28T12:32:41.806+0000][0.154s][info][gc,marking  ] GC(11) Concurrent Clear Claimed Marks
[2025-10-28T12:32:41.806+0000][0.154s][info][gc,marking  ] GC(11) Concurrent Clear Claimed Marks 0.006ms
[2025-10-28T12:32:41.806+0000][0.154s][info][gc,marking  ] GC(11) Concurrent Cleanup for Next Mark
[2025-10-28T12:32:41.806+0000][0.154s][info][gc,marking  ] GC(11) Concurrent Cleanup for Next Mark 0.041ms
[2025-10-28T12:32:41.807+0000][0.154s][info][gc          ] GC(11) Concurrent Undo Cycle 0.164ms
[2025-10-28T12:32:41.807+0000][0.154s][info][gc,start    ] GC(12) Pause Young (Concurrent Start) (G1 Humongous Allocation)
[2025-10-28T12:32:41.807+0000][0.154s][info][gc,task     ] GC(12) Using 2 workers of 3 for evacuation
[2025-10-28T12:32:41.807+0000][0.154s][info][gc,phases   ] GC(12)   Pre Evacuate Collection Set: 0.0ms
[2025-10-28T12:32:41.807+0000][0.154s][info][gc,phases   ] GC(12)   Merge Heap Roots: 0.0ms
[2025-10-28T12:32:41.807+0000][0.154s][info][gc,phases   ] GC(12)   Evacuate Collection Set: 0.1ms
[2025-10-28T12:32:41.807+0000][0.154s][info][gc,phases   ] GC(12)   Post Evacuate Collection Set: 0.2ms
[2025-10-28T12:32:41.807+0000][0.154s][info][gc,phases   ] GC(12)   Other: 0.1ms
[2025-10-28T12:32:41.807+0000][0.154s][info][gc,heap     ] GC(12) Eden regions: 0->0(8)
[2025-10-28T12:32:41.807+0000][0.154s][info][gc,heap     ] GC(12) Survivor regions: 1->1(2)
[2025-10-28T12:32:41.807+0000][0.154s][info][gc,heap     ] GC(12) Old regions: 2->2
[2025-10-28T12:32:41.807+0000][0.154s][info][gc,heap     ] GC(12) Humongous regions: 12->10
[2025-10-28T12:32:41.807+0000][0.154s][info][gc,metaspace] GC(12) Metaspace: 70K(320K)->70K(320K) NonClass: 67K(192K)->67K(192K) Class: 3K(128K)->3K(128K)
[2025-10-28T12:32:41.807+0000][0.154s][info][gc          ] GC(12) Pause Young (Concurrent Start) (G1 Humongous Allocation) 13M->11M(32M) 0.458ms
[2025-10-28T12:32:41.807+0000][0.154s][info][gc,cpu      ] GC(12) User=0.00s Sys=0.00s Real=0.00s
[2025-10-28T12:32:41.807+0000][0.154s][info][gc          ] GC(13) Concurrent Undo Cycle
[2025-10-28T12:32:41.807+0000][0.155s][info][gc,marking  ] GC(13) Concurrent Clear Claimed Marks
[2025-10-28T12:32:41.807+0000][0.155s][info][gc,marking  ] GC(13) Concurrent Clear Claimed Marks 0.006ms
[2025-10-28T12:32:41.807+0000][0.155s][info][gc,marking  ] GC(13) Concurrent Cleanup for Next Mark
[2025-10-28T12:32:41.807+0000][0.155s][info][gc,marking  ] GC(13) Concurrent Cleanup for Next Mark 0.076ms
[2025-10-28T12:32:41.807+0000][0.155s][info][gc          ] GC(13) Concurrent Undo Cycle 0.117ms
[2025-10-28T12:32:41.807+0000][0.155s][info][gc,start    ] GC(14) Pause Young (Concurrent Start) (G1 Humongous Allocation)
[2025-10-28T12:32:41.807+0000][0.155s][info][gc,task     ] GC(14) Using 2 workers of 3 for evacuation
[2025-10-28T12:32:41.808+0000][0.155s][info][gc,phases   ] GC(14)   Pre Evacuate Collection Set: 0.1ms
[2025-10-28T12:32:41.808+0000][0.155s][info][gc,phases   ] GC(14)   Merge Heap Roots: 0.0ms
[2025-10-28T12:32:41.808+0000][0.155s][info][gc,phases   ] GC(14)   Evacuate Collection Set: 0.1ms
[2025-10-28T12:32:41.808+0000][0.155s][info][gc,phases   ] GC(14)   Post Evacuate Collection Set: 0.1ms
[2025-10-28T12:32:41.808+0000][0.155s][info][gc,phases   ] GC(14)   Other: 0.1ms
[2025-10-28T12:32:41.808+0000][0.155s][info][gc,heap     ] GC(14) Eden regions: 0->0(8)
[2025-10-28T12:32:41.808+0000][0.155s][info][gc,heap     ] GC(14) Survivor regions: 1->1(2)
[2025-10-28T12:32:41.808+0000][0.155s][info][gc,heap     ] GC(14) Old regions: 2->2
[2025-10-28T12:32:41.808+0000][0.155s][info][gc,heap     ] GC(14) Humongous regions: 12->10
[2025-10-28T12:32:41.808+0000][0.155s][info][gc,metaspace] GC(14) Metaspace: 70K(320K)->70K(320K) NonClass: 67K(192K)->67K(192K) Class: 3K(128K)->3K(128K)
[2025-10-28T12:32:41.808+0000][0.155s][info][gc          ] GC(14) Pause Young (Concurrent Start) (G1 Humongous Allocation) 13M->11M(32M) 0.557ms
[2025-10-28T12:32:41.808+0000][0.155s][info][gc,cpu      ] GC(14) User=0.00s Sys=0.00s Real=0.00s
[2025-10-28T12:32:41.808+0000][0.155s][info][gc          ] GC(15) Concurrent Undo Cycle
[2025-10-28T12:32:41.808+0000][0.155s][info][gc,marking  ] GC(15) Concurrent Clear Claimed Marks
[2025-10-28T12:32:41.808+0000][0.155s][info][gc,marking  ] GC(15) Concurrent Clear Claimed Marks 0.006ms
[2025-10-28T12:32:41.808+0000][0.155s][info][gc,marking  ] GC(15) Concurrent Cleanup for Next Mark
[2025-10-28T12:32:41.808+0000][0.155s][info][gc,marking  ] GC(15) Concurrent Cleanup for Next Mark 0.050ms
[2025-10-28T12:32:41.808+0000][0.155s][info][gc          ] GC(15) Concurrent Undo Cycle 0.094ms
[2025-10-28T12:32:41.808+0000][0.156s][info][gc,start    ] GC(16) Pause Young (Concurrent Start) (G1 Humongous Allocation)
[2025-10-28T12:32:41.808+0000][0.156s][info][gc,task     ] GC(16) Using 2 workers of 3 for evacuation
[2025-10-28T12:32:41.809+0000][0.156s][info][gc,phases   ] GC(16)   Pre Evacuate Collection Set: 0.0ms
[2025-10-28T12:32:41.809+0000][0.156s][info][gc,phases   ] GC(16)   Merge Heap Roots: 0.0ms
[2025-10-28T12:32:41.809+0000][0.156s][info][gc,phases   ] GC(16)   Evacuate Collection Set: 0.5ms
[2025-10-28T12:32:41.809+0000][0.156s][info][gc,phases   ] GC(16)   Post Evacuate Collection Set: 0.1ms
[2025-10-28T12:32:41.809+0000][0.156s][info][gc,phases   ] GC(16)   Other: 0.1ms
[2025-10-28T12:32:41.809+0000][0.156s][info][gc,heap     ] GC(16) Eden regions: 0->0(8)
[2025-10-28T12:32:41.809+0000][0.156s][info][gc,heap     ] GC(16) Survivor regions: 1->1(2)
[2025-10-28T12:32:41.809+0000][0.156s][info][gc,heap     ] GC(16) Old regions: 2->2
[2025-10-28T12:32:41.809+0000][0.156s][info][gc,heap     ] GC(16) Humongous regions: 12->10
[2025-10-28T12:32:41.809+0000][0.156s][info][gc,metaspace] GC(16) Metaspace: 70K(320K)->70K(320K) NonClass: 67K(192K)->67K(192K) Class: 3K(128K)->3K(128K)
[2025-10-28T12:32:41.809+0000][0.156s][info][gc          ] GC(16) Pause Young (Concurrent Start) (G1 Humongous Allocation) 13M->11M(32M) 0.740ms
[2025-10-28T12:32:41.809+0000][0.156s][info][gc,cpu      ] GC(16) User=0.00s Sys=0.00s Real=0.00s
[2025-10-28T12:32:41.809+0000][0.156s][info][gc          ] GC(17) Concurrent Undo Cycle
[2025-10-28T12:32:41.809+0000][0.156s][info][gc,marking  ] GC(17) Concurrent Clear Claimed Marks
[2025-10-28T12:32:41.809+0000][0.156s][info][gc,marking  ] GC(17) Concurrent Clear Claimed Marks 0.006ms
[2025-10-28T12:32:41.809+0000][0.156s][info][gc,marking  ] GC(17) Concurrent Cleanup for Next Mark
[2025-10-28T12:32:41.809+0000][0.156s][info][gc,marking  ] GC(17) Concurrent Cleanup for Next Mark 0.058ms
[2025-10-28T12:32:41.809+0000][0.156s][info][gc          ] GC(17) Concurrent Undo Cycle 0.102ms
[2025-10-28T12:32:41.809+0000][0.157s][info][gc,start    ] GC(18) Pause Young (Concurrent Start) (G1 Humongous Allocation)
[2025-10-28T12:32:41.809+0000][0.157s][info][gc,task     ] GC(18) Using 2 workers of 3 for evacuation
[2025-10-28T12:32:41.810+0000][0.157s][info][gc,phases   ] GC(18)   Pre Evacuate Collection Set: 0.0ms
[2025-10-28T12:32:41.810+0000][0.157s][info][gc,phases   ] GC(18)   Merge Heap Roots: 0.0ms
[2025-10-28T12:32:41.810+0000][0.157s][info][gc,phases   ] GC(18)   Evacuate Collection Set: 0.1ms
[2025-10-28T12:32:41.810+0000][0.157s][info][gc,phases   ] GC(18)   Post Evacuate Collection Set: 0.1ms
[2025-10-28T12:32:41.810+0000][0.157s][info][gc,phases   ] GC(18)   Other: 0.0ms
[2025-10-28T12:32:41.810+0000][0.157s][info][gc,heap     ] GC(18) Eden regions: 0->0(8)
[2025-10-28T12:32:41.810+0000][0.157s][info][gc,heap     ] GC(18) Survivor regions: 1->1(2)
[2025-10-28T12:32:41.810+0000][0.157s][info][gc,heap     ] GC(18) Old regions: 2->2
[2025-10-28T12:32:41.810+0000][0.157s][info][gc,heap     ] GC(18) Humongous regions: 12->10
[2025-10-28T12:32:41.810+0000][0.157s][info][gc,metaspace] GC(18) Metaspace: 70K(320K)->70K(320K) NonClass: 67K(192K)->67K(192K) Class: 3K(128K)->3K(128K)
[2025-10-28T12:32:41.810+0000][0.157s][info][gc          ] GC(18) Pause Young (Concurrent Start) (G1 Humongous Allocation) 13M->11M(32M) 0.360ms
[2025-10-28T12:32:41.810+0000][0.157s][info][gc,cpu      ] GC(18) User=0.00s Sys=0.00s Real=0.00s
[2025-10-28T12:32:41.810+0000][0.157s][info][gc          ] GC(19) Concurrent Undo Cycle
[2025-10-28T12:32:41.810+0000][0.157s][info][gc,marking  ] GC(19) Concurrent Clear Claimed Marks
[2025-10-28T12:32:41.810+0000][0.157s][info][gc,marking  ] GC(19) Concurrent Clear Claimed Marks 0.006ms
[2025-10-28T12:32:41.810+0000][0.157s][info][gc,marking  ] GC(19) Concurrent Cleanup for Next Mark
[2025-10-28T12:32:41.810+0000][0.157s][info][gc,marking  ] GC(19) Concurrent Cleanup for Next Mark 0.070ms
[2025-10-28T12:32:41.810+0000][0.157s][info][gc          ] GC(19) Concurrent Undo Cycle 0.119ms
[2025-10-28T12:32:41.810+0000][0.157s][info][gc,start    ] GC(20) Pause Young (Concurrent Start) (G1 Humongous Allocation)
[2025-10-28T12:32:41.810+0000][0.157s][info][gc,task     ] GC(20) Using 2 workers of 3 for evacuation
[2025-10-28T12:32:41.810+0000][0.157s][info][gc,phases   ] GC(20)   Pre Evacuate Collection Set: 0.0ms
[2025-10-28T12:32:41.810+0000][0.157s][info][gc,phases   ] GC(20)   Merge Heap Roots: 0.0ms
[2025-10-28T12:32:41.810+0000][0.157s][info][gc,phases   ] GC(20)   Evacuate Collection Set: 0.1ms
[2025-10-28T12:32:41.810+0000][0.157s][info][gc,phases   ] GC(20)   Post Evacuate Collection Set: 0.1ms
[2025-10-28T12:32:41.810+0000][0.157s][info][gc,phases   ] GC(20)   Other: 0.0ms
[2025-10-28T12:32:41.810+0000][0.157s][info][gc,heap     ] GC(20) Eden regions: 0->0(8)
[2025-10-28T12:32:41.810+0000][0.157s][info][gc,heap     ] GC(20) Survivor regions: 1->1(2)
[2025-10-28T12:32:41.810+0000][0.158s][info][gc,heap     ] GC(20) Old regions: 2->2
[2025-10-28T12:32:41.810+0000][0.158s][info][gc,heap     ] GC(20) Humongous regions: 12->10
[2025-10-28T12:32:41.810+0000][0.158s][info][gc,metaspace] GC(20) Metaspace: 70K(320K)->70K(320K) NonClass: 67K(192K)->67K(192K) Class: 3K(128K)->3K(128K)
[2025-10-28T12:32:41.810+0000][0.158s][info][gc          ] GC(20) Pause Young (Concurrent Start) (G1 Humongous Allocation) 13M->11M(32M) 0.352ms
[2025-10-28T12:32:41.810+0000][0.158s][info][gc,cpu      ] GC(20) User=0.00s Sys=0.00s Real=0.00s
[2025-10-28T12:32:41.810+0000][0.158s][info][gc          ] GC(21) Concurrent Undo Cycle
[2025-10-28T12:32:41.810+0000][0.158s][info][gc,marking  ] GC(21) Concurrent Clear Claimed Marks
[2025-10-28T12:32:41.810+0000][0.158s][info][gc,marking  ] GC(21) Concurrent Clear Claimed Marks 0.006ms
[2025-10-28T12:32:41.810+0000][0.158s][info][gc,marking  ] GC(21) Concurrent Cleanup for Next Mark
[2025-10-28T12:32:41.810+0000][0.158s][info][gc,marking  ] GC(21) Concurrent Cleanup for Next Mark 0.086ms
[2025-10-28T12:32:41.810+0000][0.158s][info][gc          ] GC(21) Concurrent Undo Cycle 0.137ms
[2025-10-28T12:32:41.810+0000][0.158s][info][gc,start    ] GC(22) Pause Young (Concurrent Start) (G1 Humongous Allocation)
[2025-10-28T12:32:41.811+0000][0.158s][info][gc,task     ] GC(22) Using 2 workers of 3 for evacuation
[2025-10-28T12:32:41.811+0000][0.158s][info][gc,phases   ] GC(22)   Pre Evacuate Collection Set: 0.1ms
[2025-10-28T12:32:41.811+0000][0.158s][info][gc,phases   ] GC(22)   Merge Heap Roots: 0.0ms
[2025-10-28T12:32:41.811+0000][0.158s][info][gc,phases   ] GC(22)   Evacuate Collection Set: 0.1ms
[2025-10-28T12:32:41.811+0000][0.158s][info][gc,phases   ] GC(22)   Post Evacuate Collection Set: 0.1ms
[2025-10-28T12:32:41.811+0000][0.158s][info][gc,phases   ] GC(22)   Other: 0.1ms
[2025-10-28T12:32:41.811+0000][0.158s][info][gc,heap     ] GC(22) Eden regions: 0->0(8)
[2025-10-28T12:32:41.811+0000][0.158s][info][gc,heap     ] GC(22) Survivor regions: 1->1(2)
[2025-10-28T12:32:41.811+0000][0.158s][info][gc,heap     ] GC(22) Old regions: 2->2
[2025-10-28T12:32:41.811+0000][0.158s][info][gc,heap     ] GC(22) Humongous regions: 12->10
[2025-10-28T12:32:41.811+0000][0.158s][info][gc,metaspace] GC(22) Metaspace: 70K(320K)->70K(320K) NonClass: 67K(192K)->67K(192K) Class: 3K(128K)->3K(128K)
[2025-10-28T12:32:41.811+0000][0.158s][info][gc          ] GC(22) Pause Young (Concurrent Start) (G1 Humongous Allocation) 13M->11M(32M) 0.520ms
[2025-10-28T12:32:41.811+0000][0.158s][info][gc,cpu      ] GC(22) User=0.00s Sys=0.00s Real=0.00s
[2025-10-28T12:32:41.811+0000][0.158s][info][gc          ] GC(23) Concurrent Undo Cycle
[2025-10-28T12:32:41.811+0000][0.158s][info][gc,marking  ] GC(23) Concurrent Clear Claimed Marks
[2025-10-28T12:32:41.811+0000][0.158s][info][gc,marking  ] GC(23) Concurrent Clear Claimed Marks 0.006ms
[2025-10-28T12:32:41.811+0000][0.158s][info][gc,marking  ] GC(23) Concurrent Cleanup for Next Mark
[2025-10-28T12:32:41.811+0000][0.158s][info][gc,marking  ] GC(23) Concurrent Cleanup for Next Mark 0.071ms
[2025-10-28T12:32:41.811+0000][0.158s][info][gc          ] GC(23) Concurrent Undo Cycle 0.115ms
[2025-10-28T12:32:41.811+0000][0.159s][info][gc,start    ] GC(24) Pause Young (Concurrent Start) (G1 Humongous Allocation)
[2025-10-28T12:32:41.811+0000][0.159s][info][gc,task     ] GC(24) Using 2 workers of 3 for evacuation
[2025-10-28T12:32:41.812+0000][0.159s][info][gc,phases   ] GC(24)   Pre Evacuate Collection Set: 0.0ms
[2025-10-28T12:32:41.812+0000][0.159s][info][gc,phases   ] GC(24)   Merge Heap Roots: 0.0ms
[2025-10-28T12:32:41.812+0000][0.159s][info][gc,phases   ] GC(24)   Evacuate Collection Set: 0.6ms
[2025-10-28T12:32:41.812+0000][0.159s][info][gc,phases   ] GC(24)   Post Evacuate Collection Set: 0.0ms
[2025-10-28T12:32:41.812+0000][0.159s][info][gc,phases   ] GC(24)   Other: 0.1ms
[2025-10-28T12:32:41.812+0000][0.159s][info][gc,heap     ] GC(24) Eden regions: 0->0(8)
[2025-10-28T12:32:41.812+0000][0.159s][info][gc,heap     ] GC(24) Survivor regions: 1->1(2)
[2025-10-28T12:32:41.812+0000][0.159s][info][gc,heap     ] GC(24) Old regions: 2->2
[2025-10-28T12:32:41.812+0000][0.159s][info][gc,heap     ] GC(24) Humongous regions: 12->10
[2025-10-28T12:32:41.812+0000][0.159s][info][gc,metaspace] GC(24) Metaspace: 70K(320K)->70K(320K) NonClass: 67K(192K)->67K(192K) Class: 3K(128K)->3K(128K)
[2025-10-28T12:32:41.812+0000][0.159s][info][gc          ] GC(24) Pause Young (Concurrent Start) (G1 Humongous Allocation) 13M->11M(32M) 0.827ms
[2025-10-28T12:32:41.812+0000][0.159s][info][gc,cpu      ] GC(24) User=0.01s Sys=0.00s Real=0.00s
[2025-10-28T12:32:41.812+0000][0.159s][info][gc          ] GC(25) Concurrent Undo Cycle
[2025-10-28T12:32:41.812+0000][0.159s][info][gc,marking  ] GC(25) Concurrent Clear Claimed Marks
[2025-10-28T12:32:41.812+0000][0.160s][info][gc,marking  ] GC(25) Concurrent Clear Claimed Marks 0.006ms
[2025-10-28T12:32:41.812+0000][0.160s][info][gc,marking  ] GC(25) Concurrent Cleanup for Next Mark
[2025-10-28T12:32:41.812+0000][0.160s][info][gc,marking  ] GC(25) Concurrent Cleanup for Next Mark 0.074ms
[2025-10-28T12:32:41.812+0000][0.160s][info][gc          ] GC(25) Concurrent Undo Cycle 0.120ms
[2025-10-28T12:32:41.812+0000][0.160s][info][gc,start    ] GC(26) Pause Young (Concurrent Start) (G1 Humongous Allocation)
[2025-10-28T12:32:41.812+0000][0.160s][info][gc,task     ] GC(26) Using 2 workers of 3 for evacuation
[2025-10-28T12:32:41.813+0000][0.160s][info][gc,phases   ] GC(26)   Pre Evacuate Collection Set: 0.1ms
[2025-10-28T12:32:41.813+0000][0.160s][info][gc,phases   ] GC(26)   Merge Heap Roots: 0.0ms
[2025-10-28T12:32:41.813+0000][0.160s][info][gc,phases   ] GC(26)   Evacuate Collection Set: 0.2ms
[2025-10-28T12:32:41.813+0000][0.160s][info][gc,phases   ] GC(26)   Post Evacuate Collection Set: 0.2ms
[2025-10-28T12:32:41.813+0000][0.160s][info][gc,phases   ] GC(26)   Other: 0.1ms
[2025-10-28T12:32:41.813+0000][0.160s][info][gc,heap     ] GC(26) Eden regions: 0->0(8)
[2025-10-28T12:32:41.813+0000][0.160s][info][gc,heap     ] GC(26) Survivor regions: 1->1(2)
[2025-10-28T12:32:41.813+0000][0.160s][info][gc,heap     ] GC(26) Old regions: 2->2
[2025-10-28T12:32:41.813+0000][0.160s][info][gc,heap     ] GC(26) Humongous regions: 12->10
[2025-10-28T12:32:41.813+0000][0.160s][info][gc,metaspace] GC(26) Metaspace: 70K(320K)->70K(320K) NonClass: 67K(192K)->67K(192K) Class: 3K(128K)->3K(128K)
[2025-10-28T12:32:41.813+0000][0.160s][info][gc          ] GC(26) Pause Young (Concurrent Start) (G1 Humongous Allocation) 13M->11M(32M) 0.669ms
[2025-10-28T12:32:41.813+0000][0.160s][info][gc,cpu      ] GC(26) User=0.00s Sys=0.00s Real=0.00s
[2025-10-28T12:32:41.813+0000][0.160s][info][gc          ] GC(27) Concurrent Undo Cycle
[2025-10-28T12:32:41.813+0000][0.160s][info][gc,marking  ] GC(27) Concurrent Clear Claimed Marks
[2025-10-28T12:32:41.813+0000][0.160s][info][gc,marking  ] GC(27) Concurrent Clear Claimed Marks 0.006ms
[2025-10-28T12:32:41.813+0000][0.161s][info][gc,marking  ] GC(27) Concurrent Cleanup for Next Mark
[2025-10-28T12:32:41.813+0000][0.161s][info][gc,marking  ] GC(27) Concurrent Cleanup for Next Mark 0.065ms
[2025-10-28T12:32:41.813+0000][0.161s][info][gc          ] GC(27) Concurrent Undo Cycle 0.124ms
[2025-10-28T12:32:41.813+0000][0.161s][info][gc,start    ] GC(28) Pause Young (Concurrent Start) (G1 Humongous Allocation)
[2025-10-28T12:32:41.813+0000][0.161s][info][gc,task     ] GC(28) Using 2 workers of 3 for evacuation
[2025-10-28T12:32:41.814+0000][0.161s][info][gc,phases   ] GC(28)   Pre Evacuate Collection Set: 0.1ms
[2025-10-28T12:32:41.814+0000][0.161s][info][gc,phases   ] GC(28)   Merge Heap Roots: 0.0ms
[2025-10-28T12:32:41.814+0000][0.161s][info][gc,phases   ] GC(28)   Evacuate Collection Set: 0.2ms
[2025-10-28T12:32:41.814+0000][0.161s][info][gc,phases   ] GC(28)   Post Evacuate Collection Set: 0.1ms
[2025-10-28T12:32:41.814+0000][0.161s][info][gc,phases   ] GC(28)   Other: 0.1ms
[2025-10-28T12:32:41.814+0000][0.161s][info][gc,heap     ] GC(28) Eden regions: 0->0(8)
[2025-10-28T12:32:41.814+0000][0.161s][info][gc,heap     ] GC(28) Survivor regions: 1->1(2)
[2025-10-28T12:32:41.814+0000][0.161s][info][gc,heap     ] GC(28) Old regions: 2->2
[2025-10-28T12:32:41.814+0000][0.161s][info][gc,heap     ] GC(28) Humongous regions: 13->10
[2025-10-28T12:32:41.814+0000][0.161s][info][gc,metaspace] GC(28) Metaspace: 70K(320K)->70K(320K) NonClass: 67K(192K)->67K(192K) Class: 3K(128K)->3K(128K)
[2025-10-28T12:32:41.814+0000][0.161s][info][gc          ] GC(28) Pause Young (Concurrent Start) (G1 Humongous Allocation) 14M->11M(32M) 0.540ms
[2025-10-28T12:32:41.814+0000][0.161s][info][gc,cpu      ] GC(28) User=0.00s Sys=0.00s Real=0.00s
[2025-10-28T12:32:41.814+0000][0.161s][info][gc          ] GC(29) Concurrent Undo Cycle
[2025-10-28T12:32:41.814+0000][0.161s][info][gc,marking  ] GC(29) Concurrent Clear Claimed Marks
[2025-10-28T12:32:41.814+0000][0.161s][info][gc,marking  ] GC(29) Concurrent Clear Claimed Marks 0.005ms
[2025-10-28T12:32:41.814+0000][0.161s][info][gc,marking  ] GC(29) Concurrent Cleanup for Next Mark
[2025-10-28T12:32:41.814+0000][0.161s][info][gc,marking  ] GC(29) Concurrent Cleanup for Next Mark 0.061ms
[2025-10-28T12:32:41.814+0000][0.161s][info][gc          ] GC(29) Concurrent Undo Cycle 0.109ms
[2025-10-28T12:32:41.814+0000][0.161s][info][gc,start    ] GC(30) Pause Young (Concurrent Start) (G1 Humongous Allocation)
[2025-10-28T12:32:41.814+0000][0.161s][info][gc,task     ] GC(30) Using 2 workers of 3 for evacuation
[2025-10-28T12:32:41.815+0000][0.163s][info][gc,phases   ] GC(30)   Pre Evacuate Collection Set: 0.1ms
[2025-10-28T12:32:41.815+0000][0.163s][info][gc,phases   ] GC(30)   Merge Heap Roots: 0.1ms
[2025-10-28T12:32:41.815+0000][0.163s][info][gc,phases   ] GC(30)   Evacuate Collection Set: 0.7ms
[2025-10-28T12:32:41.815+0000][0.163s][info][gc,phases   ] GC(30)   Post Evacuate Collection Set: 0.1ms
[2025-10-28T12:32:41.815+0000][0.163s][info][gc,phases   ] GC(30)   Other: 0.2ms
[2025-10-28T12:32:41.815+0000][0.163s][info][gc,heap     ] GC(30) Eden regions: 0->0(8)
[2025-10-28T12:32:41.815+0000][0.163s][info][gc,heap     ] GC(30) Survivor regions: 1->0(2)
[2025-10-28T12:32:41.815+0000][0.163s][info][gc,heap     ] GC(30) Old regions: 2->3
[2025-10-28T12:32:41.815+0000][0.163s][info][gc,heap     ] GC(30) Humongous regions: 13->10
[2025-10-28T12:32:41.815+0000][0.163s][info][gc,metaspace] GC(30) Metaspace: 70K(320K)->70K(320K) NonClass: 67K(192K)->67K(192K) Class: 3K(128K)->3K(128K)
[2025-10-28T12:32:41.815+0000][0.163s][info][gc          ] GC(30) Pause Young (Concurrent Start) (G1 Humongous Allocation) 14M->11M(32M) 1.139ms
[2025-10-28T12:32:41.815+0000][0.163s][info][gc,cpu      ] GC(30) User=0.00s Sys=0.00s Real=0.00s
[2025-10-28T12:32:41.815+0000][0.163s][info][gc          ] GC(31) Concurrent Undo Cycle
[2025-10-28T12:32:41.815+0000][0.163s][info][gc,marking  ] GC(31) Concurrent Clear Claimed Marks
[2025-10-28T12:32:41.815+0000][0.163s][info][gc,marking  ] GC(31) Concurrent Clear Claimed Marks 0.006ms
[2025-10-28T12:32:41.815+0000][0.163s][info][gc,marking  ] GC(31) Concurrent Cleanup for Next Mark
[2025-10-28T12:32:41.815+0000][0.163s][info][gc,marking  ] GC(31) Concurrent Cleanup for Next Mark 0.067ms
[2025-10-28T12:32:41.815+0000][0.163s][info][gc          ] GC(31) Concurrent Undo Cycle 0.124ms
[2025-10-28T12:32:41.816+0000][0.163s][info][gc,start    ] GC(32) Pause Young (Concurrent Start) (G1 Humongous Allocation)
[2025-10-28T12:32:41.816+0000][0.163s][info][gc,task     ] GC(32) Using 2 workers of 3 for evacuation
[2025-10-28T12:32:41.816+0000][0.163s][info][gc,phases   ] GC(32)   Pre Evacuate Collection Set: 0.0ms
[2025-10-28T12:32:41.816+0000][0.163s][info][gc,phases   ] GC(32)   Merge Heap Roots: 0.0ms
[2025-10-28T12:32:41.816+0000][0.163s][info][gc,phases   ] GC(32)   Evacuate Collection Set: 0.4ms
[2025-10-28T12:32:41.816+0000][0.163s][info][gc,phases   ] GC(32)   Post Evacuate Collection Set: 0.1ms
[2025-10-28T12:32:41.816+0000][0.163s][info][gc,phases   ] GC(32)   Other: 0.1ms
[2025-10-28T12:32:41.816+0000][0.163s][info][gc,heap     ] GC(32) Eden regions: 0->0(8)
[2025-10-28T12:32:41.816+0000][0.163s][info][gc,heap     ] GC(32) Survivor regions: 0->0(1)
[2025-10-28T12:32:41.816+0000][0.163s][info][gc,heap     ] GC(32) Old regions: 3->3
[2025-10-28T12:32:41.816+0000][0.163s][info][gc,heap     ] GC(32) Humongous regions: 12->10
[2025-10-28T12:32:41.816+0000][0.163s][info][gc,metaspace] GC(32) Metaspace: 70K(320K)->70K(320K) NonClass: 67K(192K)->67K(192K) Class: 3K(128K)->3K(128K)
[2025-10-28T12:32:41.816+0000][0.164s][info][gc          ] GC(32) Pause Young (Concurrent Start) (G1 Humongous Allocation) 13M->11M(32M) 0.654ms
[2025-10-28T12:32:41.816+0000][0.164s][info][gc,cpu      ] GC(32) User=0.00s Sys=0.00s Real=0.00s
[2025-10-28T12:32:41.816+0000][0.164s][info][gc          ] GC(33) Concurrent Undo Cycle
[2025-10-28T12:32:41.816+0000][0.164s][info][gc,marking  ] GC(33) Concurrent Clear Claimed Marks
[2025-10-28T12:32:41.816+0000][0.164s][info][gc,marking  ] GC(33) Concurrent Clear Claimed Marks 0.006ms
[2025-10-28T12:32:41.816+0000][0.164s][info][gc,marking  ] GC(33) Concurrent Cleanup for Next Mark
[2025-10-28T12:32:41.816+0000][0.164s][info][gc,marking  ] GC(33) Concurrent Cleanup for Next Mark 0.171ms
[2025-10-28T12:32:41.816+0000][0.164s][info][gc          ] GC(33) Concurrent Undo Cycle 0.227ms
[2025-10-28T12:32:41.816+0000][0.164s][info][gc,start    ] GC(34) Pause Young (Concurrent Start) (G1 Humongous Allocation)
[2025-10-28T12:32:41.817+0000][0.164s][info][gc,task     ] GC(34) Using 2 workers of 3 for evacuation
[2025-10-28T12:32:41.817+0000][0.164s][info][gc,phases   ] GC(34)   Pre Evacuate Collection Set: 0.0ms
[2025-10-28T12:32:41.817+0000][0.164s][info][gc,phases   ] GC(34)   Merge Heap Roots: 0.0ms
[2025-10-28T12:32:41.817+0000][0.164s][info][gc,phases   ] GC(34)   Evacuate Collection Set: 0.1ms
[2025-10-28T12:32:41.817+0000][0.164s][info][gc,phases   ] GC(34)   Post Evacuate Collection Set: 0.1ms
[2025-10-28T12:32:41.817+0000][0.164s][info][gc,phases   ] GC(34)   Other: 0.0ms
[2025-10-28T12:32:41.817+0000][0.164s][info][gc,heap     ] GC(34) Eden regions: 0->0(8)
[2025-10-28T12:32:41.817+0000][0.164s][info][gc,heap     ] GC(34) Survivor regions: 0->0(1)
[2025-10-28T12:32:41.817+0000][0.164s][info][gc,heap     ] GC(34) Old regions: 3->3
[2025-10-28T12:32:41.817+0000][0.164s][info][gc,heap     ] GC(34) Humongous regions: 14->10
[2025-10-28T12:32:41.817+0000][0.164s][info][gc,metaspace] GC(34) Metaspace: 70K(320K)->70K(320K) NonClass: 67K(192K)->67K(192K) Class: 3K(128K)->3K(128K)
[2025-10-28T12:32:41.817+0000][0.164s][info][gc          ] GC(34) Pause Young (Concurrent Start) (G1 Humongous Allocation) 15M->11M(32M) 0.413ms
[2025-10-28T12:32:41.817+0000][0.164s][info][gc,cpu      ] GC(34) User=0.00s Sys=0.00s Real=0.00s
[2025-10-28T12:32:41.817+0000][0.164s][info][gc          ] GC(35) Concurrent Undo Cycle
[2025-10-28T12:32:41.817+0000][0.164s][info][gc,marking  ] GC(35) Concurrent Clear Claimed Marks
[2025-10-28T12:32:41.817+0000][0.164s][info][gc,marking  ] GC(35) Concurrent Clear Claimed Marks 0.005ms
[2025-10-28T12:32:41.817+0000][0.164s][info][gc,marking  ] GC(35) Concurrent Cleanup for Next Mark
[2025-10-28T12:32:41.817+0000][0.164s][info][gc,marking  ] GC(35) Concurrent Cleanup for Next Mark 0.051ms
[2025-10-28T12:32:41.817+0000][0.164s][info][gc          ] GC(35) Concurrent Undo Cycle 0.095ms
[2025-10-28T12:32:41.817+0000][0.164s][info][gc,start    ] GC(36) Pause Young (Concurrent Start) (G1 Humongous Allocation)
[2025-10-28T12:32:41.817+0000][0.165s][info][gc,task     ] GC(36) Using 2 workers of 3 for evacuation
[2025-10-28T12:32:41.818+0000][0.165s][info][gc,phases   ] GC(36)   Pre Evacuate Collection Set: 0.0ms
[2025-10-28T12:32:41.818+0000][0.165s][info][gc,phases   ] GC(36)   Merge Heap Roots: 0.0ms
[2025-10-28T12:32:41.818+0000][0.165s][info][gc,phases   ] GC(36)   Evacuate Collection Set: 0.3ms
[2025-10-28T12:32:41.818+0000][0.165s][info][gc,phases   ] GC(36)   Post Evacuate Collection Set: 0.1ms
[2025-10-28T12:32:41.818+0000][0.165s][info][gc,phases   ] GC(36)   Other: 0.0ms
[2025-10-28T12:32:41.818+0000][0.165s][info][gc,heap     ] GC(36) Eden regions: 0->0(8)
[2025-10-28T12:32:41.818+0000][0.165s][info][gc,heap     ] GC(36) Survivor regions: 0->0(1)
[2025-10-28T12:32:41.818+0000][0.165s][info][gc,heap     ] GC(36) Old regions: 3->3
[2025-10-28T12:32:41.818+0000][0.165s][info][gc,heap     ] GC(36) Humongous regions: 11->10
[2025-10-28T12:32:41.818+0000][0.165s][info][gc,metaspace] GC(36) Metaspace: 70K(320K)->70K(320K) NonClass: 67K(192K)->67K(192K) Class: 3K(128K)->3K(128K)
[2025-10-28T12:32:41.818+0000][0.165s][info][gc          ] GC(36) Pause Young (Concurrent Start) (G1 Humongous Allocation) 12M->11M(32M) 0.514ms
[2025-10-28T12:32:41.818+0000][0.165s][info][gc,cpu      ] GC(36) User=0.00s Sys=0.00s Real=0.00s
[2025-10-28T12:32:41.818+0000][0.165s][info][gc          ] GC(37) Concurrent Undo Cycle
[2025-10-28T12:32:41.818+0000][0.165s][info][gc,marking  ] GC(37) Concurrent Clear Claimed Marks
[2025-10-28T12:32:41.818+0000][0.165s][info][gc,marking  ] GC(37) Concurrent Clear Claimed Marks 0.005ms
[2025-10-28T12:32:41.818+0000][0.165s][info][gc,marking  ] GC(37) Concurrent Cleanup for Next Mark
[2025-10-28T12:32:41.818+0000][0.165s][info][gc,marking  ] GC(37) Concurrent Cleanup for Next Mark 0.053ms
[2025-10-28T12:32:41.818+0000][0.165s][info][gc          ] GC(37) Concurrent Undo Cycle 0.097ms
[2025-10-28T12:32:41.818+0000][0.165s][info][gc,start    ] GC(38) Pause Young (Concurrent Start) (G1 Humongous Allocation)
[2025-10-28T12:32:41.818+0000][0.165s][info][gc,task     ] GC(38) Using 2 workers of 3 for evacuation
[2025-10-28T12:32:41.818+0000][0.165s][info][gc,phases   ] GC(38)   Pre Evacuate Collection Set: 0.1ms
[2025-10-28T12:32:41.818+0000][0.165s][info][gc,phases   ] GC(38)   Merge Heap Roots: 0.0ms
[2025-10-28T12:32:41.818+0000][0.165s][info][gc,phases   ] GC(38)   Evacuate Collection Set: 0.0ms
[2025-10-28T12:32:41.818+0000][0.165s][info][gc,phases   ] GC(38)   Post Evacuate Collection Set: 0.0ms
[2025-10-28T12:32:41.818+0000][0.165s][info][gc,phases   ] GC(38)   Other: 0.0ms
[2025-10-28T12:32:41.818+0000][0.165s][info][gc,heap     ] GC(38) Eden regions: 0->0(8)
[2025-10-28T12:32:41.818+0000][0.165s][info][gc,heap     ] GC(38) Survivor regions: 0->0(1)
[2025-10-28T12:32:41.818+0000][0.166s][info][gc,heap     ] GC(38) Old regions: 3->3
[2025-10-28T12:32:41.818+0000][0.166s][info][gc,heap     ] GC(38) Humongous regions: 11->10
[2025-10-28T12:32:41.818+0000][0.166s][info][gc,metaspace] GC(38) Metaspace: 70K(320K)->70K(320K) NonClass: 67K(192K)->67K(192K) Class: 3K(128K)->3K(128K)
[2025-10-28T12:32:41.818+0000][0.166s][info][gc          ] GC(38) Pause Young (Concurrent Start) (G1 Humongous Allocation) 12M->11M(32M) 0.338ms
[2025-10-28T12:32:41.818+0000][0.166s][info][gc,cpu      ] GC(38) User=0.00s Sys=0.00s Real=0.00s
[2025-10-28T12:32:41.818+0000][0.166s][info][gc          ] GC(39) Concurrent Undo Cycle
[2025-10-28T12:32:41.818+0000][0.166s][info][gc,marking  ] GC(39) Concurrent Clear Claimed Marks
[2025-10-28T12:32:41.818+0000][0.166s][info][gc,marking  ] GC(39) Concurrent Clear Claimed Marks 0.006ms
[2025-10-28T12:32:41.818+0000][0.166s][info][gc,marking  ] GC(39) Concurrent Cleanup for Next Mark
[2025-10-28T12:32:41.818+0000][0.166s][info][gc,marking  ] GC(39) Concurrent Cleanup for Next Mark 0.061ms
[2025-10-28T12:32:41.818+0000][0.166s][info][gc          ] GC(39) Concurrent Undo Cycle 0.116ms
[2025-10-28T12:32:41.818+0000][0.166s][info][gc,start    ] GC(40) Pause Young (Concurrent Start) (G1 Humongous Allocation)
[2025-10-28T12:32:41.818+0000][0.166s][info][gc,task     ] GC(40) Using 2 workers of 3 for evacuation
[2025-10-28T12:32:41.819+0000][0.166s][info][gc,phases   ] GC(40)   Pre Evacuate Collection Set: 0.2ms
[2025-10-28T12:32:41.819+0000][0.166s][info][gc,phases   ] GC(40)   Merge Heap Roots: 0.1ms
[2025-10-28T12:32:41.819+0000][0.167s][info][gc,phases   ] GC(40)   Evacuate Collection Set: 0.4ms
[2025-10-28T12:32:41.819+0000][0.167s][info][gc,phases   ] GC(40)   Post Evacuate Collection Set: 0.0ms
[2025-10-28T12:32:41.819+0000][0.167s][info][gc,phases   ] GC(40)   Other: 0.1ms
[2025-10-28T12:32:41.819+0000][0.167s][info][gc,heap     ] GC(40) Eden regions: 0->0(8)
[2025-10-28T12:32:41.819+0000][0.167s][info][gc,heap     ] GC(40) Survivor regions: 0->0(1)
[2025-10-28T12:32:41.819+0000][0.167s][info][gc,heap     ] GC(40) Old regions: 3->3
[2025-10-28T12:32:41.819+0000][0.167s][info][gc,heap     ] GC(40) Humongous regions: 11->10
[2025-10-28T12:32:41.819+0000][0.167s][info][gc,metaspace] GC(40) Metaspace: 70K(320K)->70K(320K) NonClass: 67K(192K)->67K(192K) Class: 3K(128K)->3K(128K)
[2025-10-28T12:32:41.819+0000][0.167s][info][gc          ] GC(40) Pause Young (Concurrent Start) (G1 Humongous Allocation) 12M->11M(32M) 0.820ms
[2025-10-28T12:32:41.819+0000][0.167s][info][gc,cpu      ] GC(40) User=0.00s Sys=0.00s Real=0.00s
[2025-10-28T12:32:41.819+0000][0.167s][info][gc          ] GC(41) Concurrent Undo Cycle
[2025-10-28T12:32:41.819+0000][0.167s][info][gc,marking  ] GC(41) Concurrent Clear Claimed Marks
[2025-10-28T12:32:41.819+0000][0.167s][info][gc,marking  ] GC(41) Concurrent Clear Claimed Marks 0.004ms
[2025-10-28T12:32:41.819+0000][0.167s][info][gc,marking  ] GC(41) Concurrent Cleanup for Next Mark
[2025-10-28T12:32:41.819+0000][0.167s][info][gc,marking  ] GC(41) Concurrent Cleanup for Next Mark 0.056ms
[2025-10-28T12:32:41.819+0000][0.167s][info][gc          ] GC(41) Concurrent Undo Cycle 0.100ms
[2025-10-28T12:32:41.819+0000][0.167s][info][gc,start    ] GC(42) Pause Young (Concurrent Start) (G1 Humongous Allocation)
[2025-10-28T12:32:41.819+0000][0.167s][info][gc,task     ] GC(42) Using 2 workers of 3 for evacuation
[2025-10-28T12:32:41.820+0000][0.167s][info][gc,phases   ] GC(42)   Pre Evacuate Collection Set: 0.0ms
[2025-10-28T12:32:41.820+0000][0.167s][info][gc,phases   ] GC(42)   Merge Heap Roots: 0.0ms
[2025-10-28T12:32:41.820+0000][0.167s][info][gc,phases   ] GC(42)   Evacuate Collection Set: 0.3ms
[2025-10-28T12:32:41.820+0000][0.167s][info][gc,phases   ] GC(42)   Post Evacuate Collection Set: 0.1ms
[2025-10-28T12:32:41.820+0000][0.167s][info][gc,phases   ] GC(42)   Other: 0.1ms
[2025-10-28T12:32:41.820+0000][0.167s][info][gc,heap     ] GC(42) Eden regions: 0->0(8)
[2025-10-28T12:32:41.820+0000][0.167s][info][gc,heap     ] GC(42) Survivor regions: 0->0(1)
[2025-10-28T12:32:41.820+0000][0.167s][info][gc,heap     ] GC(42) Old regions: 3->3
[2025-10-28T12:32:41.820+0000][0.167s][info][gc,heap     ] GC(42) Humongous regions: 11->10
[2025-10-28T12:32:41.820+0000][0.167s][info][gc,metaspace] GC(42) Metaspace: 70K(320K)->70K(320K) NonClass: 67K(192K)->67K(192K) Class: 3K(128K)->3K(128K)
[2025-10-28T12:32:41.820+0000][0.167s][info][gc          ] GC(42) Pause Young (Concurrent Start) (G1 Humongous Allocation) 12M->11M(32M) 0.605ms
[2025-10-28T12:32:41.820+0000][0.167s][info][gc,cpu      ] GC(42) User=0.00s Sys=0.00s Real=0.00s
[2025-10-28T12:32:41.820+0000][0.167s][info][gc          ] GC(43) Concurrent Undo Cycle
[2025-10-28T12:32:41.820+0000][0.167s][info][gc,marking  ] GC(43) Concurrent Clear Claimed Marks
[2025-10-28T12:32:41.820+0000][0.167s][info][gc,marking  ] GC(43) Concurrent Clear Claimed Marks 0.010ms
[2025-10-28T12:32:41.820+0000][0.167s][info][gc,marking  ] GC(43) Concurrent Cleanup for Next Mark
[2025-10-28T12:32:41.820+0000][0.168s][info][gc,marking  ] GC(43) Concurrent Cleanup for Next Mark 0.077ms
[2025-10-28T12:32:41.820+0000][0.168s][info][gc          ] GC(43) Concurrent Undo Cycle 0.148ms
[2025-10-28T12:32:41.820+0000][0.168s][info][gc,start    ] GC(44) Pause Young (Concurrent Start) (G1 Humongous Allocation)
[2025-10-28T12:32:41.820+0000][0.168s][info][gc,task     ] GC(44) Using 2 workers of 3 for evacuation
[2025-10-28T12:32:41.821+0000][0.168s][info][gc,phases   ] GC(44)   Pre Evacuate Collection Set: 0.1ms
[2025-10-28T12:32:41.821+0000][0.168s][info][gc,phases   ] GC(44)   Merge Heap Roots: 0.0ms
[2025-10-28T12:32:41.821+0000][0.168s][info][gc,phases   ] GC(44)   Evacuate Collection Set: 0.1ms
[2025-10-28T12:32:41.821+0000][0.168s][info][gc,phases   ] GC(44)   Post Evacuate Collection Set: 0.1ms
[2025-10-28T12:32:41.821+0000][0.168s][info][gc,phases   ] GC(44)   Other: 0.0ms
[2025-10-28T12:32:41.821+0000][0.168s][info][gc,heap     ] GC(44) Eden regions: 0->0(8)
[2025-10-28T12:32:41.821+0000][0.168s][info][gc,heap     ] GC(44) Survivor regions: 0->0(1)
[2025-10-28T12:32:41.821+0000][0.168s][info][gc,heap     ] GC(44) Old regions: 3->3
[2025-10-28T12:32:41.821+0000][0.168s][info][gc,heap     ] GC(44) Humongous regions: 14->10
[2025-10-28T12:32:41.821+0000][0.168s][info][gc,metaspace] GC(44) Metaspace: 70K(320K)->70K(320K) NonClass: 67K(192K)->67K(192K) Class: 3K(128K)->3K(128K)
[2025-10-28T12:32:41.821+0000][0.168s][info][gc          ] GC(44) Pause Young (Concurrent Start) (G1 Humongous Allocation) 15M->11M(32M) 0.447ms
[2025-10-28T12:32:41.821+0000][0.168s][info][gc,cpu      ] GC(44) User=0.00s Sys=0.00s Real=0.00s
[2025-10-28T12:32:41.821+0000][0.168s][info][gc          ] GC(45) Concurrent Undo Cycle
[2025-10-28T12:32:41.821+0000][0.168s][info][gc,marking  ] GC(45) Concurrent Clear Claimed Marks
[2025-10-28T12:32:41.821+0000][0.168s][info][gc,marking  ] GC(45) Concurrent Clear Claimed Marks 0.006ms
[2025-10-28T12:32:41.821+0000][0.168s][info][gc,marking  ] GC(45) Concurrent Cleanup for Next Mark
[2025-10-28T12:32:41.821+0000][0.168s][info][gc,marking  ] GC(45) Concurrent Cleanup for Next Mark 0.072ms
[2025-10-28T12:32:41.821+0000][0.168s][info][gc          ] GC(45) Concurrent Undo Cycle 0.116ms
[2025-10-28T12:32:41.821+0000][0.168s][info][gc,start    ] GC(46) Pause Young (Concurrent Start) (G1 Humongous Allocation)
[2025-10-28T12:32:41.821+0000][0.168s][info][gc,task     ] GC(46) Using 2 workers of 3 for evacuation
[2025-10-28T12:32:41.821+0000][0.169s][info][gc,phases   ] GC(46)   Pre Evacuate Collection Set: 0.0ms
[2025-10-28T12:32:41.821+0000][0.169s][info][gc,phases   ] GC(46)   Merge Heap Roots: 0.0ms
[2025-10-28T12:32:41.821+0000][0.169s][info][gc,phases   ] GC(46)   Evacuate Collection Set: 0.3ms
[2025-10-28T12:32:41.822+0000][0.169s][info][gc,phases   ] GC(46)   Post Evacuate Collection Set: 0.0ms
[2025-10-28T12:32:41.822+0000][0.169s][info][gc,phases   ] GC(46)   Other: 0.1ms
[2025-10-28T12:32:41.822+0000][0.169s][info][gc,heap     ] GC(46) Eden regions: 0->0(8)
[2025-10-28T12:32:41.822+0000][0.169s][info][gc,heap     ] GC(46) Survivor regions: 0->0(1)
[2025-10-28T12:32:41.822+0000][0.169s][info][gc,heap     ] GC(46) Old regions: 3->3
[2025-10-28T12:32:41.822+0000][0.169s][info][gc,heap     ] GC(46) Humongous regions: 12->10
[2025-10-28T12:32:41.822+0000][0.169s][info][gc,metaspace] GC(46) Metaspace: 70K(320K)->70K(320K) NonClass: 67K(192K)->67K(192K) Class: 3K(128K)->3K(128K)
[2025-10-28T12:32:41.822+0000][0.169s][info][gc          ] GC(46) Pause Young (Concurrent Start) (G1 Humongous Allocation) 13M->11M(32M) 0.548ms
[2025-10-28T12:32:41.822+0000][0.169s][info][gc,cpu      ] GC(46) User=0.00s Sys=0.00s Real=0.00s
[2025-10-28T12:32:41.822+0000][0.169s][info][gc          ] GC(47) Concurrent Undo Cycle
[2025-10-28T12:32:41.822+0000][0.169s][info][gc,marking  ] GC(47) Concurrent Clear Claimed Marks
[2025-10-28T12:32:41.822+0000][0.169s][info][gc,marking  ] GC(47) Concurrent Clear Claimed Marks 0.006ms
[2025-10-28T12:32:41.822+0000][0.169s][info][gc,marking  ] GC(47) Concurrent Cleanup for Next Mark
[2025-10-28T12:32:41.822+0000][0.169s][info][gc,marking  ] GC(47) Concurrent Cleanup for Next Mark 0.052ms
[2025-10-28T12:32:41.822+0000][0.169s][info][gc          ] GC(47) Concurrent Undo Cycle 0.099ms
[2025-10-28T12:32:41.822+0000][0.169s][info][gc,start    ] GC(48) Pause Young (Concurrent Start) (G1 Humongous Allocation)
[2025-10-28T12:32:41.822+0000][0.169s][info][gc,task     ] GC(48) Using 2 workers of 3 for evacuation
[2025-10-28T12:32:41.822+0000][0.169s][info][gc,phases   ] GC(48)   Pre Evacuate Collection Set: 0.0ms
[2025-10-28T12:32:41.822+0000][0.169s][info][gc,phases   ] GC(48)   Merge Heap Roots: 0.0ms
[2025-10-28T12:32:41.822+0000][0.169s][info][gc,phases   ] GC(48)   Evacuate Collection Set: 0.0ms
[2025-10-28T12:32:41.822+0000][0.169s][info][gc,phases   ] GC(48)   Post Evacuate Collection Set: 0.1ms
[2025-10-28T12:32:41.822+0000][0.169s][info][gc,phases   ] GC(48)   Other: 0.0ms
[2025-10-28T12:32:41.822+0000][0.169s][info][gc,heap     ] GC(48) Eden regions: 0->0(8)
[2025-10-28T12:32:41.822+0000][0.169s][info][gc,heap     ] GC(48) Survivor regions: 0->0(1)
[2025-10-28T12:32:41.822+0000][0.169s][info][gc,heap     ] GC(48) Old regions: 3->3
[2025-10-28T12:32:41.822+0000][0.169s][info][gc,heap     ] GC(48) Humongous regions: 11->10
[2025-10-28T12:32:41.822+0000][0.169s][info][gc,metaspace] GC(48) Metaspace: 70K(320K)->70K(320K) NonClass: 67K(192K)->67K(192K) Class: 3K(128K)->3K(128K)
[2025-10-28T12:32:41.822+0000][0.169s][info][gc          ] GC(48) Pause Young (Concurrent Start) (G1 Humongous Allocation) 12M->11M(32M) 0.351ms
[2025-10-28T12:32:41.822+0000][0.169s][info][gc,cpu      ] GC(48) User=0.00s Sys=0.00s Real=0.00s
[2025-10-28T12:32:41.822+0000][0.169s][info][gc          ] GC(49) Concurrent Undo Cycle
[2025-10-28T12:32:41.822+0000][0.169s][info][gc,marking  ] GC(49) Concurrent Clear Claimed Marks
[2025-10-28T12:32:41.822+0000][0.170s][info][gc,marking  ] GC(49) Concurrent Clear Claimed Marks 0.006ms
[2025-10-28T12:32:41.822+0000][0.170s][info][gc,marking  ] GC(49) Concurrent Cleanup for Next Mark
[2025-10-28T12:32:41.822+0000][0.170s][info][gc,marking  ] GC(49) Concurrent Cleanup for Next Mark 0.059ms
[2025-10-28T12:32:41.822+0000][0.170s][info][gc          ] GC(49) Concurrent Undo Cycle 0.099ms
[2025-10-28T12:32:41.822+0000][0.170s][info][gc,start    ] GC(50) Pause Young (Concurrent Start) (G1 Humongous Allocation)
[2025-10-28T12:32:41.822+0000][0.170s][info][gc,task     ] GC(50) Using 2 workers of 3 for evacuation
[2025-10-28T12:32:41.823+0000][0.170s][info][gc,phases   ] GC(50)   Pre Evacuate Collection Set: 0.1ms
[2025-10-28T12:32:41.823+0000][0.170s][info][gc,phases   ] GC(50)   Merge Heap Roots: 0.0ms
[2025-10-28T12:32:41.823+0000][0.170s][info][gc,phases   ] GC(50)   Evacuate Collection Set: 0.1ms
[2025-10-28T12:32:41.823+0000][0.170s][info][gc,phases   ] GC(50)   Post Evacuate Collection Set: 0.0ms
[2025-10-28T12:32:41.823+0000][0.170s][info][gc,phases   ] GC(50)   Other: 0.1ms
[2025-10-28T12:32:41.823+0000][0.170s][info][gc,heap     ] GC(50) Eden regions: 0->0(8)
[2025-10-28T12:32:41.823+0000][0.170s][info][gc,heap     ] GC(50) Survivor regions: 0->0(1)
[2025-10-28T12:32:41.823+0000][0.170s][info][gc,heap     ] GC(50) Old regions: 3->3
[2025-10-28T12:32:41.823+0000][0.170s][info][gc,heap     ] GC(50) Humongous regions: 12->10
[2025-10-28T12:32:41.823+0000][0.170s][info][gc,metaspace] GC(50) Metaspace: 70K(320K)->70K(320K) NonClass: 67K(192K)->67K(192K) Class: 3K(128K)->3K(128K)
[2025-10-28T12:32:41.823+0000][0.170s][info][gc          ] GC(50) Pause Young (Concurrent Start) (G1 Humongous Allocation) 13M->11M(32M) 0.337ms
[2025-10-28T12:32:41.823+0000][0.170s][info][gc,cpu      ] GC(50) User=0.00s Sys=0.00s Real=0.00s
[2025-10-28T12:32:41.823+0000][0.170s][info][gc          ] GC(51) Concurrent Undo Cycle
[2025-10-28T12:32:41.823+0000][0.170s][info][gc,marking  ] GC(51) Concurrent Clear Claimed Marks
[2025-10-28T12:32:41.823+0000][0.170s][info][gc,marking  ] GC(51) Concurrent Clear Claimed Marks 0.004ms
[2025-10-28T12:32:41.823+0000][0.170s][info][gc,marking  ] GC(51) Concurrent Cleanup for Next Mark
[2025-10-28T12:32:41.823+0000][0.170s][info][gc,marking  ] GC(51) Concurrent Cleanup for Next Mark 0.057ms
[2025-10-28T12:32:41.823+0000][0.170s][info][gc          ] GC(51) Concurrent Undo Cycle 0.089ms
[2025-10-28T12:32:41.823+0000][0.170s][info][gc,start    ] GC(52) Pause Young (Concurrent Start) (G1 Humongous Allocation)
[2025-10-28T12:32:41.823+0000][0.170s][info][gc,task     ] GC(52) Using 2 workers of 3 for evacuation
[2025-10-28T12:32:41.824+0000][0.171s][info][gc,phases   ] GC(52)   Pre Evacuate Collection Set: 0.1ms
[2025-10-28T12:32:41.824+0000][0.171s][info][gc,phases   ] GC(52)   Merge Heap Roots: 0.0ms
[2025-10-28T12:32:41.824+0000][0.171s][info][gc,phases   ] GC(52)   Evacuate Collection Set: 0.5ms
[2025-10-28T12:32:41.824+0000][0.171s][info][gc,phases   ] GC(52)   Post Evacuate Collection Set: 0.1ms
[2025-10-28T12:32:41.824+0000][0.171s][info][gc,phases   ] GC(52)   Other: 0.1ms
[2025-10-28T12:32:41.824+0000][0.171s][info][gc,heap     ] GC(52) Eden regions: 0->0(8)
[2025-10-28T12:32:41.824+0000][0.171s][info][gc,heap     ] GC(52) Survivor regions: 0->0(1)
[2025-10-28T12:32:41.824+0000][0.171s][info][gc,heap     ] GC(52) Old regions: 3->3
[2025-10-28T12:32:41.824+0000][0.171s][info][gc,heap     ] GC(52) Humongous regions: 11->10
[2025-10-28T12:32:41.824+0000][0.171s][info][gc,metaspace] GC(52) Metaspace: 70K(320K)->70K(320K) NonClass: 67K(192K)->67K(192K) Class: 3K(128K)->3K(128K)
[2025-10-28T12:32:41.824+0000][0.171s][info][gc          ] GC(52) Pause Young (Concurrent Start) (G1 Humongous Allocation) 12M->11M(32M) 0.827ms
[2025-10-28T12:32:41.824+0000][0.171s][info][gc,cpu      ] GC(52) User=0.00s Sys=0.00s Real=0.00s
[2025-10-28T12:32:41.824+0000][0.171s][info][gc          ] GC(53) Concurrent Undo Cycle
[2025-10-28T12:32:41.824+0000][0.171s][info][gc,marking  ] GC(53) Concurrent Clear Claimed Marks
[2025-10-28T12:32:41.824+0000][0.171s][info][gc,marking  ] GC(53) Concurrent Clear Claimed Marks 0.006ms
[2025-10-28T12:32:41.824+0000][0.171s][info][gc,marking  ] GC(53) Concurrent Cleanup for Next Mark
[2025-10-28T12:32:41.824+0000][0.171s][info][gc,marking  ] GC(53) Concurrent Cleanup for Next Mark 0.062ms
[2025-10-28T12:32:41.824+0000][0.171s][info][gc          ] GC(53) Concurrent Undo Cycle 0.117ms
[2025-10-28T12:32:41.824+0000][0.171s][info][gc,start    ] GC(54) Pause Young (Concurrent Start) (G1 Humongous Allocation)
[2025-10-28T12:32:41.824+0000][0.171s][info][gc,task     ] GC(54) Using 2 workers of 3 for evacuation
[2025-10-28T12:32:41.825+0000][0.172s][info][gc,phases   ] GC(54)   Pre Evacuate Collection Set: 0.1ms
[2025-10-28T12:32:41.825+0000][0.172s][info][gc,phases   ] GC(54)   Merge Heap Roots: 0.1ms
[2025-10-28T12:32:41.825+0000][0.172s][info][gc,phases   ] GC(54)   Evacuate Collection Set: 0.5ms
[2025-10-28T12:32:41.825+0000][0.172s][info][gc,phases   ] GC(54)   Post Evacuate Collection Set: 0.1ms
[2025-10-28T12:32:41.825+0000][0.172s][info][gc,phases   ] GC(54)   Other: 0.1ms
[2025-10-28T12:32:41.825+0000][0.172s][info][gc,heap     ] GC(54) Eden regions: 0->0(8)
[2025-10-28T12:32:41.825+0000][0.172s][info][gc,heap     ] GC(54) Survivor regions: 0->0(1)
[2025-10-28T12:32:41.825+0000][0.172s][info][gc,heap     ] GC(54) Old regions: 3->3
[2025-10-28T12:32:41.825+0000][0.172s][info][gc,heap     ] GC(54) Humongous regions: 13->10
[2025-10-28T12:32:41.825+0000][0.172s][info][gc,metaspace] GC(54) Metaspace: 70K(320K)->70K(320K) NonClass: 67K(192K)->67K(192K) Class: 3K(128K)->3K(128K)
[2025-10-28T12:32:41.825+0000][0.172s][info][gc          ] GC(54) Pause Young (Concurrent Start) (G1 Humongous Allocation) 14M->11M(32M) 0.876ms
[2025-10-28T12:32:41.825+0000][0.172s][info][gc,cpu      ] GC(54) User=0.00s Sys=0.00s Real=0.00s
[2025-10-28T12:32:41.825+0000][0.172s][info][gc          ] GC(55) Concurrent Undo Cycle
[2025-10-28T12:32:41.825+0000][0.172s][info][gc,marking  ] GC(55) Concurrent Clear Claimed Marks
[2025-10-28T12:32:41.825+0000][0.172s][info][gc,marking  ] GC(55) Concurrent Clear Claimed Marks 0.005ms
[2025-10-28T12:32:41.825+0000][0.172s][info][gc,marking  ] GC(55) Concurrent Cleanup for Next Mark
[2025-10-28T12:32:41.825+0000][0.172s][info][gc,marking  ] GC(55) Concurrent Cleanup for Next Mark 0.048ms
[2025-10-28T12:32:41.825+0000][0.172s][info][gc          ] GC(55) Concurrent Undo Cycle 0.094ms
[2025-10-28T12:32:41.825+0000][0.173s][info][gc,start    ] GC(56) Pause Young (Concurrent Start) (G1 Humongous Allocation)
[2025-10-28T12:32:41.825+0000][0.173s][info][gc,task     ] GC(56) Using 2 workers of 3 for evacuation
[2025-10-28T12:32:41.826+0000][0.173s][info][gc,phases   ] GC(56)   Pre Evacuate Collection Set: 0.0ms
[2025-10-28T12:32:41.826+0000][0.173s][info][gc,phases   ] GC(56)   Merge Heap Roots: 0.0ms
[2025-10-28T12:32:41.826+0000][0.173s][info][gc,phases   ] GC(56)   Evacuate Collection Set: 0.1ms
[2025-10-28T12:32:41.826+0000][0.173s][info][gc,phases   ] GC(56)   Post Evacuate Collection Set: 0.1ms
[2025-10-28T12:32:41.826+0000][0.173s][info][gc,phases   ] GC(56)   Other: 0.0ms
[2025-10-28T12:32:41.826+0000][0.173s][info][gc,heap     ] GC(56) Eden regions: 0->0(8)
[2025-10-28T12:32:41.826+0000][0.173s][info][gc,heap     ] GC(56) Survivor regions: 0->0(1)
[2025-10-28T12:32:41.826+0000][0.173s][info][gc,heap     ] GC(56) Old regions: 3->3
[2025-10-28T12:32:41.826+0000][0.173s][info][gc,heap     ] GC(56) Humongous regions: 11->10
[2025-10-28T12:32:41.826+0000][0.173s][info][gc,metaspace] GC(56) Metaspace: 70K(320K)->70K(320K) NonClass: 67K(192K)->67K(192K) Class: 3K(128K)->3K(128K)
[2025-10-28T12:32:41.826+0000][0.173s][info][gc          ] GC(56) Pause Young (Concurrent Start) (G1 Humongous Allocation) 12M->11M(32M) 0.394ms
[2025-10-28T12:32:41.826+0000][0.173s][info][gc,cpu      ] GC(56) User=0.00s Sys=0.00s Real=0.00s
[2025-10-28T12:32:41.826+0000][0.173s][info][gc          ] GC(57) Concurrent Undo Cycle
[2025-10-28T12:32:41.826+0000][0.173s][info][gc,marking  ] GC(57) Concurrent Clear Claimed Marks
[2025-10-28T12:32:41.826+0000][0.173s][info][gc,marking  ] GC(57) Concurrent Clear Claimed Marks 0.007ms
[2025-10-28T12:32:41.826+0000][0.173s][info][gc,marking  ] GC(57) Concurrent Cleanup for Next Mark
[2025-10-28T12:32:41.826+0000][0.173s][info][gc,marking  ] GC(57) Concurrent Cleanup for Next Mark 0.054ms
[2025-10-28T12:32:41.826+0000][0.173s][info][gc          ] GC(57) Concurrent Undo Cycle 0.101ms
[2025-10-28T12:32:41.826+0000][0.173s][info][gc,start    ] GC(58) Pause Young (Concurrent Start) (G1 Humongous Allocation)
[2025-10-28T12:32:41.826+0000][0.173s][info][gc,task     ] GC(58) Using 2 workers of 3 for evacuation
[2025-10-28T12:32:41.826+0000][0.173s][info][gc,phases   ] GC(58)   Pre Evacuate Collection Set: 0.0ms
[2025-10-28T12:32:41.826+0000][0.173s][info][gc,phases   ] GC(58)   Merge Heap Roots: 0.0ms
[2025-10-28T12:32:41.826+0000][0.173s][info][gc,phases   ] GC(58)   Evacuate Collection Set: 0.1ms
[2025-10-28T12:32:41.826+0000][0.173s][info][gc,phases   ] GC(58)   Post Evacuate Collection Set: 0.1ms
[2025-10-28T12:32:41.826+0000][0.174s][info][gc,phases   ] GC(58)   Other: 0.0ms
[2025-10-28T12:32:41.826+0000][0.174s][info][gc,heap     ] GC(58) Eden regions: 0->0(8)
[2025-10-28T12:32:41.826+0000][0.174s][info][gc,heap     ] GC(58) Survivor regions: 0->0(1)
[2025-10-28T12:32:41.826+0000][0.174s][info][gc,heap     ] GC(58) Old regions: 3->3
[2025-10-28T12:32:41.826+0000][0.174s][info][gc,heap     ] GC(58) Humongous regions: 11->10
[2025-10-28T12:32:41.826+0000][0.174s][info][gc,metaspace] GC(58) Metaspace: 70K(320K)->70K(320K) NonClass: 67K(192K)->67K(192K) Class: 3K(128K)->3K(128K)
[2025-10-28T12:32:41.826+0000][0.174s][info][gc          ] GC(58) Pause Young (Concurrent Start) (G1 Humongous Allocation) 12M->11M(32M) 0.381ms
[2025-10-28T12:32:41.826+0000][0.174s][info][gc,cpu      ] GC(58) User=0.00s Sys=0.00s Real=0.00s
[2025-10-28T12:32:41.826+0000][0.174s][info][gc          ] GC(59) Concurrent Undo Cycle
[2025-10-28T12:32:41.826+0000][0.174s][info][gc,marking  ] GC(59) Concurrent Clear Claimed Marks
[2025-10-28T12:32:41.826+0000][0.174s][info][gc,marking  ] GC(59) Concurrent Clear Claimed Marks 0.005ms
[2025-10-28T12:32:41.826+0000][0.174s][info][gc,marking  ] GC(59) Concurrent Cleanup for Next Mark
[2025-10-28T12:32:41.826+0000][0.174s][info][gc,marking  ] GC(59) Concurrent Cleanup for Next Mark 0.109ms
[2025-10-28T12:32:41.826+0000][0.174s][info][gc          ] GC(59) Concurrent Undo Cycle 0.158ms
[2025-10-28T12:32:41.826+0000][0.174s][info][gc,start    ] GC(60) Pause Young (Concurrent Start) (G1 Humongous Allocation)
[2025-10-28T12:32:41.826+0000][0.174s][info][gc,task     ] GC(60) Using 2 workers of 3 for evacuation
[2025-10-28T12:32:41.827+0000][0.174s][info][gc,phases   ] GC(60)   Pre Evacuate Collection Set: 0.1ms
[2025-10-28T12:32:41.827+0000][0.174s][info][gc,phases   ] GC(60)   Merge Heap Roots: 0.1ms
[2025-10-28T12:32:41.827+0000][0.174s][info][gc,phases   ] GC(60)   Evacuate Collection Set: 0.1ms
[2025-10-28T12:32:41.827+0000][0.174s][info][gc,phases   ] GC(60)   Post Evacuate Collection Set: 0.1ms
[2025-10-28T12:32:41.827+0000][0.174s][info][gc,phases   ] GC(60)   Other: 0.1ms
[2025-10-28T12:32:41.827+0000][0.174s][info][gc,heap     ] GC(60) Eden regions: 0->0(8)
[2025-10-28T12:32:41.827+0000][0.174s][info][gc,heap     ] GC(60) Survivor regions: 0->0(1)
[2025-10-28T12:32:41.827+0000][0.174s][info][gc,heap     ] GC(60) Old regions: 3->3
[2025-10-28T12:32:41.827+0000][0.174s][info][gc,heap     ] GC(60) Humongous regions: 11->10
[2025-10-28T12:32:41.827+0000][0.174s][info][gc,metaspace] GC(60) Metaspace: 70K(320K)->70K(320K) NonClass: 67K(192K)->67K(192K) Class: 3K(128K)->3K(128K)
[2025-10-28T12:32:41.827+0000][0.174s][info][gc          ] GC(60) Pause Young (Concurrent Start) (G1 Humongous Allocation) 12M->11M(32M) 0.614ms
[2025-10-28T12:32:41.827+0000][0.174s][info][gc,cpu      ] GC(60) User=0.00s Sys=0.00s Real=0.00s
[2025-10-28T12:32:41.827+0000][0.174s][info][gc          ] GC(61) Concurrent Undo Cycle
[2025-10-28T12:32:41.827+0000][0.174s][info][gc,marking  ] GC(61) Concurrent Clear Claimed Marks
[2025-10-28T12:32:41.827+0000][0.174s][info][gc,marking  ] GC(61) Concurrent Clear Claimed Marks 0.006ms
[2025-10-28T12:32:41.827+0000][0.174s][info][gc,marking  ] GC(61) Concurrent Cleanup for Next Mark
[2025-10-28T12:32:41.827+0000][0.175s][info][gc,marking  ] GC(61) Concurrent Cleanup for Next Mark 0.059ms
[2025-10-28T12:32:41.827+0000][0.175s][info][gc          ] GC(61) Concurrent Undo Cycle 0.104ms
[2025-10-28T12:32:41.827+0000][0.175s][info][gc,start    ] GC(62) Pause Young (Concurrent Start) (G1 Humongous Allocation)
[2025-10-28T12:32:41.827+0000][0.175s][info][gc,task     ] GC(62) Using 2 workers of 3 for evacuation
[2025-10-28T12:32:41.828+0000][0.175s][info][gc,phases   ] GC(62)   Pre Evacuate Collection Set: 0.0ms
[2025-10-28T12:32:41.828+0000][0.175s][info][gc,phases   ] GC(62)   Merge Heap Roots: 0.0ms
[2025-10-28T12:32:41.828+0000][0.175s][info][gc,phases   ] GC(62)   Evacuate Collection Set: 0.3ms
[2025-10-28T12:32:41.828+0000][0.175s][info][gc,phases   ] GC(62)   Post Evacuate Collection Set: 0.1ms
[2025-10-28T12:32:41.828+0000][0.175s][info][gc,phases   ] GC(62)   Other: 0.1ms
[2025-10-28T12:32:41.828+0000][0.175s][info][gc,heap     ] GC(62) Eden regions: 0->0(8)
[2025-10-28T12:32:41.828+0000][0.175s][info][gc,heap     ] GC(62) Survivor regions: 0->0(1)
[2025-10-28T12:32:41.828+0000][0.175s][info][gc,heap     ] GC(62) Old regions: 3->3
[2025-10-28T12:32:41.828+0000][0.175s][info][gc,heap     ] GC(62) Humongous regions: 11->10
[2025-10-28T12:32:41.828+0000][0.175s][info][gc,metaspace] GC(62) Metaspace: 70K(320K)->70K(320K) NonClass: 67K(192K)->67K(192K) Class: 3K(128K)->3K(128K)
[2025-10-28T12:32:41.828+0000][0.175s][info][gc          ] GC(62) Pause Young (Concurrent Start) (G1 Humongous Allocation) 12M->11M(32M) 0.517ms
[2025-10-28T12:32:41.828+0000][0.175s][info][gc,cpu      ] GC(62) User=0.00s Sys=0.00s Real=0.00s
[2025-10-28T12:32:41.828+0000][0.175s][info][gc          ] GC(63) Concurrent Undo Cycle
[2025-10-28T12:32:41.828+0000][0.175s][info][gc,marking  ] GC(63) Concurrent Clear Claimed Marks
[2025-10-28T12:32:41.828+0000][0.175s][info][gc,marking  ] GC(63) Concurrent Clear Claimed Marks 0.006ms
[2025-10-28T12:32:41.828+0000][0.175s][info][gc,marking  ] GC(63) Concurrent Cleanup for Next Mark
[2025-10-28T12:32:41.828+0000][0.175s][info][gc,marking  ] GC(63) Concurrent Cleanup for Next Mark 0.056ms
[2025-10-28T12:32:41.828+0000][0.175s][info][gc          ] GC(63) Concurrent Undo Cycle 0.097ms
[2025-10-28T12:32:41.828+0000][0.175s][info][gc,start    ] GC(64) Pause Young (Concurrent Start) (G1 Humongous Allocation)
[2025-10-28T12:32:41.828+0000][0.175s][info][gc,task     ] GC(64) Using 2 workers of 3 for evacuation
[2025-10-28T12:32:41.828+0000][0.175s][info][gc,phases   ] GC(64)   Pre Evacuate Collection Set: 0.0ms
[2025-10-28T12:32:41.828+0000][0.175s][info][gc,phases   ] GC(64)   Merge Heap Roots: 0.0ms
[2025-10-28T12:32:41.828+0000][0.175s][info][gc,phases   ] GC(64)   Evacuate Collection Set: 0.0ms
[2025-10-28T12:32:41.828+0000][0.175s][info][gc,phases   ] GC(64)   Post Evacuate Collection Set: 0.0ms
[2025-10-28T12:32:41.828+0000][0.175s][info][gc,phases   ] GC(64)   Other: 0.0ms
[2025-10-28T12:32:41.828+0000][0.175s][info][gc,heap     ] GC(64) Eden regions: 0->0(8)
[2025-10-28T12:32:41.828+0000][0.175s][info][gc,heap     ] GC(64) Survivor regions: 0->0(1)
[2025-10-28T12:32:41.828+0000][0.175s][info][gc,heap     ] GC(64) Old regions: 3->3
[2025-10-28T12:32:41.828+0000][0.175s][info][gc,heap     ] GC(64) Humongous regions: 11->10
[2025-10-28T12:32:41.828+0000][0.175s][info][gc,metaspace] GC(64) Metaspace: 70K(320K)->70K(320K) NonClass: 67K(192K)->67K(192K) Class: 3K(128K)->3K(128K)
[2025-10-28T12:32:41.828+0000][0.175s][info][gc          ] GC(64) Pause Young (Concurrent Start) (G1 Humongous Allocation) 12M->11M(32M) 0.193ms
[2025-10-28T12:32:41.828+0000][0.176s][info][gc,cpu      ] GC(64) User=0.00s Sys=0.00s Real=0.00s
[2025-10-28T12:32:41.828+0000][0.176s][info][gc          ] GC(65) Concurrent Undo Cycle
[2025-10-28T12:32:41.828+0000][0.176s][info][gc,marking  ] GC(65) Concurrent Clear Claimed Marks
[2025-10-28T12:32:41.828+0000][0.176s][info][gc,marking  ] GC(65) Concurrent Clear Claimed Marks 0.007ms
[2025-10-28T12:32:41.828+0000][0.176s][info][gc,marking  ] GC(65) Concurrent Cleanup for Next Mark
[2025-10-28T12:32:41.828+0000][0.176s][info][gc,marking  ] GC(65) Concurrent Cleanup for Next Mark 0.053ms
[2025-10-28T12:32:41.828+0000][0.176s][info][gc          ] GC(65) Concurrent Undo Cycle 0.106ms
[2025-10-28T12:32:41.828+0000][0.176s][info][gc,start    ] GC(66) Pause Young (Concurrent Start) (G1 Humongous Allocation)
[2025-10-28T12:32:41.828+0000][0.176s][info][gc,task     ] GC(66) Using 2 workers of 3 for evacuation
[2025-10-28T12:32:41.829+0000][0.176s][info][gc,phases   ] GC(66)   Pre Evacuate Collection Set: 0.1ms
[2025-10-28T12:32:41.829+0000][0.176s][info][gc,phases   ] GC(66)   Merge Heap Roots: 0.0ms
[2025-10-28T12:32:41.829+0000][0.176s][info][gc,phases   ] GC(66)   Evacuate Collection Set: 0.3ms
[2025-10-28T12:32:41.829+0000][0.176s][info][gc,phases   ] GC(66)   Post Evacuate Collection Set: 0.1ms
[2025-10-28T12:32:41.829+0000][0.176s][info][gc,phases   ] GC(66)   Other: 0.1ms
[2025-10-28T12:32:41.829+0000][0.176s][info][gc,heap     ] GC(66) Eden regions: 0->0(8)
[2025-10-28T12:32:41.829+0000][0.176s][info][gc,heap     ] GC(66) Survivor regions: 0->0(1)
[2025-10-28T12:32:41.829+0000][0.176s][info][gc,heap     ] GC(66) Old regions: 3->3
[2025-10-28T12:32:41.829+0000][0.176s][info][gc,heap     ] GC(66) Humongous regions: 12->10
[2025-10-28T12:32:41.829+0000][0.176s][info][gc,metaspace] GC(66) Metaspace: 70K(320K)->70K(320K) NonClass: 67K(192K)->67K(192K) Class: 3K(128K)->3K(128K)
[2025-10-28T12:32:41.829+0000][0.176s][info][gc          ] GC(66) Pause Young (Concurrent Start) (G1 Humongous Allocation) 13M->11M(32M) 0.545ms
[2025-10-28T12:32:41.829+0000][0.176s][info][gc,cpu      ] GC(66) User=0.00s Sys=0.00s Real=0.00s
[2025-10-28T12:32:41.829+0000][0.176s][info][gc          ] GC(67) Concurrent Undo Cycle
[2025-10-28T12:32:41.829+0000][0.176s][info][gc,marking  ] GC(67) Concurrent Clear Claimed Marks
[2025-10-28T12:32:41.829+0000][0.176s][info][gc,marking  ] GC(67) Concurrent Clear Claimed Marks 0.006ms
[2025-10-28T12:32:41.829+0000][0.176s][info][gc,marking  ] GC(67) Concurrent Cleanup for Next Mark
[2025-10-28T12:32:41.829+0000][0.176s][info][gc,marking  ] GC(67) Concurrent Cleanup for Next Mark 0.043ms
[2025-10-28T12:32:41.829+0000][0.176s][info][gc          ] GC(67) Concurrent Undo Cycle 0.084ms
[2025-10-28T12:32:41.829+0000][0.176s][info][gc,start    ] GC(68) Pause Young (Concurrent Start) (G1 Humongous Allocation)
[2025-10-28T12:32:41.829+0000][0.176s][info][gc,task     ] GC(68) Using 2 workers of 3 for evacuation
[2025-10-28T12:32:41.829+0000][0.177s][info][gc,phases   ] GC(68)   Pre Evacuate Collection Set: 0.1ms
[2025-10-28T12:32:41.829+0000][0.177s][info][gc,phases   ] GC(68)   Merge Heap Roots: 0.0ms
[2025-10-28T12:32:41.829+0000][0.177s][info][gc,phases   ] GC(68)   Evacuate Collection Set: 0.1ms
[2025-10-28T12:32:41.829+0000][0.177s][info][gc,phases   ] GC(68)   Post Evacuate Collection Set: 0.0ms
[2025-10-28T12:32:41.829+0000][0.177s][info][gc,phases   ] GC(68)   Other: 0.1ms
[2025-10-28T12:32:41.829+0000][0.177s][info][gc,heap     ] GC(68) Eden regions: 0->0(8)
[2025-10-28T12:32:41.829+0000][0.177s][info][gc,heap     ] GC(68) Survivor regions: 0->0(1)
[2025-10-28T12:32:41.829+0000][0.177s][info][gc,heap     ] GC(68) Old regions: 3->3
[2025-10-28T12:32:41.829+0000][0.177s][info][gc,heap     ] GC(68) Humongous regions: 11->10
[2025-10-28T12:32:41.829+0000][0.177s][info][gc,metaspace] GC(68) Metaspace: 70K(320K)->70K(320K) NonClass: 67K(192K)->67K(192K) Class: 3K(128K)->3K(128K)
[2025-10-28T12:32:41.829+0000][0.177s][info][gc          ] GC(68) Pause Young (Concurrent Start) (G1 Humongous Allocation) 12M->11M(32M) 0.331ms
[2025-10-28T12:32:41.829+0000][0.177s][info][gc,cpu      ] GC(68) User=0.00s Sys=0.00s Real=0.00s
[2025-10-28T12:32:41.829+0000][0.177s][info][gc          ] GC(69) Concurrent Undo Cycle
[2025-10-28T12:32:41.829+0000][0.177s][info][gc,marking  ] GC(69) Concurrent Clear Claimed Marks
[2025-10-28T12:32:41.829+0000][0.177s][info][gc,marking  ] GC(69) Concurrent Clear Claimed Marks 0.005ms
[2025-10-28T12:32:41.829+0000][0.177s][info][gc,marking  ] GC(69) Concurrent Cleanup for Next Mark
[2025-10-28T12:32:41.829+0000][0.177s][info][gc,marking  ] GC(69) Concurrent Cleanup for Next Mark 0.049ms
[2025-10-28T12:32:41.830+0000][0.177s][info][gc          ] GC(69) Concurrent Undo Cycle 0.086ms
[2025-10-28T12:32:41.830+0000][0.177s][info][gc,start    ] GC(70) Pause Young (Concurrent Start) (G1 Humongous Allocation)
[2025-10-28T12:32:41.830+0000][0.177s][info][gc,task     ] GC(70) Using 2 workers of 3 for evacuation
[2025-10-28T12:32:41.830+0000][0.177s][info][gc,phases   ] GC(70)   Pre Evacuate Collection Set: 0.0ms
[2025-10-28T12:32:41.830+0000][0.177s][info][gc,phases   ] GC(70)   Merge Heap Roots: 0.0ms
[2025-10-28T12:32:41.830+0000][0.177s][info][gc,phases   ] GC(70)   Evacuate Collection Set: 0.1ms
[2025-10-28T12:32:41.830+0000][0.177s][info][gc,phases   ] GC(70)   Post Evacuate Collection Set: 0.0ms
[2025-10-28T12:32:41.830+0000][0.177s][info][gc,phases   ] GC(70)   Other: 0.1ms
[2025-10-28T12:32:41.830+0000][0.177s][info][gc,heap     ] GC(70) Eden regions: 0->0(8)
[2025-10-28T12:32:41.830+0000][0.177s][info][gc,heap     ] GC(70) Survivor regions: 0->0(1)
[2025-10-28T12:32:41.830+0000][0.177s][info][gc,heap     ] GC(70) Old regions: 3->3
[2025-10-28T12:32:41.830+0000][0.177s][info][gc,heap     ] GC(70) Humongous regions: 11->10
[2025-10-28T12:32:41.830+0000][0.177s][info][gc,metaspace] GC(70) Metaspace: 70K(320K)->70K(320K) NonClass: 67K(192K)->67K(192K) Class: 3K(128K)->3K(128K)
[2025-10-28T12:32:41.830+0000][0.177s][info][gc          ] GC(70) Pause Young (Concurrent Start) (G1 Humongous Allocation) 12M->11M(32M) 0.227ms
[2025-10-28T12:32:41.830+0000][0.177s][info][gc,cpu      ] GC(70) User=0.00s Sys=0.01s Real=0.00s
[2025-10-28T12:32:41.830+0000][0.177s][info][gc          ] GC(71) Concurrent Undo Cycle
[2025-10-28T12:32:41.830+0000][0.177s][info][gc,marking  ] GC(71) Concurrent Clear Claimed Marks
[2025-10-28T12:32:41.830+0000][0.177s][info][gc,marking  ] GC(71) Concurrent Clear Claimed Marks 0.004ms
[2025-10-28T12:32:41.830+0000][0.177s][info][gc,marking  ] GC(71) Concurrent Cleanup for Next Mark
[2025-10-28T12:32:41.830+0000][0.177s][info][gc,marking  ] GC(71) Concurrent Cleanup for Next Mark 0.048ms
[2025-10-28T12:32:41.830+0000][0.177s][info][gc          ] GC(71) Concurrent Undo Cycle 0.077ms
[2025-10-28T12:32:41.830+0000][0.177s][info][gc,start    ] GC(72) Pause Young (Concurrent Start) (G1 Humongous Allocation)
[2025-10-28T12:32:41.830+0000][0.177s][info][gc,task     ] GC(72) Using 2 workers of 3 for evacuation
[2025-10-28T12:32:41.830+0000][0.178s][info][gc,phases   ] GC(72)   Pre Evacuate Collection Set: 0.0ms
[2025-10-28T12:32:41.830+0000][0.178s][info][gc,phases   ] GC(72)   Merge Heap Roots: 0.0ms
[2025-10-28T12:32:41.830+0000][0.178s][info][gc,phases   ] GC(72)   Evacuate Collection Set: 0.1ms
[2025-10-28T12:32:41.830+0000][0.178s][info][gc,phases   ] GC(72)   Post Evacuate Collection Set: 0.1ms
[2025-10-28T12:32:41.830+0000][0.178s][info][gc,phases   ] GC(72)   Other: 0.0ms
[2025-10-28T12:32:41.830+0000][0.178s][info][gc,heap     ] GC(72) Eden regions: 0->0(8)
[2025-10-28T12:32:41.830+0000][0.178s][info][gc,heap     ] GC(72) Survivor regions: 0->0(1)
[2025-10-28T12:32:41.830+0000][0.178s][info][gc,heap     ] GC(72) Old regions: 3->3
[2025-10-28T12:32:41.830+0000][0.178s][info][gc,heap     ] GC(72) Humongous regions: 11->10
[2025-10-28T12:32:41.830+0000][0.178s][info][gc,metaspace] GC(72) Metaspace: 70K(320K)->70K(320K) NonClass: 67K(192K)->67K(192K) Class: 3K(128K)->3K(128K)
[2025-10-28T12:32:41.830+0000][0.178s][info][gc          ] GC(72) Pause Young (Concurrent Start) (G1 Humongous Allocation) 12M->11M(32M) 0.313ms
[2025-10-28T12:32:41.830+0000][0.178s][info][gc,cpu      ] GC(72) User=0.00s Sys=0.00s Real=0.00s
[2025-10-28T12:32:41.830+0000][0.178s][info][gc          ] GC(73) Concurrent Undo Cycle
[2025-10-28T12:32:41.830+0000][0.178s][info][gc,marking  ] GC(73) Concurrent Clear Claimed Marks
[2025-10-28T12:32:41.830+0000][0.178s][info][gc,marking  ] GC(73) Concurrent Clear Claimed Marks 0.003ms
[2025-10-28T12:32:41.830+0000][0.178s][info][gc,marking  ] GC(73) Concurrent Cleanup for Next Mark
[2025-10-28T12:32:41.830+0000][0.178s][info][gc,marking  ] GC(73) Concurrent Cleanup for Next Mark 0.042ms
[2025-10-28T12:32:41.830+0000][0.178s][info][gc          ] GC(73) Concurrent Undo Cycle 0.074ms
[2025-10-28T12:32:41.831+0000][0.178s][info][gc,start    ] GC(74) Pause Young (Concurrent Start) (G1 Humongous Allocation)
[2025-10-28T12:32:41.831+0000][0.178s][info][gc,task     ] GC(74) Using 2 workers of 3 for evacuation
[2025-10-28T12:32:41.831+0000][0.178s][info][gc,phases   ] GC(74)   Pre Evacuate Collection Set: 0.0ms
[2025-10-28T12:32:41.831+0000][0.178s][info][gc,phases   ] GC(74)   Merge Heap Roots: 0.0ms
[2025-10-28T12:32:41.831+0000][0.178s][info][gc,phases   ] GC(74)   Evacuate Collection Set: 0.4ms
[2025-10-28T12:32:41.831+0000][0.178s][info][gc,phases   ] GC(74)   Post Evacuate Collection Set: 0.0ms
[2025-10-28T12:32:41.831+0000][0.179s][info][gc,phases   ] GC(74)   Other: 0.1ms
[2025-10-28T12:32:41.831+0000][0.179s][info][gc,heap     ] GC(74) Eden regions: 0->0(8)
[2025-10-28T12:32:41.831+0000][0.179s][info][gc,heap     ] GC(74) Survivor regions: 0->0(1)
[2025-10-28T12:32:41.831+0000][0.179s][info][gc,heap     ] GC(74) Old regions: 3->3
[2025-10-28T12:32:41.831+0000][0.179s][info][gc,heap     ] GC(74) Humongous regions: 11->10
[2025-10-28T12:32:41.831+0000][0.179s][info][gc,metaspace] GC(74) Metaspace: 70K(320K)->70K(320K) NonClass: 67K(192K)->67K(192K) Class: 3K(128K)->3K(128K)
[2025-10-28T12:32:41.831+0000][0.179s][info][gc          ] GC(74) Pause Young (Concurrent Start) (G1 Humongous Allocation) 12M->11M(32M) 0.650ms
[2025-10-28T12:32:41.831+0000][0.179s][info][gc,cpu      ] GC(74) User=0.00s Sys=0.00s Real=0.00s
[2025-10-28T12:32:41.831+0000][0.179s][info][gc          ] GC(75) Concurrent Undo Cycle
[2025-10-28T12:32:41.831+0000][0.179s][info][gc,marking  ] GC(75) Concurrent Clear Claimed Marks
[2025-10-28T12:32:41.831+0000][0.179s][info][gc,marking  ] GC(75) Concurrent Clear Claimed Marks 0.007ms
[2025-10-28T12:32:41.831+0000][0.179s][info][gc,marking  ] GC(75) Concurrent Cleanup for Next Mark
[2025-10-28T12:32:41.831+0000][0.179s][info][gc,marking  ] GC(75) Concurrent Cleanup for Next Mark 0.058ms
[2025-10-28T12:32:41.831+0000][0.179s][info][gc          ] GC(75) Concurrent Undo Cycle 0.112ms
[2025-10-28T12:32:41.831+0000][0.179s][info][gc,start    ] GC(76) Pause Young (Concurrent Start) (G1 Humongous Allocation)
[2025-10-28T12:32:41.831+0000][0.179s][info][gc,task     ] GC(76) Using 2 workers of 3 for evacuation
[2025-10-28T12:32:41.832+0000][0.179s][info][gc,phases   ] GC(76)   Pre Evacuate Collection Set: 0.0ms
[2025-10-28T12:32:41.832+0000][0.179s][info][gc,phases   ] GC(76)   Merge Heap Roots: 0.0ms
[2025-10-28T12:32:41.832+0000][0.179s][info][gc,phases   ] GC(76)   Evacuate Collection Set: 0.1ms
[2025-10-28T12:32:41.832+0000][0.179s][info][gc,phases   ] GC(76)   Post Evacuate Collection Set: 0.0ms
[2025-10-28T12:32:41.832+0000][0.179s][info][gc,phases   ] GC(76)   Other: 0.0ms
[2025-10-28T12:32:41.832+0000][0.179s][info][gc,heap     ] GC(76) Eden regions: 0->0(8)
[2025-10-28T12:32:41.832+0000][0.179s][info][gc,heap     ] GC(76) Survivor regions: 0->0(1)
[2025-10-28T12:32:41.832+0000][0.179s][info][gc,heap     ] GC(76) Old regions: 3->3
[2025-10-28T12:32:41.832+0000][0.179s][info][gc,heap     ] GC(76) Humongous regions: 11->10
[2025-10-28T12:32:41.832+0000][0.179s][info][gc,metaspace] GC(76) Metaspace: 70K(320K)->70K(320K) NonClass: 67K(192K)->67K(192K) Class: 3K(128K)->3K(128K)
[2025-10-28T12:32:41.832+0000][0.179s][info][gc          ] GC(76) Pause Young (Concurrent Start) (G1 Humongous Allocation) 12M->11M(32M) 0.243ms
[2025-10-28T12:32:41.832+0000][0.179s][info][gc,cpu      ] GC(76) User=0.00s Sys=0.00s Real=0.00s
[2025-10-28T12:32:41.832+0000][0.179s][info][gc          ] GC(77) Concurrent Undo Cycle
[2025-10-28T12:32:41.832+0000][0.179s][info][gc,marking  ] GC(77) Concurrent Clear Claimed Marks
[2025-10-28T12:32:41.832+0000][0.179s][info][gc,marking  ] GC(77) Concurrent Clear Claimed Marks 0.006ms
[2025-10-28T12:32:41.832+0000][0.179s][info][gc,marking  ] GC(77) Concurrent Cleanup for Next Mark
[2025-10-28T12:32:41.832+0000][0.179s][info][gc,marking  ] GC(77) Concurrent Cleanup for Next Mark 0.062ms
[2025-10-28T12:32:41.832+0000][0.179s][info][gc          ] GC(77) Concurrent Undo Cycle 0.129ms
[2025-10-28T12:32:41.832+0000][0.179s][info][gc,start    ] GC(78) Pause Young (Concurrent Start) (G1 Humongous Allocation)
[2025-10-28T12:32:41.832+0000][0.179s][info][gc,task     ] GC(78) Using 2 workers of 3 for evacuation
[2025-10-28T12:32:41.832+0000][0.179s][info][gc,phases   ] GC(78)   Pre Evacuate Collection Set: 0.0ms
[2025-10-28T12:32:41.832+0000][0.179s][info][gc,phases   ] GC(78)   Merge Heap Roots: 0.0ms
[2025-10-28T12:32:41.832+0000][0.179s][info][gc,phases   ] GC(78)   Evacuate Collection Set: 0.1ms
[2025-10-28T12:32:41.832+0000][0.179s][info][gc,phases   ] GC(78)   Post Evacuate Collection Set: 0.0ms
[2025-10-28T12:32:41.832+0000][0.179s][info][gc,phases   ] GC(78)   Other: 0.0ms
[2025-10-28T12:32:41.832+0000][0.179s][info][gc,heap     ] GC(78) Eden regions: 0->0(8)
[2025-10-28T12:32:41.832+0000][0.179s][info][gc,heap     ] GC(78) Survivor regions: 0->0(1)
[2025-10-28T12:32:41.832+0000][0.179s][info][gc,heap     ] GC(78) Old regions: 3->3
[2025-10-28T12:32:41.832+0000][0.179s][info][gc,heap     ] GC(78) Humongous regions: 12->10
[2025-10-28T12:32:41.832+0000][0.179s][info][gc,metaspace] GC(78) Metaspace: 70K(320K)->70K(320K) NonClass: 67K(192K)->67K(192K) Class: 3K(128K)->3K(128K)
[2025-10-28T12:32:41.832+0000][0.179s][info][gc          ] GC(78) Pause Young (Concurrent Start) (G1 Humongous Allocation) 13M->11M(32M) 0.245ms
[2025-10-28T12:32:41.832+0000][0.179s][info][gc,cpu      ] GC(78) User=0.00s Sys=0.00s Real=0.00s
[2025-10-28T12:32:41.832+0000][0.179s][info][gc          ] GC(79) Concurrent Undo Cycle
[2025-10-28T12:32:41.832+0000][0.179s][info][gc,marking  ] GC(79) Concurrent Clear Claimed Marks
[2025-10-28T12:32:41.832+0000][0.180s][info][gc,marking  ] GC(79) Concurrent Clear Claimed Marks 0.004ms
[2025-10-28T12:32:41.832+0000][0.180s][info][gc,marking  ] GC(79) Concurrent Cleanup for Next Mark
[2025-10-28T12:32:41.832+0000][0.180s][info][gc,marking  ] GC(79) Concurrent Cleanup for Next Mark 0.054ms
[2025-10-28T12:32:41.832+0000][0.180s][info][gc          ] GC(79) Concurrent Undo Cycle 0.090ms
[2025-10-28T12:32:41.832+0000][0.180s][info][gc,start    ] GC(80) Pause Young (Concurrent Start) (G1 Humongous Allocation)
[2025-10-28T12:32:41.832+0000][0.180s][info][gc,task     ] GC(80) Using 2 workers of 3 for evacuation
[2025-10-28T12:32:41.833+0000][0.180s][info][gc,phases   ] GC(80)   Pre Evacuate Collection Set: 0.0ms
[2025-10-28T12:32:41.833+0000][0.180s][info][gc,phases   ] GC(80)   Merge Heap Roots: 0.0ms
[2025-10-28T12:32:41.833+0000][0.180s][info][gc,phases   ] GC(80)   Evacuate Collection Set: 0.3ms
[2025-10-28T12:32:41.833+0000][0.180s][info][gc,phases   ] GC(80)   Post Evacuate Collection Set: 0.1ms
[2025-10-28T12:32:41.833+0000][0.180s][info][gc,phases   ] GC(80)   Other: 0.0ms
[2025-10-28T12:32:41.833+0000][0.180s][info][gc,heap     ] GC(80) Eden regions: 0->0(8)
[2025-10-28T12:32:41.833+0000][0.180s][info][gc,heap     ] GC(80) Survivor regions: 0->0(1)
[2025-10-28T12:32:41.833+0000][0.180s][info][gc,heap     ] GC(80) Old regions: 3->3
[2025-10-28T12:32:41.833+0000][0.180s][info][gc,heap     ] GC(80) Humongous regions: 11->10
[2025-10-28T12:32:41.833+0000][0.180s][info][gc,metaspace] GC(80) Metaspace: 70K(320K)->70K(320K) NonClass: 67K(192K)->67K(192K) Class: 3K(128K)->3K(128K)
[2025-10-28T12:32:41.833+0000][0.180s][info][gc          ] GC(80) Pause Young (Concurrent Start) (G1 Humongous Allocation) 12M->11M(32M) 0.491ms
[2025-10-28T12:32:41.833+0000][0.180s][info][gc,cpu      ] GC(80) User=0.00s Sys=0.00s Real=0.00s
[2025-10-28T12:32:41.833+0000][0.180s][info][gc          ] GC(81) Concurrent Undo Cycle
[2025-10-28T12:32:41.833+0000][0.180s][info][gc,marking  ] GC(81) Concurrent Clear Claimed Marks
[2025-10-28T12:32:41.833+0000][0.180s][info][gc,marking  ] GC(81) Concurrent Clear Claimed Marks 0.004ms
[2025-10-28T12:32:41.833+0000][0.180s][info][gc,marking  ] GC(81) Concurrent Cleanup for Next Mark
[2025-10-28T12:32:41.833+0000][0.180s][info][gc,marking  ] GC(81) Concurrent Cleanup for Next Mark 0.042ms
[2025-10-28T12:32:41.833+0000][0.180s][info][gc          ] GC(81) Concurrent Undo Cycle 0.074ms
[2025-10-28T12:32:41.833+0000][0.180s][info][gc,start    ] GC(82) Pause Young (Concurrent Start) (G1 Humongous Allocation)
[2025-10-28T12:32:41.833+0000][0.180s][info][gc,task     ] GC(82) Using 2 workers of 3 for evacuation
[2025-10-28T12:32:41.833+0000][0.181s][info][gc,phases   ] GC(82)   Pre Evacuate Collection Set: 0.1ms
[2025-10-28T12:32:41.833+0000][0.181s][info][gc,phases   ] GC(82)   Merge Heap Roots: 0.0ms
[2025-10-28T12:32:41.833+0000][0.181s][info][gc,phases   ] GC(82)   Evacuate Collection Set: 0.3ms
[2025-10-28T12:32:41.833+0000][0.181s][info][gc,phases   ] GC(82)   Post Evacuate Collection Set: 0.0ms
[2025-10-28T12:32:41.833+0000][0.181s][info][gc,phases   ] GC(82)   Other: 0.1ms
[2025-10-28T12:32:41.833+0000][0.181s][info][gc,heap     ] GC(82) Eden regions: 0->0(8)
[2025-10-28T12:32:41.833+0000][0.181s][info][gc,heap     ] GC(82) Survivor regions: 0->0(1)
[2025-10-28T12:32:41.833+0000][0.181s][info][gc,heap     ] GC(82) Old regions: 3->3
[2025-10-28T12:32:41.833+0000][0.181s][info][gc,heap     ] GC(82) Humongous regions: 11->10
[2025-10-28T12:32:41.833+0000][0.181s][info][gc,metaspace] GC(82) Metaspace: 70K(320K)->70K(320K) NonClass: 67K(192K)->67K(192K) Class: 3K(128K)->3K(128K)
[2025-10-28T12:32:41.833+0000][0.181s][info][gc          ] GC(82) Pause Young (Concurrent Start) (G1 Humongous Allocation) 12M->11M(32M) 0.562ms
[2025-10-28T12:32:41.834+0000][0.181s][info][gc,cpu      ] GC(82) User=0.00s Sys=0.00s Real=0.00s
[2025-10-28T12:32:41.834+0000][0.181s][info][gc          ] GC(83) Concurrent Undo Cycle
[2025-10-28T12:32:41.834+0000][0.181s][info][gc,marking  ] GC(83) Concurrent Clear Claimed Marks
[2025-10-28T12:32:41.834+0000][0.181s][info][gc,marking  ] GC(83) Concurrent Clear Claimed Marks 0.003ms
[2025-10-28T12:32:41.834+0000][0.181s][info][gc,marking  ] GC(83) Concurrent Cleanup for Next Mark
[2025-10-28T12:32:41.834+0000][0.181s][info][gc,marking  ] GC(83) Concurrent Cleanup for Next Mark 0.066ms
[2025-10-28T12:32:41.834+0000][0.181s][info][gc          ] GC(83) Concurrent Undo Cycle 0.098ms
[2025-10-28T12:32:41.834+0000][0.181s][info][gc,start    ] GC(84) Pause Young (Concurrent Start) (G1 Humongous Allocation)
[2025-10-28T12:32:41.834+0000][0.181s][info][gc,task     ] GC(84) Using 2 workers of 3 for evacuation
[2025-10-28T12:32:41.834+0000][0.182s][info][gc,phases   ] GC(84)   Pre Evacuate Collection Set: 0.0ms
[2025-10-28T12:32:41.834+0000][0.182s][info][gc,phases   ] GC(84)   Merge Heap Roots: 0.1ms
[2025-10-28T12:32:41.834+0000][0.182s][info][gc,phases   ] GC(84)   Evacuate Collection Set: 0.3ms
[2025-10-28T12:32:41.834+0000][0.182s][info][gc,phases   ] GC(84)   Post Evacuate Collection Set: 0.1ms
[2025-10-28T12:32:41.834+0000][0.182s][info][gc,phases   ] GC(84)   Other: 0.1ms
[2025-10-28T12:32:41.834+0000][0.182s][info][gc,heap     ] GC(84) Eden regions: 0->0(8)
[2025-10-28T12:32:41.834+0000][0.182s][info][gc,heap     ] GC(84) Survivor regions: 0->0(1)
[2025-10-28T12:32:41.834+0000][0.182s][info][gc,heap     ] GC(84) Old regions: 3->3
[2025-10-28T12:32:41.834+0000][0.182s][info][gc,heap     ] GC(84) Humongous regions: 12->10
[2025-10-28T12:32:41.834+0000][0.182s][info][gc,metaspace] GC(84) Metaspace: 70K(320K)->70K(320K) NonClass: 67K(192K)->67K(192K) Class: 3K(128K)->3K(128K)
[2025-10-28T12:32:41.834+0000][0.182s][info][gc          ] GC(84) Pause Young (Concurrent Start) (G1 Humongous Allocation) 13M->11M(32M) 0.548ms
[2025-10-28T12:32:41.834+0000][0.182s][info][gc,cpu      ] GC(84) User=0.00s Sys=0.00s Real=0.00s
[2025-10-28T12:32:41.834+0000][0.182s][info][gc          ] GC(85) Concurrent Undo Cycle
[2025-10-28T12:32:41.834+0000][0.182s][info][gc,marking  ] GC(85) Concurrent Clear Claimed Marks
[2025-10-28T12:32:41.834+0000][0.182s][info][gc,marking  ] GC(85) Concurrent Clear Claimed Marks 0.004ms
[2025-10-28T12:32:41.834+0000][0.182s][info][gc,marking  ] GC(85) Concurrent Cleanup for Next Mark
[2025-10-28T12:32:41.834+0000][0.182s][info][gc,marking  ] GC(85) Concurrent Cleanup for Next Mark 0.052ms
[2025-10-28T12:32:41.834+0000][0.182s][info][gc          ] GC(85) Concurrent Undo Cycle 0.137ms
[2025-10-28T12:32:41.835+0000][0.182s][info][gc,start    ] GC(86) Pause Young (Concurrent Start) (G1 Humongous Allocation)
[2025-10-28T12:32:41.835+0000][0.182s][info][gc,task     ] GC(86) Using 2 workers of 3 for evacuation
[2025-10-28T12:32:41.835+0000][0.182s][info][gc,phases   ] GC(86)   Pre Evacuate Collection Set: 0.0ms
[2025-10-28T12:32:41.835+0000][0.182s][info][gc,phases   ] GC(86)   Merge Heap Roots: 0.0ms
[2025-10-28T12:32:41.835+0000][0.182s][info][gc,phases   ] GC(86)   Evacuate Collection Set: 0.3ms
[2025-10-28T12:32:41.835+0000][0.182s][info][gc,phases   ] GC(86)   Post Evacuate Collection Set: 0.1ms
[2025-10-28T12:32:41.835+0000][0.182s][info][gc,phases   ] GC(86)   Other: 0.1ms
[2025-10-28T12:32:41.835+0000][0.182s][info][gc,heap     ] GC(86) Eden regions: 0->0(8)
[2025-10-28T12:32:41.835+0000][0.182s][info][gc,heap     ] GC(86) Survivor regions: 0->0(1)
[2025-10-28T12:32:41.835+0000][0.182s][info][gc,heap     ] GC(86) Old regions: 3->3
[2025-10-28T12:32:41.835+0000][0.182s][info][gc,heap     ] GC(86) Humongous regions: 12->10
[2025-10-28T12:32:41.835+0000][0.182s][info][gc,metaspace] GC(86) Metaspace: 70K(320K)->70K(320K) NonClass: 67K(192K)->67K(192K) Class: 3K(128K)->3K(128K)
[2025-10-28T12:32:41.835+0000][0.182s][info][gc          ] GC(86) Pause Young (Concurrent Start) (G1 Humongous Allocation) 13M->11M(32M) 0.554ms
[2025-10-28T12:32:41.835+0000][0.182s][info][gc,cpu      ] GC(86) User=0.00s Sys=0.00s Real=0.00s
[2025-10-28T12:32:41.835+0000][0.183s][info][gc          ] GC(87) Concurrent Undo Cycle
[2025-10-28T12:32:41.835+0000][0.183s][info][gc,marking  ] GC(87) Concurrent Clear Claimed Marks
[2025-10-28T12:32:41.835+0000][0.183s][info][gc,marking  ] GC(87) Concurrent Clear Claimed Marks 0.004ms
[2025-10-28T12:32:41.835+0000][0.183s][info][gc,marking  ] GC(87) Concurrent Cleanup for Next Mark
[2025-10-28T12:32:41.835+0000][0.183s][info][gc,marking  ] GC(87) Concurrent Cleanup for Next Mark 0.050ms
[2025-10-28T12:32:41.835+0000][0.183s][info][gc          ] GC(87) Concurrent Undo Cycle 0.082ms
[2025-10-28T12:32:41.835+0000][0.183s][info][gc,start    ] GC(88) Pause Young (Concurrent Start) (G1 Humongous Allocation)
[2025-10-28T12:32:41.835+0000][0.183s][info][gc,task     ] GC(88) Using 2 workers of 3 for evacuation
[2025-10-28T12:32:41.836+0000][0.183s][info][gc,phases   ] GC(88)   Pre Evacuate Collection Set: 0.2ms
[2025-10-28T12:32:41.836+0000][0.183s][info][gc,phases   ] GC(88)   Merge Heap Roots: 0.0ms
[2025-10-28T12:32:41.836+0000][0.183s][info][gc,phases   ] GC(88)   Evacuate Collection Set: 0.1ms
[2025-10-28T12:32:41.836+0000][0.183s][info][gc,phases   ] GC(88)   Post Evacuate Collection Set: 0.1ms
[2025-10-28T12:32:41.836+0000][0.183s][info][gc,phases   ] GC(88)   Other: 0.1ms
[2025-10-28T12:32:41.836+0000][0.183s][info][gc,heap     ] GC(88) Eden regions: 0->0(8)
[2025-10-28T12:32:41.836+0000][0.183s][info][gc,heap     ] GC(88) Survivor regions: 0->0(1)
[2025-10-28T12:32:41.836+0000][0.183s][info][gc,heap     ] GC(88) Old regions: 3->3
[2025-10-28T12:32:41.836+0000][0.183s][info][gc,heap     ] GC(88) Humongous regions: 11->10
[2025-10-28T12:32:41.836+0000][0.183s][info][gc,metaspace] GC(88) Metaspace: 70K(320K)->70K(320K) NonClass: 67K(192K)->67K(192K) Class: 3K(128K)->3K(128K)
[2025-10-28T12:32:41.836+0000][0.183s][info][gc          ] GC(88) Pause Young (Concurrent Start) (G1 Humongous Allocation) 12M->11M(32M) 0.519ms
[2025-10-28T12:32:41.836+0000][0.183s][info][gc,cpu      ] GC(88) User=0.00s Sys=0.00s Real=0.00s
[2025-10-28T12:32:41.836+0000][0.183s][info][gc          ] GC(89) Concurrent Undo Cycle
[2025-10-28T12:32:41.836+0000][0.183s][info][gc,marking  ] GC(89) Concurrent Clear Claimed Marks
[2025-10-28T12:32:41.836+0000][0.183s][info][gc,marking  ] GC(89) Concurrent Clear Claimed Marks 0.006ms
[2025-10-28T12:32:41.836+0000][0.183s][info][gc,marking  ] GC(89) Concurrent Cleanup for Next Mark
[2025-10-28T12:32:41.836+0000][0.183s][info][gc,marking  ] GC(89) Concurrent Cleanup for Next Mark 0.061ms
[2025-10-28T12:32:41.836+0000][0.183s][info][gc          ] GC(89) Concurrent Undo Cycle 0.104ms
[2025-10-28T12:32:41.836+0000][0.183s][info][gc,start    ] GC(90) Pause Young (Concurrent Start) (G1 Humongous Allocation)
[2025-10-28T12:32:41.836+0000][0.183s][info][gc,task     ] GC(90) Using 2 workers of 3 for evacuation
[2025-10-28T12:32:41.837+0000][0.184s][info][gc,phases   ] GC(90)   Pre Evacuate Collection Set: 0.1ms
[2025-10-28T12:32:41.837+0000][0.184s][info][gc,phases   ] GC(90)   Merge Heap Roots: 0.0ms
[2025-10-28T12:32:41.837+0000][0.184s][info][gc,phases   ] GC(90)   Evacuate Collection Set: 0.3ms
[2025-10-28T12:32:41.837+0000][0.184s][info][gc,phases   ] GC(90)   Post Evacuate Collection Set: 0.1ms
[2025-10-28T12:32:41.837+0000][0.184s][info][gc,phases   ] GC(90)   Other: 0.1ms
[2025-10-28T12:32:41.837+0000][0.184s][info][gc,heap     ] GC(90) Eden regions: 0->0(8)
[2025-10-28T12:32:41.837+0000][0.184s][info][gc,heap     ] GC(90) Survivor regions: 0->0(1)
[2025-10-28T12:32:41.837+0000][0.184s][info][gc,heap     ] GC(90) Old regions: 3->3
[2025-10-28T12:32:41.837+0000][0.184s][info][gc,heap     ] GC(90) Humongous regions: 11->10
[2025-10-28T12:32:41.837+0000][0.184s][info][gc,metaspace] GC(90) Metaspace: 70K(320K)->70K(320K) NonClass: 67K(192K)->67K(192K) Class: 3K(128K)->3K(128K)
[2025-10-28T12:32:41.837+0000][0.184s][info][gc          ] GC(90) Pause Young (Concurrent Start) (G1 Humongous Allocation) 12M->11M(32M) 0.625ms
[2025-10-28T12:32:41.837+0000][0.184s][info][gc,cpu      ] GC(90) User=0.00s Sys=0.00s Real=0.00s
[2025-10-28T12:32:41.837+0000][0.184s][info][gc          ] GC(91) Concurrent Undo Cycle
[2025-10-28T12:32:41.837+0000][0.184s][info][gc,marking  ] GC(91) Concurrent Clear Claimed Marks
[2025-10-28T12:32:41.837+0000][0.184s][info][gc,marking  ] GC(91) Concurrent Clear Claimed Marks 0.006ms
[2025-10-28T12:32:41.837+0000][0.184s][info][gc,marking  ] GC(91) Concurrent Cleanup for Next Mark
[2025-10-28T12:32:41.837+0000][0.184s][info][gc,marking  ] GC(91) Concurrent Cleanup for Next Mark 0.149ms
[2025-10-28T12:32:41.837+0000][0.184s][info][gc          ] GC(91) Concurrent Undo Cycle 0.207ms
[2025-10-28T12:32:41.837+0000][0.184s][info][gc,start    ] GC(92) Pause Young (Concurrent Start) (G1 Humongous Allocation)
[2025-10-28T12:32:41.837+0000][0.184s][info][gc,task     ] GC(92) Using 2 workers of 3 for evacuation
[2025-10-28T12:32:41.838+0000][0.185s][info][gc,phases   ] GC(92)   Pre Evacuate Collection Set: 0.1ms
[2025-10-28T12:32:41.838+0000][0.185s][info][gc,phases   ] GC(92)   Merge Heap Roots: 0.0ms
[2025-10-28T12:32:41.838+0000][0.185s][info][gc,phases   ] GC(92)   Evacuate Collection Set: 0.3ms
[2025-10-28T12:32:41.838+0000][0.185s][info][gc,phases   ] GC(92)   Post Evacuate Collection Set: 0.0ms
[2025-10-28T12:32:41.838+0000][0.185s][info][gc,phases   ] GC(92)   Other: 0.1ms
[2025-10-28T12:32:41.838+0000][0.185s][info][gc,heap     ] GC(92) Eden regions: 0->0(8)
[2025-10-28T12:32:41.838+0000][0.185s][info][gc,heap     ] GC(92) Survivor regions: 0->0(1)
[2025-10-28T12:32:41.838+0000][0.185s][info][gc,heap     ] GC(92) Old regions: 3->3
[2025-10-28T12:32:41.838+0000][0.185s][info][gc,heap     ] GC(92) Humongous regions: 11->10
[2025-10-28T12:32:41.838+0000][0.185s][info][gc,metaspace] GC(92) Metaspace: 70K(320K)->70K(320K) NonClass: 67K(192K)->67K(192K) Class: 3K(128K)->3K(128K)
[2025-10-28T12:32:41.838+0000][0.185s][info][gc          ] GC(92) Pause Young (Concurrent Start) (G1 Humongous Allocation) 12M->11M(32M) 0.641ms
[2025-10-28T12:32:41.838+0000][0.185s][info][gc,cpu      ] GC(92) User=0.01s Sys=0.00s Real=0.00s
[2025-10-28T12:32:41.838+0000][0.185s][info][gc          ] GC(93) Concurrent Undo Cycle
[2025-10-28T12:32:41.838+0000][0.185s][info][gc,marking  ] GC(93) Concurrent Clear Claimed Marks
[2025-10-28T12:32:41.838+0000][0.185s][info][gc,marking  ] GC(93) Concurrent Clear Claimed Marks 0.005ms
[2025-10-28T12:32:41.838+0000][0.185s][info][gc,marking  ] GC(93) Concurrent Cleanup for Next Mark
[2025-10-28T12:32:41.838+0000][0.185s][info][gc,marking  ] GC(93) Concurrent Cleanup for Next Mark 0.211ms
[2025-10-28T12:32:41.838+0000][0.185s][info][gc          ] GC(93) Concurrent Undo Cycle 0.265ms
[2025-10-28T12:32:41.838+0000][0.186s][info][gc,start    ] GC(94) Pause Young (Concurrent Start) (G1 Humongous Allocation)
[2025-10-28T12:32:41.838+0000][0.186s][info][gc,task     ] GC(94) Using 2 workers of 3 for evacuation
[2025-10-28T12:32:41.839+0000][0.186s][info][gc,phases   ] GC(94)   Pre Evacuate Collection Set: 0.1ms
[2025-10-28T12:32:41.839+0000][0.186s][info][gc,phases   ] GC(94)   Merge Heap Roots: 0.1ms
[2025-10-28T12:32:41.839+0000][0.186s][info][gc,phases   ] GC(94)   Evacuate Collection Set: 0.6ms
[2025-10-28T12:32:41.839+0000][0.186s][info][gc,phases   ] GC(94)   Post Evacuate Collection Set: 0.1ms
[2025-10-28T12:32:41.839+0000][0.186s][info][gc,phases   ] GC(94)   Other: 0.1ms
[2025-10-28T12:32:41.839+0000][0.186s][info][gc,heap     ] GC(94) Eden regions: 0->0(8)
[2025-10-28T12:32:41.839+0000][0.186s][info][gc,heap     ] GC(94) Survivor regions: 0->0(1)
[2025-10-28T12:32:41.839+0000][0.186s][info][gc,heap     ] GC(94) Old regions: 3->3
[2025-10-28T12:32:41.839+0000][0.186s][info][gc,heap     ] GC(94) Humongous regions: 11->10
[2025-10-28T12:32:41.839+0000][0.186s][info][gc,metaspace] GC(94) Metaspace: 70K(320K)->70K(320K) NonClass: 67K(192K)->67K(192K) Class: 3K(128K)->3K(128K)
[2025-10-28T12:32:41.839+0000][0.187s][info][gc          ] GC(94) Pause Young (Concurrent Start) (G1 Humongous Allocation) 12M->11M(32M) 0.972ms
[2025-10-28T12:32:41.839+0000][0.187s][info][gc,cpu      ] GC(94) User=0.00s Sys=0.00s Real=0.01s
[2025-10-28T12:32:41.839+0000][0.187s][info][gc          ] GC(95) Concurrent Undo Cycle
[2025-10-28T12:32:41.839+0000][0.187s][info][gc,marking  ] GC(95) Concurrent Clear Claimed Marks
[2025-10-28T12:32:41.839+0000][0.187s][info][gc,marking  ] GC(95) Concurrent Clear Claimed Marks 0.007ms
[2025-10-28T12:32:41.839+0000][0.187s][info][gc,marking  ] GC(95) Concurrent Cleanup for Next Mark
[2025-10-28T12:32:41.839+0000][0.187s][info][gc,marking  ] GC(95) Concurrent Cleanup for Next Mark 0.075ms
[2025-10-28T12:32:41.839+0000][0.187s][info][gc          ] GC(95) Concurrent Undo Cycle 0.133ms
[2025-10-28T12:32:41.839+0000][0.187s][info][gc,start    ] GC(96) Pause Young (Concurrent Start) (G1 Humongous Allocation)
[2025-10-28T12:32:41.840+0000][0.187s][info][gc,task     ] GC(96) Using 2 workers of 3 for evacuation
[2025-10-28T12:32:41.840+0000][0.187s][info][gc,phases   ] GC(96)   Pre Evacuate Collection Set: 0.0ms
[2025-10-28T12:32:41.840+0000][0.187s][info][gc,phases   ] GC(96)   Merge Heap Roots: 0.0ms
[2025-10-28T12:32:41.840+0000][0.187s][info][gc,phases   ] GC(96)   Evacuate Collection Set: 0.4ms
[2025-10-28T12:32:41.840+0000][0.187s][info][gc,phases   ] GC(96)   Post Evacuate Collection Set: 0.1ms
[2025-10-28T12:32:41.840+0000][0.187s][info][gc,phases   ] GC(96)   Other: 0.0ms
[2025-10-28T12:32:41.840+0000][0.187s][info][gc,heap     ] GC(96) Eden regions: 0->0(8)
[2025-10-28T12:32:41.840+0000][0.187s][info][gc,heap     ] GC(96) Survivor regions: 0->0(1)
[2025-10-28T12:32:41.840+0000][0.187s][info][gc,heap     ] GC(96) Old regions: 3->3
[2025-10-28T12:32:41.840+0000][0.187s][info][gc,heap     ] GC(96) Humongous regions: 13->10
[2025-10-28T12:32:41.840+0000][0.187s][info][gc,metaspace] GC(96) Metaspace: 70K(320K)->70K(320K) NonClass: 67K(192K)->67K(192K) Class: 3K(128K)->3K(128K)
[2025-10-28T12:32:41.840+0000][0.187s][info][gc          ] GC(96) Pause Young (Concurrent Start) (G1 Humongous Allocation) 14M->11M(32M) 0.607ms
[2025-10-28T12:32:41.840+0000][0.187s][info][gc,cpu      ] GC(96) User=0.00s Sys=0.00s Real=0.00s
[2025-10-28T12:32:41.840+0000][0.188s][info][gc          ] GC(97) Concurrent Undo Cycle
[2025-10-28T12:32:41.840+0000][0.188s][info][gc,marking  ] GC(97) Concurrent Clear Claimed Marks
[2025-10-28T12:32:41.840+0000][0.188s][info][gc,marking  ] GC(97) Concurrent Clear Claimed Marks 0.005ms
[2025-10-28T12:32:41.840+0000][0.188s][info][gc,marking  ] GC(97) Concurrent Cleanup for Next Mark
[2025-10-28T12:32:41.840+0000][0.188s][info][gc,marking  ] GC(97) Concurrent Cleanup for Next Mark 0.155ms
[2025-10-28T12:32:41.840+0000][0.188s][info][gc          ] GC(97) Concurrent Undo Cycle 0.209ms
[2025-10-28T12:32:41.843+0000][0.191s][info][gc,start    ] GC(98) Pause Young (Concurrent Start) (G1 Humongous Allocation)
[2025-10-28T12:32:41.843+0000][0.191s][info][gc,task     ] GC(98) Using 2 workers of 3 for evacuation
[2025-10-28T12:32:41.843+0000][0.191s][info][gc,phases   ] GC(98)   Pre Evacuate Collection Set: 0.0ms
[2025-10-28T12:32:41.843+0000][0.191s][info][gc,phases   ] GC(98)   Merge Heap Roots: 0.0ms
[2025-10-28T12:32:41.843+0000][0.191s][info][gc,phases   ] GC(98)   Evacuate Collection Set: 0.1ms
[2025-10-28T12:32:41.843+0000][0.191s][info][gc,phases   ] GC(98)   Post Evacuate Collection Set: 0.0ms
[2025-10-28T12:32:41.843+0000][0.191s][info][gc,phases   ] GC(98)   Other: 0.1ms
[2025-10-28T12:32:41.843+0000][0.191s][info][gc,heap     ] GC(98) Eden regions: 0->0(8)
[2025-10-28T12:32:41.843+0000][0.191s][info][gc,heap     ] GC(98) Survivor regions: 0->0(1)
[2025-10-28T12:32:41.843+0000][0.191s][info][gc,heap     ] GC(98) Old regions: 3->3
[2025-10-28T12:32:41.843+0000][0.191s][info][gc,heap     ] GC(98) Humongous regions: 15->10
[2025-10-28T12:32:41.843+0000][0.191s][info][gc,metaspace] GC(98) Metaspace: 70K(320K)->70K(320K) NonClass: 67K(192K)->67K(192K) Class: 3K(128K)->3K(128K)
[2025-10-28T12:32:41.844+0000][0.191s][info][gc          ] GC(98) Pause Young (Concurrent Start) (G1 Humongous Allocation) 16M->11M(32M) 0.313ms
[2025-10-28T12:32:41.844+0000][0.191s][info][gc,cpu      ] GC(98) User=0.00s Sys=0.00s Real=0.00s
[2025-10-28T12:32:41.844+0000][0.191s][info][gc          ] GC(99) Concurrent Undo Cycle
[2025-10-28T12:32:41.844+0000][0.191s][info][gc,marking  ] GC(99) Concurrent Clear Claimed Marks
[2025-10-28T12:32:41.844+0000][0.191s][info][gc,marking  ] GC(99) Concurrent Clear Claimed Marks 0.005ms
[2025-10-28T12:32:41.844+0000][0.191s][info][gc,marking  ] GC(99) Concurrent Cleanup for Next Mark
[2025-10-28T12:32:41.844+0000][0.191s][info][gc,marking  ] GC(99) Concurrent Cleanup for Next Mark 0.211ms
[2025-10-28T12:32:41.844+0000][0.191s][info][gc          ] GC(99) Concurrent Undo Cycle 0.278ms
[2025-10-28T12:32:41.846+0000][0.194s][info][gc,start    ] GC(100) Pause Young (Concurrent Start) (G1 Humongous Allocation)
[2025-10-28T12:32:41.846+0000][0.194s][info][gc,task     ] GC(100) Using 2 workers of 3 for evacuation
[2025-10-28T12:32:41.847+0000][0.194s][info][gc,phases   ] GC(100)   Pre Evacuate Collection Set: 0.1ms
[2025-10-28T12:32:41.847+0000][0.194s][info][gc,phases   ] GC(100)   Merge Heap Roots: 0.0ms
[2025-10-28T12:32:41.847+0000][0.194s][info][gc,phases   ] GC(100)   Evacuate Collection Set: 0.5ms
[2025-10-28T12:32:41.847+0000][0.194s][info][gc,phases   ] GC(100)   Post Evacuate Collection Set: 0.1ms
[2025-10-28T12:32:41.847+0000][0.194s][info][gc,phases   ] GC(100)   Other: 0.1ms
[2025-10-28T12:32:41.847+0000][0.194s][info][gc,heap     ] GC(100) Eden regions: 0->0(8)
[2025-10-28T12:32:41.847+0000][0.194s][info][gc,heap     ] GC(100) Survivor regions: 0->0(1)
[2025-10-28T12:32:41.847+0000][0.194s][info][gc,heap     ] GC(100) Old regions: 3->3
[2025-10-28T12:32:41.847+0000][0.194s][info][gc,heap     ] GC(100) Humongous regions: 16->10
[2025-10-28T12:32:41.847+0000][0.194s][info][gc,metaspace] GC(100) Metaspace: 70K(320K)->70K(320K) NonClass: 67K(192K)->67K(192K) Class: 3K(128K)->3K(128K)
[2025-10-28T12:32:41.847+0000][0.194s][info][gc          ] GC(100) Pause Young (Concurrent Start) (G1 Humongous Allocation) 17M->11M(32M) 0.801ms
[2025-10-28T12:32:41.847+0000][0.195s][info][gc,cpu      ] GC(100) User=0.00s Sys=0.01s Real=0.00s
[2025-10-28T12:32:41.847+0000][0.195s][info][gc          ] GC(101) Concurrent Undo Cycle
[2025-10-28T12:32:41.847+0000][0.195s][info][gc,marking  ] GC(101) Concurrent Clear Claimed Marks
[2025-10-28T12:32:41.847+0000][0.195s][info][gc,marking  ] GC(101) Concurrent Clear Claimed Marks 0.005ms
[2025-10-28T12:32:41.847+0000][0.195s][info][gc,marking  ] GC(101) Concurrent Cleanup for Next Mark
[2025-10-28T12:32:41.847+0000][0.195s][info][gc,marking  ] GC(101) Concurrent Cleanup for Next Mark 0.091ms
[2025-10-28T12:32:41.847+0000][0.195s][info][gc          ] GC(101) Concurrent Undo Cycle 0.134ms
[2025-10-28T12:32:41.847+0000][0.195s][info][gc,start    ] GC(102) Pause Young (Concurrent Start) (G1 Humongous Allocation)
[2025-10-28T12:32:41.847+0000][0.195s][info][gc,task     ] GC(102) Using 2 workers of 3 for evacuation
[2025-10-28T12:32:41.848+0000][0.195s][info][gc,phases   ] GC(102)   Pre Evacuate Collection Set: 0.0ms
[2025-10-28T12:32:41.848+0000][0.195s][info][gc,phases   ] GC(102)   Merge Heap Roots: 0.0ms
[2025-10-28T12:32:41.848+0000][0.195s][info][gc,phases   ] GC(102)   Evacuate Collection Set: 0.1ms
[2025-10-28T12:32:41.848+0000][0.195s][info][gc,phases   ] GC(102)   Post Evacuate Collection Set: 0.1ms
[2025-10-28T12:32:41.848+0000][0.195s][info][gc,phases   ] GC(102)   Other: 0.1ms
[2025-10-28T12:32:41.848+0000][0.195s][info][gc,heap     ] GC(102) Eden regions: 0->0(8)
[2025-10-28T12:32:41.848+0000][0.195s][info][gc,heap     ] GC(102) Survivor regions: 0->0(1)
[2025-10-28T12:32:41.848+0000][0.195s][info][gc,heap     ] GC(102) Old regions: 3->3
[2025-10-28T12:32:41.848+0000][0.195s][info][gc,heap     ] GC(102) Humongous regions: 13->10
[2025-10-28T12:32:41.848+0000][0.195s][info][gc,metaspace] GC(102) Metaspace: 70K(320K)->70K(320K) NonClass: 67K(192K)->67K(192K) Class: 3K(128K)->3K(128K)
[2025-10-28T12:32:41.848+0000][0.195s][info][gc          ] GC(102) Pause Young (Concurrent Start) (G1 Humongous Allocation) 14M->11M(32M) 0.457ms
[2025-10-28T12:32:41.848+0000][0.195s][info][gc,cpu      ] GC(102) User=0.00s Sys=0.00s Real=0.00s
[2025-10-28T12:32:41.848+0000][0.195s][info][gc          ] GC(103) Concurrent Undo Cycle
[2025-10-28T12:32:41.848+0000][0.195s][info][gc,marking  ] GC(103) Concurrent Clear Claimed Marks
[2025-10-28T12:32:41.848+0000][0.195s][info][gc,marking  ] GC(103) Concurrent Clear Claimed Marks 0.006ms
[2025-10-28T12:32:41.848+0000][0.195s][info][gc,marking  ] GC(103) Concurrent Cleanup for Next Mark
[2025-10-28T12:32:41.848+0000][0.195s][info][gc,marking  ] GC(103) Concurrent Cleanup for Next Mark 0.136ms
[2025-10-28T12:32:41.848+0000][0.196s][info][gc          ] GC(103) Concurrent Undo Cycle 0.208ms
[2025-10-28T12:32:41.848+0000][0.196s][info][gc,start    ] GC(104) Pause Young (Concurrent Start) (G1 Humongous Allocation)
[2025-10-28T12:32:41.848+0000][0.196s][info][gc,task     ] GC(104) Using 2 workers of 3 for evacuation
[2025-10-28T12:32:41.849+0000][0.196s][info][gc,phases   ] GC(104)   Pre Evacuate Collection Set: 0.0ms
[2025-10-28T12:32:41.849+0000][0.196s][info][gc,phases   ] GC(104)   Merge Heap Roots: 0.0ms
[2025-10-28T12:32:41.849+0000][0.196s][info][gc,phases   ] GC(104)   Evacuate Collection Set: 0.1ms
[2025-10-28T12:32:41.849+0000][0.196s][info][gc,phases   ] GC(104)   Post Evacuate Collection Set: 0.2ms
[2025-10-28T12:32:41.849+0000][0.196s][info][gc,phases   ] GC(104)   Other: 0.0ms
[2025-10-28T12:32:41.849+0000][0.196s][info][gc,heap     ] GC(104) Eden regions: 0->0(8)
[2025-10-28T12:32:41.849+0000][0.196s][info][gc,heap     ] GC(104) Survivor regions: 0->0(1)
[2025-10-28T12:32:41.849+0000][0.196s][info][gc,heap     ] GC(104) Old regions: 3->3
[2025-10-28T12:32:41.849+0000][0.196s][info][gc,heap     ] GC(104) Humongous regions: 15->10
[2025-10-28T12:32:41.849+0000][0.196s][info][gc,metaspace] GC(104) Metaspace: 70K(320K)->70K(320K) NonClass: 67K(192K)->67K(192K) Class: 3K(128K)->3K(128K)
[2025-10-28T12:32:41.849+0000][0.196s][info][gc          ] GC(104) Pause Young (Concurrent Start) (G1 Humongous Allocation) 16M->11M(32M) 0.489ms
[2025-10-28T12:32:41.849+0000][0.196s][info][gc,cpu      ] GC(104) User=0.00s Sys=0.00s Real=0.00s
[2025-10-28T12:32:41.849+0000][0.196s][info][gc          ] GC(105) Concurrent Undo Cycle
[2025-10-28T12:32:41.849+0000][0.196s][info][gc,marking  ] GC(105) Concurrent Clear Claimed Marks
[2025-10-28T12:32:41.849+0000][0.196s][info][gc,marking  ] GC(105) Concurrent Clear Claimed Marks 0.006ms
[2025-10-28T12:32:41.849+0000][0.196s][info][gc,marking  ] GC(105) Concurrent Cleanup for Next Mark
[2025-10-28T12:32:41.849+0000][0.196s][info][gc,marking  ] GC(105) Concurrent Cleanup for Next Mark 0.061ms
[2025-10-28T12:32:41.849+0000][0.196s][info][gc          ] GC(105) Concurrent Undo Cycle 0.105ms
[2025-10-28T12:32:41.849+0000][0.196s][info][gc,start    ] GC(106) Pause Young (Concurrent Start) (G1 Humongous Allocation)
[2025-10-28T12:32:41.849+0000][0.196s][info][gc,task     ] GC(106) Using 2 workers of 3 for evacuation
[2025-10-28T12:32:41.850+0000][0.197s][info][gc,phases   ] GC(106)   Pre Evacuate Collection Set: 0.1ms
[2025-10-28T12:32:41.850+0000][0.197s][info][gc,phases   ] GC(106)   Merge Heap Roots: 0.0ms
[2025-10-28T12:32:41.850+0000][0.197s][info][gc,phases   ] GC(106)   Evacuate Collection Set: 0.3ms
[2025-10-28T12:32:41.850+0000][0.197s][info][gc,phases   ] GC(106)   Post Evacuate Collection Set: 0.1ms
[2025-10-28T12:32:41.850+0000][0.197s][info][gc,phases   ] GC(106)   Other: 0.1ms
[2025-10-28T12:32:41.850+0000][0.197s][info][gc,heap     ] GC(106) Eden regions: 0->0(8)
[2025-10-28T12:32:41.850+0000][0.197s][info][gc,heap     ] GC(106) Survivor regions: 0->0(1)
[2025-10-28T12:32:41.850+0000][0.197s][info][gc,heap     ] GC(106) Old regions: 3->3
[2025-10-28T12:32:41.850+0000][0.197s][info][gc,heap     ] GC(106) Humongous regions: 11->10
[2025-10-28T12:32:41.850+0000][0.197s][info][gc,metaspace] GC(106) Metaspace: 70K(320K)->70K(320K) NonClass: 67K(192K)->67K(192K) Class: 3K(128K)->3K(128K)
[2025-10-28T12:32:41.850+0000][0.197s][info][gc          ] GC(106) Pause Young (Concurrent Start) (G1 Humongous Allocation) 12M->11M(32M) 0.808ms
[2025-10-28T12:32:41.850+0000][0.197s][info][gc,cpu      ] GC(106) User=0.00s Sys=0.00s Real=0.00s
[2025-10-28T12:32:41.850+0000][0.197s][info][gc          ] GC(107) Concurrent Undo Cycle
[2025-10-28T12:32:41.850+0000][0.197s][info][gc,marking  ] GC(107) Concurrent Clear Claimed Marks
[2025-10-28T12:32:41.850+0000][0.197s][info][gc,marking  ] GC(107) Concurrent Clear Claimed Marks 0.007ms
[2025-10-28T12:32:41.850+0000][0.197s][info][gc,marking  ] GC(107) Concurrent Cleanup for Next Mark
[2025-10-28T12:32:41.850+0000][0.198s][info][gc,marking  ] GC(107) Concurrent Cleanup for Next Mark 0.132ms
[2025-10-28T12:32:41.850+0000][0.198s][info][gc          ] GC(107) Concurrent Undo Cycle 0.216ms
[2025-10-28T12:32:41.851+0000][0.198s][info][gc,start    ] GC(108) Pause Young (Concurrent Start) (G1 Humongous Allocation)
[2025-10-28T12:32:41.851+0000][0.198s][info][gc,task     ] GC(108) Using 2 workers of 3 for evacuation
[2025-10-28T12:32:41.851+0000][0.198s][info][gc,phases   ] GC(108)   Pre Evacuate Collection Set: 0.0ms
[2025-10-28T12:32:41.851+0000][0.198s][info][gc,phases   ] GC(108)   Merge Heap Roots: 0.0ms
[2025-10-28T12:32:41.851+0000][0.198s][info][gc,phases   ] GC(108)   Evacuate Collection Set: 0.1ms
[2025-10-28T12:32:41.851+0000][0.198s][info][gc,phases   ] GC(108)   Post Evacuate Collection Set: 0.1ms
[2025-10-28T12:32:41.851+0000][0.198s][info][gc,phases   ] GC(108)   Other: 0.1ms
[2025-10-28T12:32:41.851+0000][0.198s][info][gc,heap     ] GC(108) Eden regions: 0->0(8)
[2025-10-28T12:32:41.851+0000][0.198s][info][gc,heap     ] GC(108) Survivor regions: 0->0(1)
[2025-10-28T12:32:41.851+0000][0.198s][info][gc,heap     ] GC(108) Old regions: 3->3
[2025-10-28T12:32:41.851+0000][0.198s][info][gc,heap     ] GC(108) Humongous regions: 15->10
[2025-10-28T12:32:41.851+0000][0.198s][info][gc,metaspace] GC(108) Metaspace: 70K(320K)->70K(320K) NonClass: 67K(192K)->67K(192K) Class: 3K(128K)->3K(128K)
[2025-10-28T12:32:41.851+0000][0.198s][info][gc          ] GC(108) Pause Young (Concurrent Start) (G1 Humongous Allocation) 16M->11M(32M) 0.411ms
[2025-10-28T12:32:41.851+0000][0.198s][info][gc,cpu      ] GC(108) User=0.00s Sys=0.00s Real=0.00s
[2025-10-28T12:32:41.851+0000][0.198s][info][gc          ] GC(109) Concurrent Undo Cycle
[2025-10-28T12:32:41.851+0000][0.198s][info][gc,marking  ] GC(109) Concurrent Clear Claimed Marks
[2025-10-28T12:32:41.851+0000][0.198s][info][gc,marking  ] GC(109) Concurrent Clear Claimed Marks 0.015ms
[2025-10-28T12:32:41.851+0000][0.198s][info][gc,marking  ] GC(109) Concurrent Cleanup for Next Mark
[2025-10-28T12:32:41.852+0000][0.199s][info][gc,marking  ] GC(109) Concurrent Cleanup for Next Mark 0.465ms
[2025-10-28T12:32:41.852+0000][0.199s][info][gc          ] GC(109) Concurrent Undo Cycle 0.541ms
[2025-10-28T12:32:41.854+0000][0.202s][info][gc,start    ] GC(110) Pause Young (Concurrent Start) (G1 Humongous Allocation)
[2025-10-28T12:32:41.854+0000][0.202s][info][gc,task     ] GC(110) Using 2 workers of 3 for evacuation
[2025-10-28T12:32:41.855+0000][0.203s][info][gc,phases   ] GC(110)   Pre Evacuate Collection Set: 0.3ms
[2025-10-28T12:32:41.855+0000][0.203s][info][gc,phases   ] GC(110)   Merge Heap Roots: 0.0ms
[2025-10-28T12:32:41.855+0000][0.203s][info][gc,phases   ] GC(110)   Evacuate Collection Set: 0.4ms
[2025-10-28T12:32:41.855+0000][0.203s][info][gc,phases   ] GC(110)   Post Evacuate Collection Set: 0.1ms
[2025-10-28T12:32:41.855+0000][0.203s][info][gc,phases   ] GC(110)   Other: 0.1ms
[2025-10-28T12:32:41.855+0000][0.203s][info][gc,heap     ] GC(110) Eden regions: 0->0(8)
[2025-10-28T12:32:41.855+0000][0.203s][info][gc,heap     ] GC(110) Survivor regions: 0->0(1)
[2025-10-28T12:32:41.855+0000][0.203s][info][gc,heap     ] GC(110) Old regions: 3->3
[2025-10-28T12:32:41.855+0000][0.203s][info][gc,heap     ] GC(110) Humongous regions: 17->10
[2025-10-28T12:32:41.855+0000][0.203s][info][gc,metaspace] GC(110) Metaspace: 70K(320K)->70K(320K) NonClass: 67K(192K)->67K(192K) Class: 3K(128K)->3K(128K)
[2025-10-28T12:32:41.855+0000][0.203s][info][gc          ] GC(110) Pause Young (Concurrent Start) (G1 Humongous Allocation) 18M->11M(32M) 1.046ms
[2025-10-28T12:32:41.855+0000][0.203s][info][gc,cpu      ] GC(110) User=0.00s Sys=0.00s Real=0.00s
[2025-10-28T12:32:41.855+0000][0.203s][info][gc          ] GC(111) Concurrent Undo Cycle
[2025-10-28T12:32:41.855+0000][0.203s][info][gc,marking  ] GC(111) Concurrent Clear Claimed Marks
[2025-10-28T12:32:41.855+0000][0.203s][info][gc,marking  ] GC(111) Concurrent Clear Claimed Marks 0.005ms
[2025-10-28T12:32:41.855+0000][0.203s][info][gc,marking  ] GC(111) Concurrent Cleanup for Next Mark
[2025-10-28T12:32:41.855+0000][0.203s][info][gc,marking  ] GC(111) Concurrent Cleanup for Next Mark 0.080ms
[2025-10-28T12:32:41.855+0000][0.203s][info][gc          ] GC(111) Concurrent Undo Cycle 0.118ms
[2025-10-28T12:32:41.856+0000][0.203s][info][gc,start    ] GC(112) Pause Young (Concurrent Start) (G1 Humongous Allocation)
[2025-10-28T12:32:41.856+0000][0.203s][info][gc,task     ] GC(112) Using 2 workers of 3 for evacuation
[2025-10-28T12:32:41.856+0000][0.203s][info][gc,phases   ] GC(112)   Pre Evacuate Collection Set: 0.0ms
[2025-10-28T12:32:41.856+0000][0.203s][info][gc,phases   ] GC(112)   Merge Heap Roots: 0.0ms
[2025-10-28T12:32:41.856+0000][0.203s][info][gc,phases   ] GC(112)   Evacuate Collection Set: 0.1ms
[2025-10-28T12:32:41.856+0000][0.203s][info][gc,phases   ] GC(112)   Post Evacuate Collection Set: 0.0ms
[2025-10-28T12:32:41.856+0000][0.203s][info][gc,phases   ] GC(112)   Other: 0.0ms
[2025-10-28T12:32:41.856+0000][0.203s][info][gc,heap     ] GC(112) Eden regions: 0->0(8)
[2025-10-28T12:32:41.856+0000][0.203s][info][gc,heap     ] GC(112) Survivor regions: 0->0(1)
[2025-10-28T12:32:41.856+0000][0.203s][info][gc,heap     ] GC(112) Old regions: 3->3
[2025-10-28T12:32:41.856+0000][0.203s][info][gc,heap     ] GC(112) Humongous regions: 11->10
[2025-10-28T12:32:41.856+0000][0.203s][info][gc,metaspace] GC(112) Metaspace: 70K(320K)->70K(320K) NonClass: 67K(192K)->67K(192K) Class: 3K(128K)->3K(128K)
[2025-10-28T12:32:41.856+0000][0.203s][info][gc          ] GC(112) Pause Young (Concurrent Start) (G1 Humongous Allocation) 12M->11M(32M) 0.274ms
[2025-10-28T12:32:41.856+0000][0.203s][info][gc,cpu      ] GC(112) User=0.00s Sys=0.00s Real=0.00s
[2025-10-28T12:32:41.856+0000][0.203s][info][gc          ] GC(113) Concurrent Undo Cycle
[2025-10-28T12:32:41.856+0000][0.203s][info][gc,marking  ] GC(113) Concurrent Clear Claimed Marks
[2025-10-28T12:32:41.856+0000][0.203s][info][gc,marking  ] GC(113) Concurrent Clear Claimed Marks 0.005ms
[2025-10-28T12:32:41.856+0000][0.203s][info][gc,marking  ] GC(113) Concurrent Cleanup for Next Mark
[2025-10-28T12:32:41.856+0000][0.203s][info][gc,marking  ] GC(113) Concurrent Cleanup for Next Mark 0.056ms
[2025-10-28T12:32:41.856+0000][0.203s][info][gc          ] GC(113) Concurrent Undo Cycle 0.115ms
[2025-10-28T12:32:41.856+0000][0.203s][info][gc,start    ] GC(114) Pause Young (Concurrent Start) (G1 Humongous Allocation)
[2025-10-28T12:32:41.856+0000][0.204s][info][gc,task     ] GC(114) Using 2 workers of 3 for evacuation
[2025-10-28T12:32:41.857+0000][0.204s][info][gc,phases   ] GC(114)   Pre Evacuate Collection Set: 0.0ms
[2025-10-28T12:32:41.857+0000][0.204s][info][gc,phases   ] GC(114)   Merge Heap Roots: 0.0ms
[2025-10-28T12:32:41.857+0000][0.204s][info][gc,phases   ] GC(114)   Evacuate Collection Set: 0.3ms
[2025-10-28T12:32:41.857+0000][0.204s][info][gc,phases   ] GC(114)   Post Evacuate Collection Set: 0.0ms
[2025-10-28T12:32:41.857+0000][0.204s][info][gc,phases   ] GC(114)   Other: 0.0ms
[2025-10-28T12:32:41.857+0000][0.204s][info][gc,heap     ] GC(114) Eden regions: 0->0(8)
[2025-10-28T12:32:41.857+0000][0.204s][info][gc,heap     ] GC(114) Survivor regions: 0->0(1)
[2025-10-28T12:32:41.857+0000][0.204s][info][gc,heap     ] GC(114) Old regions: 3->3
[2025-10-28T12:32:41.857+0000][0.204s][info][gc,heap     ] GC(114) Humongous regions: 11->10
[2025-10-28T12:32:41.857+0000][0.204s][info][gc,metaspace] GC(114) Metaspace: 70K(320K)->70K(320K) NonClass: 67K(192K)->67K(192K) Class: 3K(128K)->3K(128K)
[2025-10-28T12:32:41.857+0000][0.204s][info][gc          ] GC(114) Pause Young (Concurrent Start) (G1 Humongous Allocation) 12M->11M(32M) 0.531ms
[2025-10-28T12:32:41.857+0000][0.204s][info][gc,cpu      ] GC(114) User=0.00s Sys=0.00s Real=0.00s
[2025-10-28T12:32:41.857+0000][0.204s][info][gc          ] GC(115) Concurrent Undo Cycle
[2025-10-28T12:32:41.857+0000][0.204s][info][gc,marking  ] GC(115) Concurrent Clear Claimed Marks
[2025-10-28T12:32:41.857+0000][0.204s][info][gc,marking  ] GC(115) Concurrent Clear Claimed Marks 0.004ms
[2025-10-28T12:32:41.857+0000][0.204s][info][gc,marking  ] GC(115) Concurrent Cleanup for Next Mark
[2025-10-28T12:32:41.857+0000][0.204s][info][gc,marking  ] GC(115) Concurrent Cleanup for Next Mark 0.052ms
[2025-10-28T12:32:41.857+0000][0.204s][info][gc          ] GC(115) Concurrent Undo Cycle 0.088ms
[2025-10-28T12:32:41.857+0000][0.204s][info][gc,start    ] GC(116) Pause Young (Concurrent Start) (G1 Humongous Allocation)
[2025-10-28T12:32:41.857+0000][0.204s][info][gc,task     ] GC(116) Using 2 workers of 3 for evacuation
[2025-10-28T12:32:41.857+0000][0.205s][info][gc,phases   ] GC(116)   Pre Evacuate Collection Set: 0.0ms
[2025-10-28T12:32:41.857+0000][0.205s][info][gc,phases   ] GC(116)   Merge Heap Roots: 0.0ms
[2025-10-28T12:32:41.857+0000][0.205s][info][gc,phases   ] GC(116)   Evacuate Collection Set: 0.3ms
[2025-10-28T12:32:41.857+0000][0.205s][info][gc,phases   ] GC(116)   Post Evacuate Collection Set: 0.0ms
[2025-10-28T12:32:41.857+0000][0.205s][info][gc,phases   ] GC(116)   Other: 0.0ms
[2025-10-28T12:32:41.857+0000][0.205s][info][gc,heap     ] GC(116) Eden regions: 0->0(8)
[2025-10-28T12:32:41.857+0000][0.205s][info][gc,heap     ] GC(116) Survivor regions: 0->0(1)
[2025-10-28T12:32:41.857+0000][0.205s][info][gc,heap     ] GC(116) Old regions: 3->3
[2025-10-28T12:32:41.857+0000][0.205s][info][gc,heap     ] GC(116) Humongous regions: 11->10
[2025-10-28T12:32:41.857+0000][0.205s][info][gc,metaspace] GC(116) Metaspace: 70K(320K)->70K(320K) NonClass: 67K(192K)->67K(192K) Class: 3K(128K)->3K(128K)
[2025-10-28T12:32:41.857+0000][0.205s][info][gc          ] GC(116) Pause Young (Concurrent Start) (G1 Humongous Allocation) 12M->11M(32M) 0.498ms
[2025-10-28T12:32:41.857+0000][0.205s][info][gc,cpu      ] GC(116) User=0.00s Sys=0.00s Real=0.00s
[2025-10-28T12:32:41.857+0000][0.205s][info][gc          ] GC(117) Concurrent Undo Cycle
[2025-10-28T12:32:41.857+0000][0.205s][info][gc,marking  ] GC(117) Concurrent Clear Claimed Marks
[2025-10-28T12:32:41.857+0000][0.205s][info][gc,marking  ] GC(117) Concurrent Clear Claimed Marks 0.004ms
[2025-10-28T12:32:41.857+0000][0.205s][info][gc,marking  ] GC(117) Concurrent Cleanup for Next Mark
[2025-10-28T12:32:41.858+0000][0.205s][info][gc,marking  ] GC(117) Concurrent Cleanup for Next Mark 0.044ms
[2025-10-28T12:32:41.858+0000][0.205s][info][gc          ] GC(117) Concurrent Undo Cycle 0.088ms
[2025-10-28T12:32:41.858+0000][0.205s][info][gc,start    ] GC(118) Pause Young (Concurrent Start) (G1 Humongous Allocation)
[2025-10-28T12:32:41.858+0000][0.205s][info][gc,task     ] GC(118) Using 2 workers of 3 for evacuation
[2025-10-28T12:32:41.858+0000][0.205s][info][gc,phases   ] GC(118)   Pre Evacuate Collection Set: 0.1ms
[2025-10-28T12:32:41.858+0000][0.205s][info][gc,phases   ] GC(118)   Merge Heap Roots: 0.0ms
[2025-10-28T12:32:41.858+0000][0.205s][info][gc,phases   ] GC(118)   Evacuate Collection Set: 0.1ms
[2025-10-28T12:32:41.858+0000][0.205s][info][gc,phases   ] GC(118)   Post Evacuate Collection Set: 0.1ms
[2025-10-28T12:32:41.858+0000][0.205s][info][gc,phases   ] GC(118)   Other: 0.0ms
[2025-10-28T12:32:41.858+0000][0.205s][info][gc,heap     ] GC(118) Eden regions: 0->0(8)
[2025-10-28T12:32:41.858+0000][0.205s][info][gc,heap     ] GC(118) Survivor regions: 0->0(1)
[2025-10-28T12:32:41.858+0000][0.205s][info][gc,heap     ] GC(118) Old regions: 3->3
[2025-10-28T12:32:41.858+0000][0.205s][info][gc,heap     ] GC(118) Humongous regions: 11->10
[2025-10-28T12:32:41.858+0000][0.205s][info][gc,metaspace] GC(118) Metaspace: 70K(320K)->70K(320K) NonClass: 67K(192K)->67K(192K) Class: 3K(128K)->3K(128K)
[2025-10-28T12:32:41.858+0000][0.205s][info][gc          ] GC(118) Pause Young (Concurrent Start) (G1 Humongous Allocation) 12M->11M(32M) 0.339ms
[2025-10-28T12:32:41.858+0000][0.205s][info][gc,cpu      ] GC(118) User=0.00s Sys=0.00s Real=0.00s
[2025-10-28T12:32:41.858+0000][0.205s][info][gc          ] GC(119) Concurrent Undo Cycle
[2025-10-28T12:32:41.858+0000][0.205s][info][gc,marking  ] GC(119) Concurrent Clear Claimed Marks
[2025-10-28T12:32:41.858+0000][0.205s][info][gc,marking  ] GC(119) Concurrent Clear Claimed Marks 0.006ms
[2025-10-28T12:32:41.858+0000][0.205s][info][gc,marking  ] GC(119) Concurrent Cleanup for Next Mark
[2025-10-28T12:32:41.858+0000][0.205s][info][gc,marking  ] GC(119) Concurrent Cleanup for Next Mark 0.049ms
[2025-10-28T12:32:41.858+0000][0.205s][info][gc          ] GC(119) Concurrent Undo Cycle 0.093ms
[2025-10-28T12:32:41.858+0000][0.205s][info][gc,start    ] GC(120) Pause Young (Concurrent Start) (G1 Humongous Allocation)
[2025-10-28T12:32:41.858+0000][0.206s][info][gc,task     ] GC(120) Using 2 workers of 3 for evacuation
[2025-10-28T12:32:41.858+0000][0.206s][info][gc,phases   ] GC(120)   Pre Evacuate Collection Set: 0.0ms
[2025-10-28T12:32:41.858+0000][0.206s][info][gc,phases   ] GC(120)   Merge Heap Roots: 0.0ms
[2025-10-28T12:32:41.858+0000][0.206s][info][gc,phases   ] GC(120)   Evacuate Collection Set: 0.1ms
[2025-10-28T12:32:41.858+0000][0.206s][info][gc,phases   ] GC(120)   Post Evacuate Collection Set: 0.1ms
[2025-10-28T12:32:41.858+0000][0.206s][info][gc,phases   ] GC(120)   Other: 0.0ms
[2025-10-28T12:32:41.859+0000][0.206s][info][gc,heap     ] GC(120) Eden regions: 0->0(8)
[2025-10-28T12:32:41.859+0000][0.206s][info][gc,heap     ] GC(120) Survivor regions: 0->0(1)
[2025-10-28T12:32:41.859+0000][0.206s][info][gc,heap     ] GC(120) Old regions: 3->3
[2025-10-28T12:32:41.859+0000][0.206s][info][gc,heap     ] GC(120) Humongous regions: 11->10
[2025-10-28T12:32:41.859+0000][0.206s][info][gc,metaspace] GC(120) Metaspace: 70K(320K)->70K(320K) NonClass: 67K(192K)->67K(192K) Class: 3K(128K)->3K(128K)
[2025-10-28T12:32:41.859+0000][0.206s][info][gc          ] GC(120) Pause Young (Concurrent Start) (G1 Humongous Allocation) 12M->11M(32M) 0.400ms
[2025-10-28T12:32:41.859+0000][0.206s][info][gc,cpu      ] GC(120) User=0.00s Sys=0.00s Real=0.01s
[2025-10-28T12:32:41.859+0000][0.206s][info][gc          ] GC(121) Concurrent Undo Cycle
[2025-10-28T12:32:41.859+0000][0.206s][info][gc,marking  ] GC(121) Concurrent Clear Claimed Marks
[2025-10-28T12:32:41.859+0000][0.206s][info][gc,marking  ] GC(121) Concurrent Clear Claimed Marks 0.006ms
[2025-10-28T12:32:41.859+0000][0.206s][info][gc,marking  ] GC(121) Concurrent Cleanup for Next Mark
[2025-10-28T12:32:41.859+0000][0.206s][info][gc,marking  ] GC(121) Concurrent Cleanup for Next Mark 0.053ms
[2025-10-28T12:32:41.859+0000][0.206s][info][gc          ] GC(121) Concurrent Undo Cycle 0.101ms
[2025-10-28T12:32:41.859+0000][0.206s][info][gc,start    ] GC(122) Pause Young (Concurrent Start) (G1 Humongous Allocation)
[2025-10-28T12:32:41.859+0000][0.206s][info][gc,task     ] GC(122) Using 2 workers of 3 for evacuation
[2025-10-28T12:32:41.859+0000][0.206s][info][gc,phases   ] GC(122)   Pre Evacuate Collection Set: 0.0ms
[2025-10-28T12:32:41.859+0000][0.206s][info][gc,phases   ] GC(122)   Merge Heap Roots: 0.0ms
[2025-10-28T12:32:41.859+0000][0.206s][info][gc,phases   ] GC(122)   Evacuate Collection Set: 0.1ms
[2025-10-28T12:32:41.859+0000][0.206s][info][gc,phases   ] GC(122)   Post Evacuate Collection Set: 0.0ms
[2025-10-28T12:32:41.859+0000][0.206s][info][gc,phases   ] GC(122)   Other: 0.0ms
[2025-10-28T12:32:41.859+0000][0.206s][info][gc,heap     ] GC(122) Eden regions: 0->0(8)
[2025-10-28T12:32:41.859+0000][0.206s][info][gc,heap     ] GC(122) Survivor regions: 0->0(1)
[2025-10-28T12:32:41.859+0000][0.206s][info][gc,heap     ] GC(122) Old regions: 3->3
[2025-10-28T12:32:41.859+0000][0.206s][info][gc,heap     ] GC(122) Humongous regions: 11->10
[2025-10-28T12:32:41.859+0000][0.206s][info][gc,metaspace] GC(122) Metaspace: 70K(320K)->70K(320K) NonClass: 67K(192K)->67K(192K) Class: 3K(128K)->3K(128K)
[2025-10-28T12:32:41.859+0000][0.206s][info][gc          ] GC(122) Pause Young (Concurrent Start) (G1 Humongous Allocation) 12M->11M(32M) 0.237ms
[2025-10-28T12:32:41.859+0000][0.206s][info][gc,cpu      ] GC(122) User=0.00s Sys=0.00s Real=0.00s
[2025-10-28T12:32:41.859+0000][0.206s][info][gc          ] GC(123) Concurrent Undo Cycle
[2025-10-28T12:32:41.859+0000][0.206s][info][gc,marking  ] GC(123) Concurrent Clear Claimed Marks
[2025-10-28T12:32:41.859+0000][0.206s][info][gc,marking  ] GC(123) Concurrent Clear Claimed Marks 0.003ms
[2025-10-28T12:32:41.859+0000][0.206s][info][gc,marking  ] GC(123) Concurrent Cleanup for Next Mark
[2025-10-28T12:32:41.859+0000][0.206s][info][gc,marking  ] GC(123) Concurrent Cleanup for Next Mark 0.036ms
[2025-10-28T12:32:41.859+0000][0.206s][info][gc          ] GC(123) Concurrent Undo Cycle 0.068ms
[2025-10-28T12:32:41.859+0000][0.207s][info][gc,start    ] GC(124) Pause Young (Concurrent Start) (G1 Humongous Allocation)
[2025-10-28T12:32:41.859+0000][0.207s][info][gc,task     ] GC(124) Using 2 workers of 3 for evacuation
[2025-10-28T12:32:41.860+0000][0.207s][info][gc,phases   ] GC(124)   Pre Evacuate Collection Set: 0.0ms
[2025-10-28T12:32:41.860+0000][0.207s][info][gc,phases   ] GC(124)   Merge Heap Roots: 0.0ms
[2025-10-28T12:32:41.860+0000][0.207s][info][gc,phases   ] GC(124)   Evacuate Collection Set: 0.5ms
[2025-10-28T12:32:41.860+0000][0.207s][info][gc,phases   ] GC(124)   Post Evacuate Collection Set: 0.0ms
[2025-10-28T12:32:41.860+0000][0.207s][info][gc,phases   ] GC(124)   Other: 0.0ms
[2025-10-28T12:32:41.860+0000][0.207s][info][gc,heap     ] GC(124) Eden regions: 0->0(8)
[2025-10-28T12:32:41.860+0000][0.207s][info][gc,heap     ] GC(124) Survivor regions: 0->0(1)
[2025-10-28T12:32:41.860+0000][0.207s][info][gc,heap     ] GC(124) Old regions: 3->3
[2025-10-28T12:32:41.860+0000][0.207s][info][gc,heap     ] GC(124) Humongous regions: 11->10
[2025-10-28T12:32:41.860+0000][0.207s][info][gc,metaspace] GC(124) Metaspace: 70K(320K)->70K(320K) NonClass: 67K(192K)->67K(192K) Class: 3K(128K)->3K(128K)
[2025-10-28T12:32:41.860+0000][0.207s][info][gc          ] GC(124) Pause Young (Concurrent Start) (G1 Humongous Allocation) 12M->11M(32M) 0.750ms
[2025-10-28T12:32:41.860+0000][0.207s][info][gc,cpu      ] GC(124) User=0.00s Sys=0.00s Real=0.00s
[2025-10-28T12:32:41.860+0000][0.207s][info][gc          ] GC(125) Concurrent Undo Cycle
[2025-10-28T12:32:41.860+0000][0.207s][info][gc,marking  ] GC(125) Concurrent Clear Claimed Marks
[2025-10-28T12:32:41.860+0000][0.207s][info][gc,marking  ] GC(125) Concurrent Clear Claimed Marks 0.005ms
[2025-10-28T12:32:41.860+0000][0.207s][info][gc,marking  ] GC(125) Concurrent Cleanup for Next Mark
[2025-10-28T12:32:41.860+0000][0.207s][info][gc,marking  ] GC(125) Concurrent Cleanup for Next Mark 0.051ms
[2025-10-28T12:32:41.860+0000][0.207s][info][gc          ] GC(125) Concurrent Undo Cycle 0.101ms
[2025-10-28T12:32:41.860+0000][0.207s][info][gc,start    ] GC(126) Pause Young (Concurrent Start) (G1 Humongous Allocation)
[2025-10-28T12:32:41.860+0000][0.208s][info][gc,task     ] GC(126) Using 2 workers of 3 for evacuation
[2025-10-28T12:32:41.861+0000][0.208s][info][gc,phases   ] GC(126)   Pre Evacuate Collection Set: 0.0ms
[2025-10-28T12:32:41.861+0000][0.208s][info][gc,phases   ] GC(126)   Merge Heap Roots: 0.0ms
[2025-10-28T12:32:41.861+0000][0.208s][info][gc,phases   ] GC(126)   Evacuate Collection Set: 0.3ms
[2025-10-28T12:32:41.861+0000][0.208s][info][gc,phases   ] GC(126)   Post Evacuate Collection Set: 0.0ms
[2025-10-28T12:32:41.861+0000][0.208s][info][gc,phases   ] GC(126)   Other: 0.0ms
[2025-10-28T12:32:41.861+0000][0.208s][info][gc,heap     ] GC(126) Eden regions: 0->0(8)
[2025-10-28T12:32:41.861+0000][0.208s][info][gc,heap     ] GC(126) Survivor regions: 0->0(1)
[2025-10-28T12:32:41.861+0000][0.208s][info][gc,heap     ] GC(126) Old regions: 3->3
[2025-10-28T12:32:41.861+0000][0.208s][info][gc,heap     ] GC(126) Humongous regions: 11->10
[2025-10-28T12:32:41.861+0000][0.208s][info][gc,metaspace] GC(126) Metaspace: 70K(320K)->70K(320K) NonClass: 67K(192K)->67K(192K) Class: 3K(128K)->3K(128K)
[2025-10-28T12:32:41.861+0000][0.208s][info][gc          ] GC(126) Pause Young (Concurrent Start) (G1 Humongous Allocation) 12M->11M(32M) 0.497ms
[2025-10-28T12:32:41.861+0000][0.208s][info][gc,cpu      ] GC(126) User=0.00s Sys=0.00s Real=0.00s
[2025-10-28T12:32:41.861+0000][0.208s][info][gc          ] GC(127) Concurrent Undo Cycle
[2025-10-28T12:32:41.861+0000][0.208s][info][gc,marking  ] GC(127) Concurrent Clear Claimed Marks
[2025-10-28T12:32:41.861+0000][0.208s][info][gc,marking  ] GC(127) Concurrent Clear Claimed Marks 0.011ms
[2025-10-28T12:32:41.861+0000][0.208s][info][gc,marking  ] GC(127) Concurrent Cleanup for Next Mark
[2025-10-28T12:32:41.861+0000][0.208s][info][gc,marking  ] GC(127) Concurrent Cleanup for Next Mark 0.105ms
[2025-10-28T12:32:41.861+0000][0.208s][info][gc          ] GC(127) Concurrent Undo Cycle 0.230ms
[2025-10-28T12:32:41.861+0000][0.208s][info][gc,start    ] GC(128) Pause Young (Concurrent Start) (G1 Humongous Allocation)
[2025-10-28T12:32:41.861+0000][0.208s][info][gc,task     ] GC(128) Using 2 workers of 3 for evacuation
[2025-10-28T12:32:41.861+0000][0.209s][info][gc,phases   ] GC(128)   Pre Evacuate Collection Set: 0.0ms
[2025-10-28T12:32:41.861+0000][0.209s][info][gc,phases   ] GC(128)   Merge Heap Roots: 0.0ms
[2025-10-28T12:32:41.861+0000][0.209s][info][gc,phases   ] GC(128)   Evacuate Collection Set: 0.1ms
[2025-10-28T12:32:41.861+0000][0.209s][info][gc,phases   ] GC(128)   Post Evacuate Collection Set: 0.1ms
[2025-10-28T12:32:41.861+0000][0.209s][info][gc,phases   ] GC(128)   Other: 0.0ms
[2025-10-28T12:32:41.861+0000][0.209s][info][gc,heap     ] GC(128) Eden regions: 0->0(8)
[2025-10-28T12:32:41.861+0000][0.209s][info][gc,heap     ] GC(128) Survivor regions: 0->0(1)
[2025-10-28T12:32:41.861+0000][0.209s][info][gc,heap     ] GC(128) Old regions: 3->3
[2025-10-28T12:32:41.861+0000][0.209s][info][gc,heap     ] GC(128) Humongous regions: 14->10
[2025-10-28T12:32:41.861+0000][0.209s][info][gc,metaspace] GC(128) Metaspace: 70K(320K)->70K(320K) NonClass: 67K(192K)->67K(192K) Class: 3K(128K)->3K(128K)
[2025-10-28T12:32:41.861+0000][0.209s][info][gc          ] GC(128) Pause Young (Concurrent Start) (G1 Humongous Allocation) 15M->11M(32M) 0.275ms
[2025-10-28T12:32:41.861+0000][0.209s][info][gc,cpu      ] GC(128) User=0.00s Sys=0.00s Real=0.00s
[2025-10-28T12:32:41.861+0000][0.209s][info][gc          ] GC(129) Concurrent Undo Cycle
[2025-10-28T12:32:41.861+0000][0.209s][info][gc,marking  ] GC(129) Concurrent Clear Claimed Marks
[2025-10-28T12:32:41.861+0000][0.209s][info][gc,marking  ] GC(129) Concurrent Clear Claimed Marks 0.004ms
[2025-10-28T12:32:41.861+0000][0.209s][info][gc,marking  ] GC(129) Concurrent Cleanup for Next Mark
[2025-10-28T12:32:41.861+0000][0.209s][info][gc,marking  ] GC(129) Concurrent Cleanup for Next Mark 0.068ms
[2025-10-28T12:32:41.861+0000][0.209s][info][gc          ] GC(129) Concurrent Undo Cycle 0.119ms
[2025-10-28T12:32:41.862+0000][0.209s][info][gc,start    ] GC(130) Pause Young (Concurrent Start) (G1 Humongous Allocation)
[2025-10-28T12:32:41.862+0000][0.209s][info][gc,task     ] GC(130) Using 2 workers of 3 for evacuation
[2025-10-28T12:32:41.862+0000][0.209s][info][gc,phases   ] GC(130)   Pre Evacuate Collection Set: 0.0ms
[2025-10-28T12:32:41.862+0000][0.209s][info][gc,phases   ] GC(130)   Merge Heap Roots: 0.0ms
[2025-10-28T12:32:41.862+0000][0.209s][info][gc,phases   ] GC(130)   Evacuate Collection Set: 0.1ms
[2025-10-28T12:32:41.862+0000][0.209s][info][gc,phases   ] GC(130)   Post Evacuate Collection Set: 0.0ms
[2025-10-28T12:32:41.862+0000][0.209s][info][gc,phases   ] GC(130)   Other: 0.0ms
[2025-10-28T12:32:41.862+0000][0.209s][info][gc,heap     ] GC(130) Eden regions: 0->0(8)
[2025-10-28T12:32:41.862+0000][0.209s][info][gc,heap     ] GC(130) Survivor regions: 0->0(1)
[2025-10-28T12:32:41.862+0000][0.209s][info][gc,heap     ] GC(130) Old regions: 3->3
[2025-10-28T12:32:41.862+0000][0.209s][info][gc,heap     ] GC(130) Humongous regions: 12->10
[2025-10-28T12:32:41.862+0000][0.209s][info][gc,metaspace] GC(130) Metaspace: 70K(320K)->70K(320K) NonClass: 67K(192K)->67K(192K) Class: 3K(128K)->3K(128K)
[2025-10-28T12:32:41.862+0000][0.209s][info][gc          ] GC(130) Pause Young (Concurrent Start) (G1 Humongous Allocation) 13M->11M(32M) 0.265ms
[2025-10-28T12:32:41.862+0000][0.209s][info][gc,cpu      ] GC(130) User=0.00s Sys=0.00s Real=0.00s
[2025-10-28T12:32:41.862+0000][0.209s][info][gc          ] GC(131) Concurrent Undo Cycle
[2025-10-28T12:32:41.862+0000][0.209s][info][gc,marking  ] GC(131) Concurrent Clear Claimed Marks
[2025-10-28T12:32:41.862+0000][0.209s][info][gc,marking  ] GC(131) Concurrent Clear Claimed Marks 0.006ms
[2025-10-28T12:32:41.862+0000][0.209s][info][gc,marking  ] GC(131) Concurrent Cleanup for Next Mark
[2025-10-28T12:32:41.862+0000][0.209s][info][gc,marking  ] GC(131) Concurrent Cleanup for Next Mark 0.084ms
[2025-10-28T12:32:41.862+0000][0.209s][info][gc          ] GC(131) Concurrent Undo Cycle 0.132ms
[2025-10-28T12:32:41.862+0000][0.209s][info][gc,start    ] GC(132) Pause Young (Concurrent Start) (G1 Humongous Allocation)
[2025-10-28T12:32:41.862+0000][0.209s][info][gc,task     ] GC(132) Using 2 workers of 3 for evacuation
[2025-10-28T12:32:41.863+0000][0.210s][info][gc,phases   ] GC(132)   Pre Evacuate Collection Set: 0.0ms
[2025-10-28T12:32:41.863+0000][0.210s][info][gc,phases   ] GC(132)   Merge Heap Roots: 0.0ms
[2025-10-28T12:32:41.863+0000][0.210s][info][gc,phases   ] GC(132)   Evacuate Collection Set: 0.5ms
[2025-10-28T12:32:41.863+0000][0.210s][info][gc,phases   ] GC(132)   Post Evacuate Collection Set: 0.1ms
[2025-10-28T12:32:41.863+0000][0.210s][info][gc,phases   ] GC(132)   Other: 0.0ms
[2025-10-28T12:32:41.863+0000][0.210s][info][gc,heap     ] GC(132) Eden regions: 0->0(8)
[2025-10-28T12:32:41.863+0000][0.210s][info][gc,heap     ] GC(132) Survivor regions: 0->0(1)
[2025-10-28T12:32:41.863+0000][0.210s][info][gc,heap     ] GC(132) Old regions: 3->3
[2025-10-28T12:32:41.863+0000][0.210s][info][gc,heap     ] GC(132) Humongous regions: 13->10
[2025-10-28T12:32:41.863+0000][0.210s][info][gc,metaspace] GC(132) Metaspace: 70K(320K)->70K(320K) NonClass: 67K(192K)->67K(192K) Class: 3K(128K)->3K(128K)
[2025-10-28T12:32:41.863+0000][0.210s][info][gc          ] GC(132) Pause Young (Concurrent Start) (G1 Humongous Allocation) 14M->11M(32M) 0.744ms
[2025-10-28T12:32:41.863+0000][0.210s][info][gc,cpu      ] GC(132) User=0.00s Sys=0.00s Real=0.00s
[2025-10-28T12:32:41.863+0000][0.210s][info][gc          ] GC(133) Concurrent Undo Cycle
[2025-10-28T12:32:41.863+0000][0.210s][info][gc,marking  ] GC(133) Concurrent Clear Claimed Marks
[2025-10-28T12:32:41.863+0000][0.210s][info][gc,marking  ] GC(133) Concurrent Clear Claimed Marks 0.021ms
[2025-10-28T12:32:41.863+0000][0.210s][info][gc,marking  ] GC(133) Concurrent Cleanup for Next Mark
[2025-10-28T12:32:41.863+0000][0.210s][info][gc,marking  ] GC(133) Concurrent Cleanup for Next Mark 0.193ms
[2025-10-28T12:32:41.863+0000][0.211s][info][gc          ] GC(133) Concurrent Undo Cycle 0.278ms
[2025-10-28T12:32:41.863+0000][0.211s][info][gc,start    ] GC(134) Pause Young (Concurrent Start) (G1 Humongous Allocation)
[2025-10-28T12:32:41.863+0000][0.211s][info][gc,task     ] GC(134) Using 2 workers of 3 for evacuation
[2025-10-28T12:32:41.863+0000][0.211s][info][gc,phases   ] GC(134)   Pre Evacuate Collection Set: 0.0ms
[2025-10-28T12:32:41.863+0000][0.211s][info][gc,phases   ] GC(134)   Merge Heap Roots: 0.0ms
[2025-10-28T12:32:41.864+0000][0.211s][info][gc,phases   ] GC(134)   Evacuate Collection Set: 0.1ms
[2025-10-28T12:32:41.864+0000][0.211s][info][gc,phases   ] GC(134)   Post Evacuate Collection Set: 0.1ms
[2025-10-28T12:32:41.864+0000][0.211s][info][gc,phases   ] GC(134)   Other: 0.0ms
[2025-10-28T12:32:41.864+0000][0.211s][info][gc,heap     ] GC(134) Eden regions: 0->0(8)
[2025-10-28T12:32:41.864+0000][0.211s][info][gc,heap     ] GC(134) Survivor regions: 0->0(1)
[2025-10-28T12:32:41.864+0000][0.211s][info][gc,heap     ] GC(134) Old regions: 3->3
[2025-10-28T12:32:41.864+0000][0.211s][info][gc,heap     ] GC(134) Humongous regions: 14->10
[2025-10-28T12:32:41.864+0000][0.211s][info][gc,metaspace] GC(134) Metaspace: 70K(320K)->70K(320K) NonClass: 67K(192K)->67K(192K) Class: 3K(128K)->3K(128K)
[2025-10-28T12:32:41.864+0000][0.211s][info][gc          ] GC(134) Pause Young (Concurrent Start) (G1 Humongous Allocation) 15M->11M(32M) 0.293ms
[2025-10-28T12:32:41.864+0000][0.211s][info][gc,cpu      ] GC(134) User=0.00s Sys=0.00s Real=0.00s
[2025-10-28T12:32:41.864+0000][0.211s][info][gc          ] GC(135) Concurrent Undo Cycle
[2025-10-28T12:32:41.864+0000][0.211s][info][gc,marking  ] GC(135) Concurrent Clear Claimed Marks
[2025-10-28T12:32:41.864+0000][0.211s][info][gc,marking  ] GC(135) Concurrent Clear Claimed Marks 0.006ms
[2025-10-28T12:32:41.864+0000][0.211s][info][gc,marking  ] GC(135) Concurrent Cleanup for Next Mark
[2025-10-28T12:32:41.864+0000][0.211s][info][gc,marking  ] GC(135) Concurrent Cleanup for Next Mark 0.049ms
[2025-10-28T12:32:41.864+0000][0.211s][info][gc          ] GC(135) Concurrent Undo Cycle 0.104ms
[2025-10-28T12:32:41.864+0000][0.211s][info][gc,start    ] GC(136) Pause Young (Concurrent Start) (G1 Humongous Allocation)
[2025-10-28T12:32:41.864+0000][0.211s][info][gc,task     ] GC(136) Using 2 workers of 3 for evacuation
[2025-10-28T12:32:41.864+0000][0.212s][info][gc,phases   ] GC(136)   Pre Evacuate Collection Set: 0.1ms
[2025-10-28T12:32:41.864+0000][0.212s][info][gc,phases   ] GC(136)   Merge Heap Roots: 0.0ms
[2025-10-28T12:32:41.864+0000][0.212s][info][gc,phases   ] GC(136)   Evacuate Collection Set: 0.3ms
[2025-10-28T12:32:41.864+0000][0.212s][info][gc,phases   ] GC(136)   Post Evacuate Collection Set: 0.0ms
[2025-10-28T12:32:41.864+0000][0.212s][info][gc,phases   ] GC(136)   Other: 0.0ms
[2025-10-28T12:32:41.864+0000][0.212s][info][gc,heap     ] GC(136) Eden regions: 0->0(8)
[2025-10-28T12:32:41.864+0000][0.212s][info][gc,heap     ] GC(136) Survivor regions: 0->0(1)
[2025-10-28T12:32:41.864+0000][0.212s][info][gc,heap     ] GC(136) Old regions: 3->3
[2025-10-28T12:32:41.864+0000][0.212s][info][gc,heap     ] GC(136) Humongous regions: 11->10
[2025-10-28T12:32:41.864+0000][0.212s][info][gc,metaspace] GC(136) Metaspace: 70K(320K)->70K(320K) NonClass: 67K(192K)->67K(192K) Class: 3K(128K)->3K(128K)
[2025-10-28T12:32:41.864+0000][0.212s][info][gc          ] GC(136) Pause Young (Concurrent Start) (G1 Humongous Allocation) 12M->11M(32M) 0.630ms
[2025-10-28T12:32:41.864+0000][0.212s][info][gc,cpu      ] GC(136) User=0.00s Sys=0.00s Real=0.00s
[2025-10-28T12:32:41.864+0000][0.212s][info][gc          ] GC(137) Concurrent Undo Cycle
[2025-10-28T12:32:41.864+0000][0.212s][info][gc,marking  ] GC(137) Concurrent Clear Claimed Marks
[2025-10-28T12:32:41.864+0000][0.212s][info][gc,marking  ] GC(137) Concurrent Clear Claimed Marks 0.006ms
[2025-10-28T12:32:41.864+0000][0.212s][info][gc,marking  ] GC(137) Concurrent Cleanup for Next Mark
[2025-10-28T12:32:41.865+0000][0.212s][info][gc,marking  ] GC(137) Concurrent Cleanup for Next Mark 0.064ms
[2025-10-28T12:32:41.865+0000][0.212s][info][gc          ] GC(137) Concurrent Undo Cycle 0.109ms
[2025-10-28T12:32:41.865+0000][0.212s][info][gc,start    ] GC(138) Pause Young (Concurrent Start) (G1 Humongous Allocation)
[2025-10-28T12:32:41.865+0000][0.212s][info][gc,task     ] GC(138) Using 2 workers of 3 for evacuation
[2025-10-28T12:32:41.865+0000][0.212s][info][gc,phases   ] GC(138)   Pre Evacuate Collection Set: 0.0ms
[2025-10-28T12:32:41.865+0000][0.212s][info][gc,phases   ] GC(138)   Merge Heap Roots: 0.0ms
[2025-10-28T12:32:41.865+0000][0.212s][info][gc,phases   ] GC(138)   Evacuate Collection Set: 0.1ms
[2025-10-28T12:32:41.865+0000][0.212s][info][gc,phases   ] GC(138)   Post Evacuate Collection Set: 0.1ms
[2025-10-28T12:32:41.865+0000][0.212s][info][gc,phases   ] GC(138)   Other: 0.0ms
[2025-10-28T12:32:41.865+0000][0.212s][info][gc,heap     ] GC(138) Eden regions: 0->0(8)
[2025-10-28T12:32:41.865+0000][0.212s][info][gc,heap     ] GC(138) Survivor regions: 0->0(1)
[2025-10-28T12:32:41.865+0000][0.212s][info][gc,heap     ] GC(138) Old regions: 3->3
[2025-10-28T12:32:41.865+0000][0.212s][info][gc,heap     ] GC(138) Humongous regions: 11->10
[2025-10-28T12:32:41.865+0000][0.212s][info][gc,metaspace] GC(138) Metaspace: 70K(320K)->70K(320K) NonClass: 67K(192K)->67K(192K) Class: 3K(128K)->3K(128K)
[2025-10-28T12:32:41.865+0000][0.212s][info][gc          ] GC(138) Pause Young (Concurrent Start) (G1 Humongous Allocation) 12M->11M(32M) 0.243ms
[2025-10-28T12:32:41.865+0000][0.212s][info][gc,cpu      ] GC(138) User=0.00s Sys=0.00s Real=0.00s
[2025-10-28T12:32:41.865+0000][0.212s][info][gc          ] GC(139) Concurrent Undo Cycle
[2025-10-28T12:32:41.865+0000][0.212s][info][gc,marking  ] GC(139) Concurrent Clear Claimed Marks
[2025-10-28T12:32:41.865+0000][0.212s][info][gc,marking  ] GC(139) Concurrent Clear Claimed Marks 0.004ms
[2025-10-28T12:32:41.865+0000][0.212s][info][gc,marking  ] GC(139) Concurrent Cleanup for Next Mark
[2025-10-28T12:32:41.865+0000][0.213s][info][gc,marking  ] GC(139) Concurrent Cleanup for Next Mark 0.290ms
[2025-10-28T12:32:41.865+0000][0.213s][info][gc          ] GC(139) Concurrent Undo Cycle 0.337ms
[2025-10-28T12:32:41.865+0000][0.213s][info][gc,start    ] GC(140) Pause Young (Concurrent Start) (G1 Humongous Allocation)
[2025-10-28T12:32:41.865+0000][0.213s][info][gc,task     ] GC(140) Using 2 workers of 3 for evacuation
[2025-10-28T12:32:41.866+0000][0.213s][info][gc,phases   ] GC(140)   Pre Evacuate Collection Set: 0.0ms
[2025-10-28T12:32:41.866+0000][0.213s][info][gc,phases   ] GC(140)   Merge Heap Roots: 0.0ms
[2025-10-28T12:32:41.866+0000][0.213s][info][gc,phases   ] GC(140)   Evacuate Collection Set: 0.1ms
[2025-10-28T12:32:41.866+0000][0.213s][info][gc,phases   ] GC(140)   Post Evacuate Collection Set: 0.1ms
[2025-10-28T12:32:41.866+0000][0.213s][info][gc,phases   ] GC(140)   Other: 0.0ms
[2025-10-28T12:32:41.866+0000][0.213s][info][gc,heap     ] GC(140) Eden regions: 0->0(8)
[2025-10-28T12:32:41.866+0000][0.213s][info][gc,heap     ] GC(140) Survivor regions: 0->0(1)
[2025-10-28T12:32:41.866+0000][0.213s][info][gc,heap     ] GC(140) Old regions: 3->3
[2025-10-28T12:32:41.866+0000][0.213s][info][gc,heap     ] GC(140) Humongous regions: 11->10
[2025-10-28T12:32:41.866+0000][0.213s][info][gc,metaspace] GC(140) Metaspace: 70K(320K)->70K(320K) NonClass: 67K(192K)->67K(192K) Class: 3K(128K)->3K(128K)
[2025-10-28T12:32:41.866+0000][0.213s][info][gc          ] GC(140) Pause Young (Concurrent Start) (G1 Humongous Allocation) 12M->11M(32M) 0.254ms
[2025-10-28T12:32:41.866+0000][0.213s][info][gc,cpu      ] GC(140) User=0.00s Sys=0.00s Real=0.00s
[2025-10-28T12:32:41.866+0000][0.213s][info][gc          ] GC(141) Concurrent Undo Cycle
[2025-10-28T12:32:41.866+0000][0.213s][info][gc,marking  ] GC(141) Concurrent Clear Claimed Marks
[2025-10-28T12:32:41.866+0000][0.213s][info][gc,marking  ] GC(141) Concurrent Clear Claimed Marks 0.006ms
[2025-10-28T12:32:41.866+0000][0.213s][info][gc,marking  ] GC(141) Concurrent Cleanup for Next Mark
[2025-10-28T12:32:41.866+0000][0.213s][info][gc,marking  ] GC(141) Concurrent Cleanup for Next Mark 0.060ms
[2025-10-28T12:32:41.866+0000][0.213s][info][gc          ] GC(141) Concurrent Undo Cycle 0.103ms
[2025-10-28T12:32:41.866+0000][0.213s][info][gc,start    ] GC(142) Pause Young (Concurrent Start) (G1 Humongous Allocation)
[2025-10-28T12:32:41.866+0000][0.213s][info][gc,task     ] GC(142) Using 2 workers of 3 for evacuation
[2025-10-28T12:32:41.866+0000][0.214s][info][gc,phases   ] GC(142)   Pre Evacuate Collection Set: 0.0ms
[2025-10-28T12:32:41.866+0000][0.214s][info][gc,phases   ] GC(142)   Merge Heap Roots: 0.0ms
[2025-10-28T12:32:41.866+0000][0.214s][info][gc,phases   ] GC(142)   Evacuate Collection Set: 0.0ms
[2025-10-28T12:32:41.866+0000][0.214s][info][gc,phases   ] GC(142)   Post Evacuate Collection Set: 0.1ms
[2025-10-28T12:32:41.866+0000][0.214s][info][gc,phases   ] GC(142)   Other: 0.0ms
[2025-10-28T12:32:41.866+0000][0.214s][info][gc,heap     ] GC(142) Eden regions: 0->0(8)
[2025-10-28T12:32:41.866+0000][0.214s][info][gc,heap     ] GC(142) Survivor regions: 0->0(1)
[2025-10-28T12:32:41.866+0000][0.214s][info][gc,heap     ] GC(142) Old regions: 3->3
[2025-10-28T12:32:41.866+0000][0.214s][info][gc,heap     ] GC(142) Humongous regions: 11->10
[2025-10-28T12:32:41.866+0000][0.214s][info][gc,metaspace] GC(142) Metaspace: 70K(320K)->70K(320K) NonClass: 67K(192K)->67K(192K) Class: 3K(128K)->3K(128K)
[2025-10-28T12:32:41.866+0000][0.214s][info][gc          ] GC(142) Pause Young (Concurrent Start) (G1 Humongous Allocation) 12M->11M(32M) 0.318ms
[2025-10-28T12:32:41.866+0000][0.214s][info][gc,cpu      ] GC(142) User=0.00s Sys=0.00s Real=0.00s
[2025-10-28T12:32:41.866+0000][0.214s][info][gc          ] GC(143) Concurrent Undo Cycle
[2025-10-28T12:32:41.866+0000][0.214s][info][gc,marking  ] GC(143) Concurrent Clear Claimed Marks
[2025-10-28T12:32:41.866+0000][0.214s][info][gc,marking  ] GC(143) Concurrent Clear Claimed Marks 0.006ms
[2025-10-28T12:32:41.866+0000][0.214s][info][gc,marking  ] GC(143) Concurrent Cleanup for Next Mark
[2025-10-28T12:32:41.866+0000][0.214s][info][gc,marking  ] GC(143) Concurrent Cleanup for Next Mark 0.053ms
[2025-10-28T12:32:41.866+0000][0.214s][info][gc          ] GC(143) Concurrent Undo Cycle 0.097ms
[2025-10-28T12:32:41.867+0000][0.214s][info][gc,start    ] GC(144) Pause Young (Concurrent Start) (G1 Humongous Allocation)
[2025-10-28T12:32:41.867+0000][0.214s][info][gc,task     ] GC(144) Using 2 workers of 3 for evacuation
[2025-10-28T12:32:41.867+0000][0.214s][info][gc,phases   ] GC(144)   Pre Evacuate Collection Set: 0.0ms
[2025-10-28T12:32:41.867+0000][0.214s][info][gc,phases   ] GC(144)   Merge Heap Roots: 0.0ms
[2025-10-28T12:32:41.867+0000][0.214s][info][gc,phases   ] GC(144)   Evacuate Collection Set: 0.1ms
[2025-10-28T12:32:41.867+0000][0.214s][info][gc,phases   ] GC(144)   Post Evacuate Collection Set: 0.1ms
[2025-10-28T12:32:41.867+0000][0.214s][info][gc,phases   ] GC(144)   Other: 0.0ms
[2025-10-28T12:32:41.867+0000][0.214s][info][gc,heap     ] GC(144) Eden regions: 0->0(8)
[2025-10-28T12:32:41.867+0000][0.214s][info][gc,heap     ] GC(144) Survivor regions: 0->0(1)
[2025-10-28T12:32:41.867+0000][0.214s][info][gc,heap     ] GC(144) Old regions: 3->3
[2025-10-28T12:32:41.867+0000][0.214s][info][gc,heap     ] GC(144) Humongous regions: 11->10
[2025-10-28T12:32:41.867+0000][0.214s][info][gc,metaspace] GC(144) Metaspace: 70K(320K)->70K(320K) NonClass: 67K(192K)->67K(192K) Class: 3K(128K)->3K(128K)
[2025-10-28T12:32:41.867+0000][0.214s][info][gc          ] GC(144) Pause Young (Concurrent Start) (G1 Humongous Allocation) 12M->11M(32M) 0.301ms
[2025-10-28T12:32:41.867+0000][0.214s][info][gc,cpu      ] GC(144) User=0.00s Sys=0.00s Real=0.00s
[2025-10-28T12:32:41.867+0000][0.214s][info][gc          ] GC(145) Concurrent Undo Cycle
[2025-10-28T12:32:41.867+0000][0.214s][info][gc,marking  ] GC(145) Concurrent Clear Claimed Marks
[2025-10-28T12:32:41.867+0000][0.214s][info][gc,marking  ] GC(145) Concurrent Clear Claimed Marks 0.005ms
[2025-10-28T12:32:41.867+0000][0.214s][info][gc,marking  ] GC(145) Concurrent Cleanup for Next Mark
[2025-10-28T12:32:41.867+0000][0.214s][info][gc,marking  ] GC(145) Concurrent Cleanup for Next Mark 0.052ms
[2025-10-28T12:32:41.867+0000][0.214s][info][gc          ] GC(145) Concurrent Undo Cycle 0.098ms
[2025-10-28T12:32:41.867+0000][0.214s][info][gc,start    ] GC(146) Pause Young (Concurrent Start) (G1 Humongous Allocation)
[2025-10-28T12:32:41.867+0000][0.214s][info][gc,task     ] GC(146) Using 2 workers of 3 for evacuation
[2025-10-28T12:32:41.868+0000][0.215s][info][gc,phases   ] GC(146)   Pre Evacuate Collection Set: 0.1ms
[2025-10-28T12:32:41.868+0000][0.215s][info][gc,phases   ] GC(146)   Merge Heap Roots: 0.0ms
[2025-10-28T12:32:41.868+0000][0.215s][info][gc,phases   ] GC(146)   Evacuate Collection Set: 0.5ms
[2025-10-28T12:32:41.868+0000][0.215s][info][gc,phases   ] GC(146)   Post Evacuate Collection Set: 0.1ms
[2025-10-28T12:32:41.868+0000][0.215s][info][gc,phases   ] GC(146)   Other: 0.1ms
[2025-10-28T12:32:41.868+0000][0.215s][info][gc,heap     ] GC(146) Eden regions: 0->0(8)
[2025-10-28T12:32:41.868+0000][0.215s][info][gc,heap     ] GC(146) Survivor regions: 0->0(1)
[2025-10-28T12:32:41.868+0000][0.215s][info][gc,heap     ] GC(146) Old regions: 3->3
[2025-10-28T12:32:41.868+0000][0.215s][info][gc,heap     ] GC(146) Humongous regions: 11->10
[2025-10-28T12:32:41.868+0000][0.215s][info][gc,metaspace] GC(146) Metaspace: 70K(320K)->70K(320K) NonClass: 67K(192K)->67K(192K) Class: 3K(128K)->3K(128K)
[2025-10-28T12:32:41.868+0000][0.215s][info][gc          ] GC(146) Pause Young (Concurrent Start) (G1 Humongous Allocation) 12M->11M(32M) 0.855ms
[2025-10-28T12:32:41.868+0000][0.215s][info][gc,cpu      ] GC(146) User=0.00s Sys=0.00s Real=0.00s
[2025-10-28T12:32:41.868+0000][0.215s][info][gc          ] GC(147) Concurrent Undo Cycle
[2025-10-28T12:32:41.868+0000][0.215s][info][gc,marking  ] GC(147) Concurrent Clear Claimed Marks
[2025-10-28T12:32:41.868+0000][0.215s][info][gc,marking  ] GC(147) Concurrent Clear Claimed Marks 0.006ms
[2025-10-28T12:32:41.868+0000][0.215s][info][gc,marking  ] GC(147) Concurrent Cleanup for Next Mark
[2025-10-28T12:32:41.868+0000][0.215s][info][gc,marking  ] GC(147) Concurrent Cleanup for Next Mark 0.104ms
[2025-10-28T12:32:41.868+0000][0.215s][info][gc          ] GC(147) Concurrent Undo Cycle 0.148ms
[2025-10-28T12:32:41.868+0000][0.216s][info][gc,start    ] GC(148) Pause Young (Concurrent Start) (G1 Humongous Allocation)
[2025-10-28T12:32:41.868+0000][0.216s][info][gc,task     ] GC(148) Using 2 workers of 3 for evacuation
[2025-10-28T12:32:41.869+0000][0.216s][info][gc,phases   ] GC(148)   Pre Evacuate Collection Set: 0.1ms
[2025-10-28T12:32:41.869+0000][0.216s][info][gc,phases   ] GC(148)   Merge Heap Roots: 0.0ms
[2025-10-28T12:32:41.869+0000][0.216s][info][gc,phases   ] GC(148)   Evacuate Collection Set: 0.1ms
[2025-10-28T12:32:41.869+0000][0.216s][info][gc,phases   ] GC(148)   Post Evacuate Collection Set: 0.1ms
[2025-10-28T12:32:41.869+0000][0.216s][info][gc,phases   ] GC(148)   Other: 0.0ms
[2025-10-28T12:32:41.869+0000][0.216s][info][gc,heap     ] GC(148) Eden regions: 0->0(8)
[2025-10-28T12:32:41.869+0000][0.216s][info][gc,heap     ] GC(148) Survivor regions: 0->0(1)
[2025-10-28T12:32:41.869+0000][0.216s][info][gc,heap     ] GC(148) Old regions: 3->3
[2025-10-28T12:32:41.869+0000][0.216s][info][gc,heap     ] GC(148) Humongous regions: 11->10
[2025-10-28T12:32:41.869+0000][0.216s][info][gc,metaspace] GC(148) Metaspace: 70K(320K)->70K(320K) NonClass: 67K(192K)->67K(192K) Class: 3K(128K)->3K(128K)
[2025-10-28T12:32:41.869+0000][0.216s][info][gc          ] GC(148) Pause Young (Concurrent Start) (G1 Humongous Allocation) 12M->11M(32M) 0.475ms
[2025-10-28T12:32:41.869+0000][0.216s][info][gc,cpu      ] GC(148) User=0.00s Sys=0.00s Real=0.00s
[2025-10-28T12:32:41.869+0000][0.216s][info][gc          ] GC(149) Concurrent Undo Cycle
[2025-10-28T12:32:41.869+0000][0.216s][info][gc,marking  ] GC(149) Concurrent Clear Claimed Marks
[2025-10-28T12:32:41.869+0000][0.216s][info][gc,marking  ] GC(149) Concurrent Clear Claimed Marks 0.006ms
[2025-10-28T12:32:41.869+0000][0.216s][info][gc,marking  ] GC(149) Concurrent Cleanup for Next Mark
[2025-10-28T12:32:41.869+0000][0.216s][info][gc,marking  ] GC(149) Concurrent Cleanup for Next Mark 0.055ms
[2025-10-28T12:32:41.869+0000][0.216s][info][gc          ] GC(149) Concurrent Undo Cycle 0.140ms
[2025-10-28T12:32:41.869+0000][0.216s][info][gc,start    ] GC(150) Pause Young (Concurrent Start) (G1 Humongous Allocation)
[2025-10-28T12:32:41.869+0000][0.216s][info][gc,task     ] GC(150) Using 2 workers of 3 for evacuation
[2025-10-28T12:32:41.869+0000][0.217s][info][gc,phases   ] GC(150)   Pre Evacuate Collection Set: 0.1ms
[2025-10-28T12:32:41.869+0000][0.217s][info][gc,phases   ] GC(150)   Merge Heap Roots: 0.0ms
[2025-10-28T12:32:41.869+0000][0.217s][info][gc,phases   ] GC(150)   Evacuate Collection Set: 0.1ms
[2025-10-28T12:32:41.869+0000][0.217s][info][gc,phases   ] GC(150)   Post Evacuate Collection Set: 0.1ms
[2025-10-28T12:32:41.869+0000][0.217s][info][gc,phases   ] GC(150)   Other: 0.0ms
[2025-10-28T12:32:41.869+0000][0.217s][info][gc,heap     ] GC(150) Eden regions: 0->0(8)
[2025-10-28T12:32:41.869+0000][0.217s][info][gc,heap     ] GC(150) Survivor regions: 0->0(1)
[2025-10-28T12:32:41.869+0000][0.217s][info][gc,heap     ] GC(150) Old regions: 3->3
[2025-10-28T12:32:41.869+0000][0.217s][info][gc,heap     ] GC(150) Humongous regions: 11->10
[2025-10-28T12:32:41.869+0000][0.217s][info][gc,metaspace] GC(150) Metaspace: 70K(320K)->70K(320K) NonClass: 67K(192K)->67K(192K) Class: 3K(128K)->3K(128K)
[2025-10-28T12:32:41.869+0000][0.217s][info][gc          ] GC(150) Pause Young (Concurrent Start) (G1 Humongous Allocation) 12M->11M(32M) 0.399ms
[2025-10-28T12:32:41.869+0000][0.217s][info][gc,cpu      ] GC(150) User=0.00s Sys=0.00s Real=0.00s
[2025-10-28T12:32:41.869+0000][0.217s][info][gc          ] GC(151) Concurrent Undo Cycle
[2025-10-28T12:32:41.869+0000][0.217s][info][gc,marking  ] GC(151) Concurrent Clear Claimed Marks
[2025-10-28T12:32:41.869+0000][0.217s][info][gc,marking  ] GC(151) Concurrent Clear Claimed Marks 0.006ms
[2025-10-28T12:32:41.869+0000][0.217s][info][gc,marking  ] GC(151) Concurrent Cleanup for Next Mark
[2025-10-28T12:32:41.869+0000][0.217s][info][gc,marking  ] GC(151) Concurrent Cleanup for Next Mark 0.056ms
[2025-10-28T12:32:41.869+0000][0.217s][info][gc          ] GC(151) Concurrent Undo Cycle 0.093ms
[2025-10-28T12:32:41.870+0000][0.217s][info][gc,start    ] GC(152) Pause Young (Concurrent Start) (G1 Humongous Allocation)
[2025-10-28T12:32:41.870+0000][0.217s][info][gc,task     ] GC(152) Using 2 workers of 3 for evacuation
[2025-10-28T12:32:41.870+0000][0.217s][info][gc,phases   ] GC(152)   Pre Evacuate Collection Set: 0.0ms
[2025-10-28T12:32:41.870+0000][0.217s][info][gc,phases   ] GC(152)   Merge Heap Roots: 0.1ms
[2025-10-28T12:32:41.870+0000][0.217s][info][gc,phases   ] GC(152)   Evacuate Collection Set: 0.3ms
[2025-10-28T12:32:41.870+0000][0.217s][info][gc,phases   ] GC(152)   Post Evacuate Collection Set: 0.1ms
[2025-10-28T12:32:41.870+0000][0.217s][info][gc,phases   ] GC(152)   Other: 0.0ms
[2025-10-28T12:32:41.870+0000][0.217s][info][gc,heap     ] GC(152) Eden regions: 0->0(8)
[2025-10-28T12:32:41.870+0000][0.217s][info][gc,heap     ] GC(152) Survivor regions: 0->0(1)
[2025-10-28T12:32:41.870+0000][0.217s][info][gc,heap     ] GC(152) Old regions: 3->3
[2025-10-28T12:32:41.870+0000][0.217s][info][gc,heap     ] GC(152) Humongous regions: 11->10
[2025-10-28T12:32:41.870+0000][0.217s][info][gc,metaspace] GC(152) Metaspace: 70K(320K)->70K(320K) NonClass: 67K(192K)->67K(192K) Class: 3K(128K)->3K(128K)
[2025-10-28T12:32:41.870+0000][0.217s][info][gc          ] GC(152) Pause Young (Concurrent Start) (G1 Humongous Allocation) 12M->11M(32M) 0.553ms
[2025-10-28T12:32:41.870+0000][0.217s][info][gc,cpu      ] GC(152) User=0.00s Sys=0.00s Real=0.00s
[2025-10-28T12:32:41.870+0000][0.218s][info][gc          ] GC(153) Concurrent Undo Cycle
[2025-10-28T12:32:41.870+0000][0.218s][info][gc,marking  ] GC(153) Concurrent Clear Claimed Marks
[2025-10-28T12:32:41.870+0000][0.218s][info][gc,marking  ] GC(153) Concurrent Clear Claimed Marks 0.006ms
[2025-10-28T12:32:41.870+0000][0.218s][info][gc,marking  ] GC(153) Concurrent Cleanup for Next Mark
[2025-10-28T12:32:41.870+0000][0.218s][info][gc,marking  ] GC(153) Concurrent Cleanup for Next Mark 0.051ms
[2025-10-28T12:32:41.870+0000][0.218s][info][gc          ] GC(153) Concurrent Undo Cycle 0.095ms
[2025-10-28T12:32:41.870+0000][0.218s][info][gc,start    ] GC(154) Pause Young (Concurrent Start) (G1 Humongous Allocation)
[2025-10-28T12:32:41.870+0000][0.218s][info][gc,task     ] GC(154) Using 2 workers of 3 for evacuation
[2025-10-28T12:32:41.871+0000][0.218s][info][gc,phases   ] GC(154)   Pre Evacuate Collection Set: 0.1ms
[2025-10-28T12:32:41.871+0000][0.218s][info][gc,phases   ] GC(154)   Merge Heap Roots: 0.0ms
[2025-10-28T12:32:41.871+0000][0.218s][info][gc,phases   ] GC(154)   Evacuate Collection Set: 0.4ms
[2025-10-28T12:32:41.871+0000][0.218s][info][gc,phases   ] GC(154)   Post Evacuate Collection Set: 0.1ms
[2025-10-28T12:32:41.871+0000][0.218s][info][gc,phases   ] GC(154)   Other: 0.0ms
[2025-10-28T12:32:41.871+0000][0.218s][info][gc,heap     ] GC(154) Eden regions: 0->0(8)
[2025-10-28T12:32:41.871+0000][0.218s][info][gc,heap     ] GC(154) Survivor regions: 0->0(1)
[2025-10-28T12:32:41.871+0000][0.218s][info][gc,heap     ] GC(154) Old regions: 3->3
[2025-10-28T12:32:41.871+0000][0.218s][info][gc,heap     ] GC(154) Humongous regions: 11->10
[2025-10-28T12:32:41.871+0000][0.218s][info][gc,metaspace] GC(154) Metaspace: 70K(320K)->70K(320K) NonClass: 67K(192K)->67K(192K) Class: 3K(128K)->3K(128K)
[2025-10-28T12:32:41.871+0000][0.218s][info][gc          ] GC(154) Pause Young (Concurrent Start) (G1 Humongous Allocation) 12M->11M(32M) 0.605ms
[2025-10-28T12:32:41.871+0000][0.218s][info][gc,cpu      ] GC(154) User=0.00s Sys=0.00s Real=0.00s
[2025-10-28T12:32:41.871+0000][0.218s][info][gc          ] GC(155) Concurrent Undo Cycle
[2025-10-28T12:32:41.871+0000][0.218s][info][gc,marking  ] GC(155) Concurrent Clear Claimed Marks
[2025-10-28T12:32:41.871+0000][0.218s][info][gc,marking  ] GC(155) Concurrent Clear Claimed Marks 0.010ms
[2025-10-28T12:32:41.871+0000][0.218s][info][gc,marking  ] GC(155) Concurrent Cleanup for Next Mark
[2025-10-28T12:32:41.871+0000][0.219s][info][gc,marking  ] GC(155) Concurrent Cleanup for Next Mark 0.066ms
[2025-10-28T12:32:41.871+0000][0.219s][info][gc          ] GC(155) Concurrent Undo Cycle 0.163ms
[2025-10-28T12:32:41.871+0000][0.219s][info][gc,start    ] GC(156) Pause Young (Concurrent Start) (G1 Humongous Allocation)
[2025-10-28T12:32:41.871+0000][0.219s][info][gc,task     ] GC(156) Using 2 workers of 3 for evacuation
[2025-10-28T12:32:41.872+0000][0.219s][info][gc,phases   ] GC(156)   Pre Evacuate Collection Set: 0.2ms
[2025-10-28T12:32:41.872+0000][0.219s][info][gc,phases   ] GC(156)   Merge Heap Roots: 0.0ms
[2025-10-28T12:32:41.872+0000][0.219s][info][gc,phases   ] GC(156)   Evacuate Collection Set: 0.1ms
[2025-10-28T12:32:41.872+0000][0.219s][info][gc,phases   ] GC(156)   Post Evacuate Collection Set: 0.1ms
[2025-10-28T12:32:41.872+0000][0.219s][info][gc,phases   ] GC(156)   Other: 0.0ms
[2025-10-28T12:32:41.872+0000][0.219s][info][gc,heap     ] GC(156) Eden regions: 0->0(8)
[2025-10-28T12:32:41.872+0000][0.219s][info][gc,heap     ] GC(156) Survivor regions: 0->0(1)
[2025-10-28T12:32:41.872+0000][0.219s][info][gc,heap     ] GC(156) Old regions: 3->3
[2025-10-28T12:32:41.872+0000][0.219s][info][gc,heap     ] GC(156) Humongous regions: 12->10
[2025-10-28T12:32:41.872+0000][0.219s][info][gc,metaspace] GC(156) Metaspace: 70K(320K)->70K(320K) NonClass: 67K(192K)->67K(192K) Class: 3K(128K)->3K(128K)
[2025-10-28T12:32:41.872+0000][0.219s][info][gc          ] GC(156) Pause Young (Concurrent Start) (G1 Humongous Allocation) 13M->11M(32M) 0.606ms
[2025-10-28T12:32:41.872+0000][0.219s][info][gc,cpu      ] GC(156) User=0.00s Sys=0.00s Real=0.00s
[2025-10-28T12:32:41.872+0000][0.219s][info][gc          ] GC(157) Concurrent Undo Cycle
[2025-10-28T12:32:41.872+0000][0.219s][info][gc,marking  ] GC(157) Concurrent Clear Claimed Marks
[2025-10-28T12:32:41.872+0000][0.219s][info][gc,marking  ] GC(157) Concurrent Clear Claimed Marks 0.015ms
[2025-10-28T12:32:41.872+0000][0.219s][info][gc,marking  ] GC(157) Concurrent Cleanup for Next Mark
[2025-10-28T12:32:41.872+0000][0.220s][info][gc,marking  ] GC(157) Concurrent Cleanup for Next Mark 0.137ms
[2025-10-28T12:32:41.872+0000][0.220s][info][gc          ] GC(157) Concurrent Undo Cycle 0.192ms
[2025-10-28T12:32:41.872+0000][0.220s][info][gc,start    ] GC(158) Pause Young (Concurrent Start) (G1 Humongous Allocation)
[2025-10-28T12:32:41.872+0000][0.220s][info][gc,task     ] GC(158) Using 2 workers of 3 for evacuation
[2025-10-28T12:32:41.873+0000][0.220s][info][gc,phases   ] GC(158)   Pre Evacuate Collection Set: 0.2ms
[2025-10-28T12:32:41.873+0000][0.220s][info][gc,phases   ] GC(158)   Merge Heap Roots: 0.0ms
[2025-10-28T12:32:41.873+0000][0.220s][info][gc,phases   ] GC(158)   Evacuate Collection Set: 0.1ms
[2025-10-28T12:32:41.873+0000][0.220s][info][gc,phases   ] GC(158)   Post Evacuate Collection Set: 0.1ms
[2025-10-28T12:32:41.873+0000][0.220s][info][gc,phases   ] GC(158)   Other: 0.2ms
[2025-10-28T12:32:41.873+0000][0.220s][info][gc,heap     ] GC(158) Eden regions: 0->0(8)
[2025-10-28T12:32:41.873+0000][0.220s][info][gc,heap     ] GC(158) Survivor regions: 0->0(1)
[2025-10-28T12:32:41.873+0000][0.221s][info][gc,heap     ] GC(158) Old regions: 3->3
[2025-10-28T12:32:41.873+0000][0.221s][info][gc,heap     ] GC(158) Humongous regions: 12->10
[2025-10-28T12:32:41.873+0000][0.221s][info][gc,metaspace] GC(158) Metaspace: 70K(320K)->70K(320K) NonClass: 67K(192K)->67K(192K) Class: 3K(128K)->3K(128K)
[2025-10-28T12:32:41.873+0000][0.221s][info][gc          ] GC(158) Pause Young (Concurrent Start) (G1 Humongous Allocation) 13M->11M(32M) 1.062ms
[2025-10-28T12:32:41.873+0000][0.221s][info][gc,cpu      ] GC(158) User=0.00s Sys=0.00s Real=0.00s
[2025-10-28T12:32:41.873+0000][0.221s][info][gc          ] GC(159) Concurrent Undo Cycle
[2025-10-28T12:32:41.873+0000][0.221s][info][gc,marking  ] GC(159) Concurrent Clear Claimed Marks
[2025-10-28T12:32:41.873+0000][0.221s][info][gc,marking  ] GC(159) Concurrent Clear Claimed Marks 0.006ms
[2025-10-28T12:32:41.873+0000][0.221s][info][gc,marking  ] GC(159) Concurrent Cleanup for Next Mark
[2025-10-28T12:32:41.874+0000][0.221s][info][gc,marking  ] GC(159) Concurrent Cleanup for Next Mark 0.156ms
[2025-10-28T12:32:41.874+0000][0.221s][info][gc          ] GC(159) Concurrent Undo Cycle 0.221ms
[2025-10-28T12:32:41.874+0000][0.221s][info][gc,start    ] GC(160) Pause Young (Concurrent Start) (G1 Humongous Allocation)
[2025-10-28T12:32:41.874+0000][0.221s][info][gc,task     ] GC(160) Using 2 workers of 3 for evacuation
[2025-10-28T12:32:41.874+0000][0.222s][info][gc,phases   ] GC(160)   Pre Evacuate Collection Set: 0.0ms
[2025-10-28T12:32:41.874+0000][0.222s][info][gc,phases   ] GC(160)   Merge Heap Roots: 0.0ms
[2025-10-28T12:32:41.874+0000][0.222s][info][gc,phases   ] GC(160)   Evacuate Collection Set: 0.2ms
[2025-10-28T12:32:41.874+0000][0.222s][info][gc,phases   ] GC(160)   Post Evacuate Collection Set: 0.1ms
[2025-10-28T12:32:41.874+0000][0.222s][info][gc,phases   ] GC(160)   Other: 0.0ms
[2025-10-28T12:32:41.874+0000][0.222s][info][gc,heap     ] GC(160) Eden regions: 0->0(8)
[2025-10-28T12:32:41.874+0000][0.222s][info][gc,heap     ] GC(160) Survivor regions: 0->0(1)
[2025-10-28T12:32:41.874+0000][0.222s][info][gc,heap     ] GC(160) Old regions: 3->3
[2025-10-28T12:32:41.874+0000][0.222s][info][gc,heap     ] GC(160) Humongous regions: 11->10
[2025-10-28T12:32:41.874+0000][0.222s][info][gc,metaspace] GC(160) Metaspace: 70K(320K)->70K(320K) NonClass: 67K(192K)->67K(192K) Class: 3K(128K)->3K(128K)
[2025-10-28T12:32:41.874+0000][0.222s][info][gc          ] GC(160) Pause Young (Concurrent Start) (G1 Humongous Allocation) 12M->11M(32M) 0.436ms
[2025-10-28T12:32:41.874+0000][0.222s][info][gc          ] GC(161) Concurrent Undo Cycle
[2025-10-28T12:32:41.874+0000][0.222s][info][gc,marking  ] GC(161) Concurrent Clear Claimed Marks
[2025-10-28T12:32:41.874+0000][0.222s][info][gc,marking  ] GC(161) Concurrent Clear Claimed Marks 0.008ms
[2025-10-28T12:32:41.874+0000][0.222s][info][gc,marking  ] GC(161) Concurrent Cleanup for Next Mark
[2025-10-28T12:32:41.874+0000][0.222s][info][gc,cpu      ] GC(160) User=0.00s Sys=0.00s Real=0.00s
[2025-10-28T12:32:41.875+0000][0.222s][info][gc,marking  ] GC(161) Concurrent Cleanup for Next Mark 0.125ms
[2025-10-28T12:32:41.875+0000][0.222s][info][gc          ] GC(161) Concurrent Undo Cycle 0.211ms
[2025-10-28T12:32:41.875+0000][0.222s][info][gc,start    ] GC(162) Pause Young (Concurrent Start) (G1 Humongous Allocation)
[2025-10-28T12:32:41.875+0000][0.222s][info][gc,task     ] GC(162) Using 2 workers of 3 for evacuation
[2025-10-28T12:32:41.875+0000][0.223s][info][gc,phases   ] GC(162)   Pre Evacuate Collection Set: 0.2ms
[2025-10-28T12:32:41.875+0000][0.223s][info][gc,phases   ] GC(162)   Merge Heap Roots: 0.1ms
[2025-10-28T12:32:41.876+0000][0.223s][info][gc,phases   ] GC(162)   Evacuate Collection Set: 0.3ms
[2025-10-28T12:32:41.876+0000][0.223s][info][gc,phases   ] GC(162)   Post Evacuate Collection Set: 0.1ms
[2025-10-28T12:32:41.876+0000][0.223s][info][gc,phases   ] GC(162)   Other: 0.1ms
[2025-10-28T12:32:41.876+0000][0.223s][info][gc,heap     ] GC(162) Eden regions: 0->0(8)
[2025-10-28T12:32:41.876+0000][0.223s][info][gc,heap     ] GC(162) Survivor regions: 0->0(1)
[2025-10-28T12:32:41.876+0000][0.223s][info][gc,heap     ] GC(162) Old regions: 3->3
[2025-10-28T12:32:41.876+0000][0.223s][info][gc,heap     ] GC(162) Humongous regions: 11->10
[2025-10-28T12:32:41.876+0000][0.223s][info][gc,metaspace] GC(162) Metaspace: 70K(320K)->70K(320K) NonClass: 67K(192K)->67K(192K) Class: 3K(128K)->3K(128K)
[2025-10-28T12:32:41.876+0000][0.223s][info][gc          ] GC(162) Pause Young (Concurrent Start) (G1 Humongous Allocation) 12M->11M(32M) 0.813ms
[2025-10-28T12:32:41.876+0000][0.223s][info][gc,cpu      ] GC(162) User=0.00s Sys=0.00s Real=0.00s
[2025-10-28T12:32:41.876+0000][0.223s][info][gc          ] GC(163) Concurrent Undo Cycle
[2025-10-28T12:32:41.876+0000][0.223s][info][gc,marking  ] GC(163) Concurrent Clear Claimed Marks
[2025-10-28T12:32:41.876+0000][0.223s][info][gc,marking  ] GC(163) Concurrent Clear Claimed Marks 0.006ms
[2025-10-28T12:32:41.876+0000][0.223s][info][gc,marking  ] GC(163) Concurrent Cleanup for Next Mark
[2025-10-28T12:32:41.876+0000][0.223s][info][gc,marking  ] GC(163) Concurrent Cleanup for Next Mark 0.218ms
[2025-10-28T12:32:41.876+0000][0.223s][info][gc          ] GC(163) Concurrent Undo Cycle 0.264ms
[2025-10-28T12:32:41.876+0000][0.224s][info][gc,start    ] GC(164) Pause Young (Concurrent Start) (G1 Humongous Allocation)
[2025-10-28T12:32:41.876+0000][0.224s][info][gc,task     ] GC(164) Using 2 workers of 3 for evacuation
[2025-10-28T12:32:41.877+0000][0.224s][info][gc,phases   ] GC(164)   Pre Evacuate Collection Set: 0.0ms
[2025-10-28T12:32:41.877+0000][0.224s][info][gc,phases   ] GC(164)   Merge Heap Roots: 0.0ms
[2025-10-28T12:32:41.877+0000][0.224s][info][gc,phases   ] GC(164)   Evacuate Collection Set: 0.1ms
[2025-10-28T12:32:41.877+0000][0.224s][info][gc,phases   ] GC(164)   Post Evacuate Collection Set: 0.2ms
[2025-10-28T12:32:41.877+0000][0.224s][info][gc,phases   ] GC(164)   Other: 0.0ms
[2025-10-28T12:32:41.877+0000][0.224s][info][gc,heap     ] GC(164) Eden regions: 0->0(8)
[2025-10-28T12:32:41.877+0000][0.224s][info][gc,heap     ] GC(164) Survivor regions: 0->0(1)
[2025-10-28T12:32:41.877+0000][0.224s][info][gc,heap     ] GC(164) Old regions: 3->3
[2025-10-28T12:32:41.877+0000][0.224s][info][gc,heap     ] GC(164) Humongous regions: 11->10
[2025-10-28T12:32:41.877+0000][0.224s][info][gc,metaspace] GC(164) Metaspace: 71K(320K)->71K(320K) NonClass: 68K(192K)->68K(192K) Class: 3K(128K)->3K(128K)
[2025-10-28T12:32:41.877+0000][0.224s][info][gc          ] GC(164) Pause Young (Concurrent Start) (G1 Humongous Allocation) 12M->11M(32M) 0.554ms
[2025-10-28T12:32:41.877+0000][0.224s][info][gc,cpu      ] GC(164) User=0.00s Sys=0.00s Real=0.00s
[2025-10-28T12:32:41.877+0000][0.224s][info][gc          ] GC(165) Concurrent Undo Cycle
[2025-10-28T12:32:41.877+0000][0.224s][info][gc,marking  ] GC(165) Concurrent Clear Claimed Marks
[2025-10-28T12:32:41.877+0000][0.224s][info][gc,marking  ] GC(165) Concurrent Clear Claimed Marks 0.008ms
[2025-10-28T12:32:41.877+0000][0.224s][info][gc,marking  ] GC(165) Concurrent Cleanup for Next Mark
[2025-10-28T12:32:41.878+0000][0.225s][info][gc,marking  ] GC(165) Concurrent Cleanup for Next Mark 0.613ms
[2025-10-28T12:32:41.878+0000][0.225s][info][gc          ] GC(165) Concurrent Undo Cycle 0.691ms
[2025-10-28T12:32:41.880+0000][0.227s][info][gc,start    ] GC(166) Pause Young (Concurrent Start) (G1 Humongous Allocation)
[2025-10-28T12:32:41.880+0000][0.227s][info][gc,task     ] GC(166) Using 2 workers of 3 for evacuation
[2025-10-28T12:32:41.880+0000][0.228s][info][gc,phases   ] GC(166)   Pre Evacuate Collection Set: 0.2ms
[2025-10-28T12:32:41.880+0000][0.228s][info][gc,phases   ] GC(166)   Merge Heap Roots: 0.0ms
[2025-10-28T12:32:41.880+0000][0.228s][info][gc,phases   ] GC(166)   Evacuate Collection Set: 0.3ms
[2025-10-28T12:32:41.880+0000][0.228s][info][gc,phases   ] GC(166)   Post Evacuate Collection Set: 0.1ms
[2025-10-28T12:32:41.880+0000][0.228s][info][gc,phases   ] GC(166)   Other: 0.0ms
[2025-10-28T12:32:41.880+0000][0.228s][info][gc,heap     ] GC(166) Eden regions: 0->0(8)
[2025-10-28T12:32:41.880+0000][0.228s][info][gc,heap     ] GC(166) Survivor regions: 0->0(1)
[2025-10-28T12:32:41.880+0000][0.228s][info][gc,heap     ] GC(166) Old regions: 3->3
[2025-10-28T12:32:41.880+0000][0.228s][info][gc,heap     ] GC(166) Humongous regions: 18->10
[2025-10-28T12:32:41.880+0000][0.228s][info][gc,metaspace] GC(166) Metaspace: 71K(320K)->71K(320K) NonClass: 68K(192K)->68K(192K) Class: 3K(128K)->3K(128K)
[2025-10-28T12:32:41.880+0000][0.228s][info][gc          ] GC(166) Pause Young (Concurrent Start) (G1 Humongous Allocation) 19M->11M(32M) 0.653ms
[2025-10-28T12:32:41.880+0000][0.228s][info][gc,cpu      ] GC(166) User=0.00s Sys=0.00s Real=0.00s
[2025-10-28T12:32:41.880+0000][0.228s][info][gc          ] GC(167) Concurrent Undo Cycle
[2025-10-28T12:32:41.880+0000][0.228s][info][gc,marking  ] GC(167) Concurrent Clear Claimed Marks
[2025-10-28T12:32:41.880+0000][0.228s][info][gc,marking  ] GC(167) Concurrent Clear Claimed Marks 0.005ms
[2025-10-28T12:32:41.880+0000][0.228s][info][gc,marking  ] GC(167) Concurrent Cleanup for Next Mark
[2025-10-28T12:32:41.881+0000][0.228s][info][gc,marking  ] GC(167) Concurrent Cleanup for Next Mark 0.104ms
[2025-10-28T12:32:41.881+0000][0.228s][info][gc          ] GC(167) Concurrent Undo Cycle 0.149ms
[2025-10-28T12:32:41.881+0000][0.228s][info][gc,start    ] GC(168) Pause Young (Concurrent Start) (G1 Humongous Allocation)
[2025-10-28T12:32:41.881+0000][0.228s][info][gc,task     ] GC(168) Using 2 workers of 3 for evacuation
[2025-10-28T12:32:41.881+0000][0.228s][info][gc,phases   ] GC(168)   Pre Evacuate Collection Set: 0.0ms
[2025-10-28T12:32:41.881+0000][0.228s][info][gc,phases   ] GC(168)   Merge Heap Roots: 0.0ms
[2025-10-28T12:32:41.881+0000][0.228s][info][gc,phases   ] GC(168)   Evacuate Collection Set: 0.1ms
[2025-10-28T12:32:41.881+0000][0.228s][info][gc,phases   ] GC(168)   Post Evacuate Collection Set: 0.1ms
[2025-10-28T12:32:41.881+0000][0.228s][info][gc,phases   ] GC(168)   Other: 0.0ms
[2025-10-28T12:32:41.881+0000][0.228s][info][gc,heap     ] GC(168) Eden regions: 0->0(8)
[2025-10-28T12:32:41.881+0000][0.228s][info][gc,heap     ] GC(168) Survivor regions: 0->0(1)
[2025-10-28T12:32:41.881+0000][0.228s][info][gc,heap     ] GC(168) Old regions: 3->3
[2025-10-28T12:32:41.881+0000][0.228s][info][gc,heap     ] GC(168) Humongous regions: 13->10
[2025-10-28T12:32:41.881+0000][0.228s][info][gc,metaspace] GC(168) Metaspace: 71K(320K)->71K(320K) NonClass: 68K(192K)->68K(192K) Class: 3K(128K)->3K(128K)
[2025-10-28T12:32:41.881+0000][0.228s][info][gc          ] GC(168) Pause Young (Concurrent Start) (G1 Humongous Allocation) 14M->11M(32M) 0.270ms
[2025-10-28T12:32:41.881+0000][0.228s][info][gc,cpu      ] GC(168) User=0.00s Sys=0.00s Real=0.00s
[2025-10-28T12:32:41.881+0000][0.228s][info][gc          ] GC(169) Concurrent Undo Cycle
[2025-10-28T12:32:41.881+0000][0.228s][info][gc,marking  ] GC(169) Concurrent Clear Claimed Marks
[2025-10-28T12:32:41.881+0000][0.228s][info][gc,marking  ] GC(169) Concurrent Clear Claimed Marks 0.005ms
[2025-10-28T12:32:41.881+0000][0.228s][info][gc,marking  ] GC(169) Concurrent Cleanup for Next Mark
[2025-10-28T12:32:41.881+0000][0.228s][info][gc,marking  ] GC(169) Concurrent Cleanup for Next Mark 0.057ms
[2025-10-28T12:32:41.881+0000][0.228s][info][gc          ] GC(169) Concurrent Undo Cycle 0.105ms
[2025-10-28T12:32:41.881+0000][0.229s][info][gc,start    ] GC(170) Pause Young (Concurrent Start) (G1 Humongous Allocation)
[2025-10-28T12:32:41.881+0000][0.229s][info][gc,task     ] GC(170) Using 2 workers of 3 for evacuation
[2025-10-28T12:32:41.882+0000][0.229s][info][gc,phases   ] GC(170)   Pre Evacuate Collection Set: 0.2ms
[2025-10-28T12:32:41.882+0000][0.229s][info][gc,phases   ] GC(170)   Merge Heap Roots: 0.0ms
[2025-10-28T12:32:41.882+0000][0.229s][info][gc,phases   ] GC(170)   Evacuate Collection Set: 0.1ms
[2025-10-28T12:32:41.882+0000][0.229s][info][gc,phases   ] GC(170)   Post Evacuate Collection Set: 0.0ms
[2025-10-28T12:32:41.882+0000][0.229s][info][gc,phases   ] GC(170)   Other: 0.0ms
[2025-10-28T12:32:41.882+0000][0.229s][info][gc,heap     ] GC(170) Eden regions: 0->0(8)
[2025-10-28T12:32:41.882+0000][0.229s][info][gc,heap     ] GC(170) Survivor regions: 0->0(1)
[2025-10-28T12:32:41.882+0000][0.229s][info][gc,heap     ] GC(170) Old regions: 3->3
[2025-10-28T12:32:41.882+0000][0.229s][info][gc,heap     ] GC(170) Humongous regions: 11->10
[2025-10-28T12:32:41.882+0000][0.229s][info][gc,metaspace] GC(170) Metaspace: 71K(320K)->71K(320K) NonClass: 68K(192K)->68K(192K) Class: 3K(128K)->3K(128K)
[2025-10-28T12:32:41.882+0000][0.229s][info][gc          ] GC(170) Pause Young (Concurrent Start) (G1 Humongous Allocation) 12M->11M(32M) 0.466ms
[2025-10-28T12:32:41.882+0000][0.229s][info][gc,cpu      ] GC(170) User=0.00s Sys=0.00s Real=0.00s
[2025-10-28T12:32:41.882+0000][0.229s][info][gc          ] GC(171) Concurrent Undo Cycle
[2025-10-28T12:32:41.882+0000][0.229s][info][gc,marking  ] GC(171) Concurrent Clear Claimed Marks
[2025-10-28T12:32:41.882+0000][0.229s][info][gc,marking  ] GC(171) Concurrent Clear Claimed Marks 0.007ms
[2025-10-28T12:32:41.882+0000][0.229s][info][gc,marking  ] GC(171) Concurrent Cleanup for Next Mark
[2025-10-28T12:32:41.882+0000][0.229s][info][gc,marking  ] GC(171) Concurrent Cleanup for Next Mark 0.047ms
[2025-10-28T12:32:41.882+0000][0.229s][info][gc          ] GC(171) Concurrent Undo Cycle 0.101ms
[2025-10-28T12:32:41.882+0000][0.229s][info][gc,start    ] GC(172) Pause Young (Concurrent Start) (G1 Humongous Allocation)
[2025-10-28T12:32:41.882+0000][0.229s][info][gc,task     ] GC(172) Using 2 workers of 3 for evacuation
[2025-10-28T12:32:41.882+0000][0.230s][info][gc,phases   ] GC(172)   Pre Evacuate Collection Set: 0.0ms
[2025-10-28T12:32:41.882+0000][0.230s][info][gc,phases   ] GC(172)   Merge Heap Roots: 0.0ms
[2025-10-28T12:32:41.882+0000][0.230s][info][gc,phases   ] GC(172)   Evacuate Collection Set: 0.1ms
[2025-10-28T12:32:41.882+0000][0.230s][info][gc,phases   ] GC(172)   Post Evacuate Collection Set: 0.0ms
[2025-10-28T12:32:41.882+0000][0.230s][info][gc,phases   ] GC(172)   Other: 0.0ms
[2025-10-28T12:32:41.882+0000][0.230s][info][gc,heap     ] GC(172) Eden regions: 0->0(8)
[2025-10-28T12:32:41.882+0000][0.230s][info][gc,heap     ] GC(172) Survivor regions: 0->0(1)
[2025-10-28T12:32:41.882+0000][0.230s][info][gc,heap     ] GC(172) Old regions: 3->3
[2025-10-28T12:32:41.882+0000][0.230s][info][gc,heap     ] GC(172) Humongous regions: 11->10
[2025-10-28T12:32:41.882+0000][0.230s][info][gc,metaspace] GC(172) Metaspace: 71K(320K)->71K(320K) NonClass: 68K(192K)->68K(192K) Class: 3K(128K)->3K(128K)
[2025-10-28T12:32:41.882+0000][0.230s][info][gc          ] GC(172) Pause Young (Concurrent Start) (G1 Humongous Allocation) 12M->11M(32M) 0.366ms
[2025-10-28T12:32:41.882+0000][0.230s][info][gc,cpu      ] GC(172) User=0.00s Sys=0.00s Real=0.00s
[2025-10-28T12:32:41.882+0000][0.230s][info][gc          ] GC(173) Concurrent Undo Cycle
[2025-10-28T12:32:41.883+0000][0.230s][info][gc,marking  ] GC(173) Concurrent Clear Claimed Marks
[2025-10-28T12:32:41.883+0000][0.230s][info][gc,marking  ] GC(173) Concurrent Clear Claimed Marks 0.008ms
[2025-10-28T12:32:41.883+0000][0.230s][info][gc,marking  ] GC(173) Concurrent Cleanup for Next Mark
[2025-10-28T12:32:41.883+0000][0.230s][info][gc,marking  ] GC(173) Concurrent Cleanup for Next Mark 0.066ms
[2025-10-28T12:32:41.883+0000][0.230s][info][gc          ] GC(173) Concurrent Undo Cycle 0.188ms
[2025-10-28T12:32:41.883+0000][0.230s][info][gc,start    ] GC(174) Pause Young (Concurrent Start) (G1 Humongous Allocation)
[2025-10-28T12:32:41.883+0000][0.230s][info][gc,task     ] GC(174) Using 2 workers of 3 for evacuation
[2025-10-28T12:32:41.883+0000][0.230s][info][gc,phases   ] GC(174)   Pre Evacuate Collection Set: 0.0ms
[2025-10-28T12:32:41.883+0000][0.230s][info][gc,phases   ] GC(174)   Merge Heap Roots: 0.0ms
[2025-10-28T12:32:41.883+0000][0.230s][info][gc,phases   ] GC(174)   Evacuate Collection Set: 0.1ms
[2025-10-28T12:32:41.883+0000][0.230s][info][gc,phases   ] GC(174)   Post Evacuate Collection Set: 0.0ms
[2025-10-28T12:32:41.883+0000][0.230s][info][gc,phases   ] GC(174)   Other: 0.0ms
[2025-10-28T12:32:41.883+0000][0.230s][info][gc,heap     ] GC(174) Eden regions: 0->0(8)
[2025-10-28T12:32:41.883+0000][0.230s][info][gc,heap     ] GC(174) Survivor regions: 0->0(1)
[2025-10-28T12:32:41.883+0000][0.230s][info][gc,heap     ] GC(174) Old regions: 3->3
[2025-10-28T12:32:41.883+0000][0.230s][info][gc,heap     ] GC(174) Humongous regions: 13->10
[2025-10-28T12:32:41.883+0000][0.230s][info][gc,metaspace] GC(174) Metaspace: 71K(320K)->71K(320K) NonClass: 68K(192K)->68K(192K) Class: 3K(128K)->3K(128K)
[2025-10-28T12:32:41.883+0000][0.230s][info][gc          ] GC(174) Pause Young (Concurrent Start) (G1 Humongous Allocation) 14M->11M(32M) 0.273ms
[2025-10-28T12:32:41.883+0000][0.230s][info][gc,cpu      ] GC(174) User=0.00s Sys=0.00s Real=0.00s
[2025-10-28T12:32:41.883+0000][0.230s][info][gc          ] GC(175) Concurrent Undo Cycle
[2025-10-28T12:32:41.883+0000][0.230s][info][gc,marking  ] GC(175) Concurrent Clear Claimed Marks
[2025-10-28T12:32:41.883+0000][0.230s][info][gc,marking  ] GC(175) Concurrent Clear Claimed Marks 0.004ms
[2025-10-28T12:32:41.883+0000][0.230s][info][gc,marking  ] GC(175) Concurrent Cleanup for Next Mark
[2025-10-28T12:32:41.883+0000][0.230s][info][gc,marking  ] GC(175) Concurrent Cleanup for Next Mark 0.044ms
[2025-10-28T12:32:41.883+0000][0.230s][info][gc          ] GC(175) Concurrent Undo Cycle 0.073ms
[2025-10-28T12:32:41.883+0000][0.231s][info][gc,start    ] GC(176) Pause Young (Concurrent Start) (G1 Humongous Allocation)
[2025-10-28T12:32:41.883+0000][0.231s][info][gc,task     ] GC(176) Using 2 workers of 3 for evacuation
[2025-10-28T12:32:41.884+0000][0.231s][info][gc,phases   ] GC(176)   Pre Evacuate Collection Set: 0.1ms
[2025-10-28T12:32:41.884+0000][0.231s][info][gc,phases   ] GC(176)   Merge Heap Roots: 0.0ms
[2025-10-28T12:32:41.884+0000][0.231s][info][gc,phases   ] GC(176)   Evacuate Collection Set: 0.3ms
[2025-10-28T12:32:41.884+0000][0.231s][info][gc,phases   ] GC(176)   Post Evacuate Collection Set: 0.1ms
[2025-10-28T12:32:41.884+0000][0.231s][info][gc,phases   ] GC(176)   Other: 0.1ms
[2025-10-28T12:32:41.884+0000][0.231s][info][gc,heap     ] GC(176) Eden regions: 0->0(8)
[2025-10-28T12:32:41.884+0000][0.231s][info][gc,heap     ] GC(176) Survivor regions: 0->0(1)
[2025-10-28T12:32:41.884+0000][0.231s][info][gc,heap     ] GC(176) Old regions: 3->3
[2025-10-28T12:32:41.884+0000][0.231s][info][gc,heap     ] GC(176) Humongous regions: 11->10
[2025-10-28T12:32:41.884+0000][0.231s][info][gc,metaspace] GC(176) Metaspace: 71K(320K)->71K(320K) NonClass: 68K(192K)->68K(192K) Class: 3K(128K)->3K(128K)
[2025-10-28T12:32:41.884+0000][0.231s][info][gc          ] GC(176) Pause Young (Concurrent Start) (G1 Humongous Allocation) 12M->11M(32M) 0.529ms
[2025-10-28T12:32:41.884+0000][0.231s][info][gc,cpu      ] GC(176) User=0.00s Sys=0.00s Real=0.00s
[2025-10-28T12:32:41.884+0000][0.231s][info][gc          ] GC(177) Concurrent Undo Cycle
[2025-10-28T12:32:41.884+0000][0.231s][info][gc,marking  ] GC(177) Concurrent Clear Claimed Marks
[2025-10-28T12:32:41.884+0000][0.231s][info][gc,marking  ] GC(177) Concurrent Clear Claimed Marks 0.003ms
[2025-10-28T12:32:41.884+0000][0.231s][info][gc,marking  ] GC(177) Concurrent Cleanup for Next Mark
[2025-10-28T12:32:41.884+0000][0.231s][info][gc,marking  ] GC(177) Concurrent Cleanup for Next Mark 0.048ms
[2025-10-28T12:32:41.884+0000][0.231s][info][gc          ] GC(177) Concurrent Undo Cycle 0.073ms
[2025-10-28T12:32:41.884+0000][0.231s][info][gc,start    ] GC(178) Pause Young (Concurrent Start) (G1 Humongous Allocation)
[2025-10-28T12:32:41.884+0000][0.231s][info][gc,task     ] GC(178) Using 2 workers of 3 for evacuation
[2025-10-28T12:32:41.884+0000][0.231s][info][gc,phases   ] GC(178)   Pre Evacuate Collection Set: 0.0ms
[2025-10-28T12:32:41.884+0000][0.231s][info][gc,phases   ] GC(178)   Merge Heap Roots: 0.0ms
[2025-10-28T12:32:41.884+0000][0.231s][info][gc,phases   ] GC(178)   Evacuate Collection Set: 0.0ms
[2025-10-28T12:32:41.884+0000][0.231s][info][gc,phases   ] GC(178)   Post Evacuate Collection Set: 0.1ms
[2025-10-28T12:32:41.884+0000][0.231s][info][gc,phases   ] GC(178)   Other: 0.0ms
[2025-10-28T12:32:41.884+0000][0.231s][info][gc,heap     ] GC(178) Eden regions: 0->0(8)
[2025-10-28T12:32:41.884+0000][0.231s][info][gc,heap     ] GC(178) Survivor regions: 0->0(1)
[2025-10-28T12:32:41.884+0000][0.231s][info][gc,heap     ] GC(178) Old regions: 3->3
[2025-10-28T12:32:41.884+0000][0.231s][info][gc,heap     ] GC(178) Humongous regions: 11->10
[2025-10-28T12:32:41.884+0000][0.231s][info][gc,metaspace] GC(178) Metaspace: 71K(320K)->71K(320K) NonClass: 68K(192K)->68K(192K) Class: 3K(128K)->3K(128K)
[2025-10-28T12:32:41.884+0000][0.231s][info][gc          ] GC(178) Pause Young (Concurrent Start) (G1 Humongous Allocation) 12M->11M(32M) 0.232ms
[2025-10-28T12:32:41.884+0000][0.231s][info][gc,cpu      ] GC(178) User=0.00s Sys=0.00s Real=0.00s
[2025-10-28T12:32:41.884+0000][0.231s][info][gc          ] GC(179) Concurrent Undo Cycle
[2025-10-28T12:32:41.884+0000][0.232s][info][gc,marking  ] GC(179) Concurrent Clear Claimed Marks
[2025-10-28T12:32:41.884+0000][0.232s][info][gc,marking  ] GC(179) Concurrent Clear Claimed Marks 0.005ms
[2025-10-28T12:32:41.884+0000][0.232s][info][gc,marking  ] GC(179) Concurrent Cleanup for Next Mark
[2025-10-28T12:32:41.884+0000][0.232s][info][gc,marking  ] GC(179) Concurrent Cleanup for Next Mark 0.062ms
[2025-10-28T12:32:41.884+0000][0.232s][info][gc          ] GC(179) Concurrent Undo Cycle 0.104ms
[2025-10-28T12:32:41.884+0000][0.232s][info][gc,start    ] GC(180) Pause Young (Concurrent Start) (G1 Humongous Allocation)
[2025-10-28T12:32:41.884+0000][0.232s][info][gc,task     ] GC(180) Using 2 workers of 3 for evacuation
[2025-10-28T12:32:41.885+0000][0.232s][info][gc,phases   ] GC(180)   Pre Evacuate Collection Set: 0.0ms
[2025-10-28T12:32:41.885+0000][0.232s][info][gc,phases   ] GC(180)   Merge Heap Roots: 0.1ms
[2025-10-28T12:32:41.885+0000][0.232s][info][gc,phases   ] GC(180)   Evacuate Collection Set: 0.3ms
[2025-10-28T12:32:41.885+0000][0.232s][info][gc,phases   ] GC(180)   Post Evacuate Collection Set: 0.0ms
[2025-10-28T12:32:41.885+0000][0.232s][info][gc,phases   ] GC(180)   Other: 0.0ms
[2025-10-28T12:32:41.885+0000][0.232s][info][gc,heap     ] GC(180) Eden regions: 0->0(8)
[2025-10-28T12:32:41.885+0000][0.232s][info][gc,heap     ] GC(180) Survivor regions: 0->0(1)
[2025-10-28T12:32:41.885+0000][0.232s][info][gc,heap     ] GC(180) Old regions: 3->3
[2025-10-28T12:32:41.885+0000][0.232s][info][gc,heap     ] GC(180) Humongous regions: 11->10
[2025-10-28T12:32:41.885+0000][0.232s][info][gc,metaspace] GC(180) Metaspace: 71K(320K)->71K(320K) NonClass: 68K(192K)->68K(192K) Class: 3K(128K)->3K(128K)
[2025-10-28T12:32:41.885+0000][0.232s][info][gc          ] GC(180) Pause Young (Concurrent Start) (G1 Humongous Allocation) 12M->11M(32M) 0.542ms
[2025-10-28T12:32:41.885+0000][0.232s][info][gc,cpu      ] GC(180) User=0.00s Sys=0.00s Real=0.00s
[2025-10-28T12:32:41.885+0000][0.232s][info][gc          ] GC(181) Concurrent Undo Cycle
[2025-10-28T12:32:41.885+0000][0.232s][info][gc,marking  ] GC(181) Concurrent Clear Claimed Marks
[2025-10-28T12:32:41.885+0000][0.232s][info][gc,marking  ] GC(181) Concurrent Clear Claimed Marks 0.004ms
[2025-10-28T12:32:41.885+0000][0.232s][info][gc,marking  ] GC(181) Concurrent Cleanup for Next Mark
[2025-10-28T12:32:41.885+0000][0.232s][info][gc,marking  ] GC(181) Concurrent Cleanup for Next Mark 0.044ms
[2025-10-28T12:32:41.885+0000][0.232s][info][gc          ] GC(181) Concurrent Undo Cycle 0.077ms
[2025-10-28T12:32:41.885+0000][0.232s][info][gc,start    ] GC(182) Pause Young (Concurrent Start) (G1 Humongous Allocation)
[2025-10-28T12:32:41.885+0000][0.232s][info][gc,task     ] GC(182) Using 2 workers of 3 for evacuation
[2025-10-28T12:32:41.885+0000][0.233s][info][gc,phases   ] GC(182)   Pre Evacuate Collection Set: 0.0ms
[2025-10-28T12:32:41.885+0000][0.233s][info][gc,phases   ] GC(182)   Merge Heap Roots: 0.0ms
[2025-10-28T12:32:41.885+0000][0.233s][info][gc,phases   ] GC(182)   Evacuate Collection Set: 0.1ms
[2025-10-28T12:32:41.885+0000][0.233s][info][gc,phases   ] GC(182)   Post Evacuate Collection Set: 0.0ms
[2025-10-28T12:32:41.885+0000][0.233s][info][gc,phases   ] GC(182)   Other: 0.0ms
[2025-10-28T12:32:41.885+0000][0.233s][info][gc,heap     ] GC(182) Eden regions: 0->0(8)
[2025-10-28T12:32:41.885+0000][0.233s][info][gc,heap     ] GC(182) Survivor regions: 0->0(1)
[2025-10-28T12:32:41.885+0000][0.233s][info][gc,heap     ] GC(182) Old regions: 3->3
[2025-10-28T12:32:41.885+0000][0.233s][info][gc,heap     ] GC(182) Humongous regions: 11->10
[2025-10-28T12:32:41.885+0000][0.233s][info][gc,metaspace] GC(182) Metaspace: 71K(320K)->71K(320K) NonClass: 68K(192K)->68K(192K) Class: 3K(128K)->3K(128K)
[2025-10-28T12:32:41.885+0000][0.233s][info][gc          ] GC(182) Pause Young (Concurrent Start) (G1 Humongous Allocation) 12M->11M(32M) 0.256ms
[2025-10-28T12:32:41.885+0000][0.233s][info][gc,cpu      ] GC(182) User=0.00s Sys=0.00s Real=0.00s
[2025-10-28T12:32:41.885+0000][0.233s][info][gc          ] GC(183) Concurrent Undo Cycle
[2025-10-28T12:32:41.885+0000][0.233s][info][gc,marking  ] GC(183) Concurrent Clear Claimed Marks
[2025-10-28T12:32:41.885+0000][0.233s][info][gc,marking  ] GC(183) Concurrent Clear Claimed Marks 0.005ms
[2025-10-28T12:32:41.885+0000][0.233s][info][gc,marking  ] GC(183) Concurrent Cleanup for Next Mark
[2025-10-28T12:32:41.885+0000][0.233s][info][gc,marking  ] GC(183) Concurrent Cleanup for Next Mark 0.056ms
[2025-10-28T12:32:41.885+0000][0.233s][info][gc          ] GC(183) Concurrent Undo Cycle 0.090ms
[2025-10-28T12:32:41.886+0000][0.233s][info][gc,start    ] GC(184) Pause Young (Concurrent Start) (G1 Humongous Allocation)
[2025-10-28T12:32:41.886+0000][0.233s][info][gc,task     ] GC(184) Using 2 workers of 3 for evacuation
[2025-10-28T12:32:41.886+0000][0.233s][info][gc,phases   ] GC(184)   Pre Evacuate Collection Set: 0.1ms
[2025-10-28T12:32:41.886+0000][0.233s][info][gc,phases   ] GC(184)   Merge Heap Roots: 0.0ms
[2025-10-28T12:32:41.886+0000][0.233s][info][gc,phases   ] GC(184)   Evacuate Collection Set: 0.3ms
[2025-10-28T12:32:41.886+0000][0.233s][info][gc,phases   ] GC(184)   Post Evacuate Collection Set: 0.0ms
[2025-10-28T12:32:41.886+0000][0.233s][info][gc,phases   ] GC(184)   Other: 0.1ms
[2025-10-28T12:32:41.886+0000][0.233s][info][gc,heap     ] GC(184) Eden regions: 0->0(8)
[2025-10-28T12:32:41.886+0000][0.233s][info][gc,heap     ] GC(184) Survivor regions: 0->0(1)
[2025-10-28T12:32:41.886+0000][0.233s][info][gc,heap     ] GC(184) Old regions: 3->3
[2025-10-28T12:32:41.886+0000][0.233s][info][gc,heap     ] GC(184) Humongous regions: 11->10
[2025-10-28T12:32:41.886+0000][0.233s][info][gc,metaspace] GC(184) Metaspace: 71K(320K)->71K(320K) NonClass: 68K(192K)->68K(192K) Class: 3K(128K)->3K(128K)
[2025-10-28T12:32:41.886+0000][0.233s][info][gc          ] GC(184) Pause Young (Concurrent Start) (G1 Humongous Allocation) 12M->11M(32M) 0.599ms
[2025-10-28T12:32:41.886+0000][0.233s][info][gc,cpu      ] GC(184) User=0.00s Sys=0.00s Real=0.00s
[2025-10-28T12:32:41.886+0000][0.233s][info][gc          ] GC(185) Concurrent Undo Cycle
[2025-10-28T12:32:41.886+0000][0.234s][info][gc,marking  ] GC(185) Concurrent Clear Claimed Marks
[2025-10-28T12:32:41.886+0000][0.234s][info][gc,marking  ] GC(185) Concurrent Clear Claimed Marks 0.004ms
[2025-10-28T12:32:41.886+0000][0.234s][info][gc,marking  ] GC(185) Concurrent Cleanup for Next Mark
[2025-10-28T12:32:41.886+0000][0.234s][info][gc,marking  ] GC(185) Concurrent Cleanup for Next Mark 0.048ms
[2025-10-28T12:32:41.886+0000][0.234s][info][gc          ] GC(185) Concurrent Undo Cycle 0.081ms
[2025-10-28T12:32:41.886+0000][0.234s][info][gc,start    ] GC(186) Pause Young (Concurrent Start) (G1 Humongous Allocation)
[2025-10-28T12:32:41.886+0000][0.234s][info][gc,task     ] GC(186) Using 2 workers of 3 for evacuation
[2025-10-28T12:32:41.887+0000][0.234s][info][gc,phases   ] GC(186)   Pre Evacuate Collection Set: 0.0ms
[2025-10-28T12:32:41.887+0000][0.234s][info][gc,phases   ] GC(186)   Merge Heap Roots: 0.0ms
[2025-10-28T12:32:41.887+0000][0.234s][info][gc,phases   ] GC(186)   Evacuate Collection Set: 0.4ms
[2025-10-28T12:32:41.887+0000][0.234s][info][gc,phases   ] GC(186)   Post Evacuate Collection Set: 0.0ms
[2025-10-28T12:32:41.887+0000][0.234s][info][gc,phases   ] GC(186)   Other: 0.1ms
[2025-10-28T12:32:41.887+0000][0.234s][info][gc,heap     ] GC(186) Eden regions: 0->0(8)
[2025-10-28T12:32:41.887+0000][0.234s][info][gc,heap     ] GC(186) Survivor regions: 0->0(1)
[2025-10-28T12:32:41.887+0000][0.234s][info][gc,heap     ] GC(186) Old regions: 3->3
[2025-10-28T12:32:41.887+0000][0.234s][info][gc,heap     ] GC(186) Humongous regions: 11->10
[2025-10-28T12:32:41.887+0000][0.234s][info][gc,metaspace] GC(186) Metaspace: 71K(320K)->71K(320K) NonClass: 68K(192K)->68K(192K) Class: 3K(128K)->3K(128K)
[2025-10-28T12:32:41.887+0000][0.234s][info][gc          ] GC(186) Pause Young (Concurrent Start) (G1 Humongous Allocation) 12M->11M(32M) 0.629ms
[2025-10-28T12:32:41.887+0000][0.234s][info][gc,cpu      ] GC(186) User=0.00s Sys=0.00s Real=0.01s
[2025-10-28T12:32:41.887+0000][0.234s][info][gc          ] GC(187) Concurrent Undo Cycle
[2025-10-28T12:32:41.887+0000][0.234s][info][gc,marking  ] GC(187) Concurrent Clear Claimed Marks
[2025-10-28T12:32:41.887+0000][0.234s][info][gc,marking  ] GC(187) Concurrent Clear Claimed Marks 0.006ms
[2025-10-28T12:32:41.887+0000][0.234s][info][gc,marking  ] GC(187) Concurrent Cleanup for Next Mark
[2025-10-28T12:32:41.887+0000][0.234s][info][gc,marking  ] GC(187) Concurrent Cleanup for Next Mark 0.045ms
[2025-10-28T12:32:41.887+0000][0.234s][info][gc          ] GC(187) Concurrent Undo Cycle 0.089ms
[2025-10-28T12:32:41.887+0000][0.235s][info][gc,start    ] GC(188) Pause Young (Concurrent Start) (G1 Humongous Allocation)
[2025-10-28T12:32:41.887+0000][0.235s][info][gc,task     ] GC(188) Using 2 workers of 3 for evacuation
[2025-10-28T12:32:41.887+0000][0.235s][info][gc,phases   ] GC(188)   Pre Evacuate Collection Set: 0.0ms
[2025-10-28T12:32:41.887+0000][0.235s][info][gc,phases   ] GC(188)   Merge Heap Roots: 0.0ms
[2025-10-28T12:32:41.887+0000][0.235s][info][gc,phases   ] GC(188)   Evacuate Collection Set: 0.1ms
[2025-10-28T12:32:41.887+0000][0.235s][info][gc,phases   ] GC(188)   Post Evacuate Collection Set: 0.0ms
[2025-10-28T12:32:41.887+0000][0.235s][info][gc,phases   ] GC(188)   Other: 0.0ms
[2025-10-28T12:32:41.887+0000][0.235s][info][gc,heap     ] GC(188) Eden regions: 0->0(8)
[2025-10-28T12:32:41.887+0000][0.235s][info][gc,heap     ] GC(188) Survivor regions: 0->0(1)
[2025-10-28T12:32:41.887+0000][0.235s][info][gc,heap     ] GC(188) Old regions: 3->3
[2025-10-28T12:32:41.887+0000][0.235s][info][gc,heap     ] GC(188) Humongous regions: 11->10
[2025-10-28T12:32:41.887+0000][0.235s][info][gc,metaspace] GC(188) Metaspace: 71K(320K)->71K(320K) NonClass: 68K(192K)->68K(192K) Class: 3K(128K)->3K(128K)
[2025-10-28T12:32:41.887+0000][0.235s][info][gc          ] GC(188) Pause Young (Concurrent Start) (G1 Humongous Allocation) 12M->11M(32M) 0.204ms
[2025-10-28T12:32:41.887+0000][0.235s][info][gc,cpu      ] GC(188) User=0.00s Sys=0.00s Real=0.00s
[2025-10-28T12:32:41.887+0000][0.235s][info][gc          ] GC(189) Concurrent Undo Cycle
[2025-10-28T12:32:41.887+0000][0.235s][info][gc,marking  ] GC(189) Concurrent Clear Claimed Marks
[2025-10-28T12:32:41.887+0000][0.235s][info][gc,marking  ] GC(189) Concurrent Clear Claimed Marks 0.004ms
[2025-10-28T12:32:41.887+0000][0.235s][info][gc,marking  ] GC(189) Concurrent Cleanup for Next Mark
[2025-10-28T12:32:41.888+0000][0.235s][info][gc,marking  ] GC(189) Concurrent Cleanup for Next Mark 0.053ms
[2025-10-28T12:32:41.888+0000][0.235s][info][gc          ] GC(189) Concurrent Undo Cycle 0.084ms
[2025-10-28T12:32:41.888+0000][0.235s][info][gc,start    ] GC(190) Pause Young (Concurrent Start) (G1 Humongous Allocation)
[2025-10-28T12:32:41.888+0000][0.235s][info][gc,task     ] GC(190) Using 2 workers of 3 for evacuation
[2025-10-28T12:32:41.888+0000][0.236s][info][gc,phases   ] GC(190)   Pre Evacuate Collection Set: 0.0ms
[2025-10-28T12:32:41.888+0000][0.236s][info][gc,phases   ] GC(190)   Merge Heap Roots: 0.0ms
[2025-10-28T12:32:41.888+0000][0.236s][info][gc,phases   ] GC(190)   Evacuate Collection Set: 0.4ms
[2025-10-28T12:32:41.888+0000][0.236s][info][gc,phases   ] GC(190)   Post Evacuate Collection Set: 0.1ms
[2025-10-28T12:32:41.888+0000][0.236s][info][gc,phases   ] GC(190)   Other: 0.1ms
[2025-10-28T12:32:41.888+0000][0.236s][info][gc,heap     ] GC(190) Eden regions: 0->0(8)
[2025-10-28T12:32:41.888+0000][0.236s][info][gc,heap     ] GC(190) Survivor regions: 0->0(1)
[2025-10-28T12:32:41.888+0000][0.236s][info][gc,heap     ] GC(190) Old regions: 3->3
[2025-10-28T12:32:41.888+0000][0.236s][info][gc,heap     ] GC(190) Humongous regions: 11->10
[2025-10-28T12:32:41.888+0000][0.236s][info][gc,metaspace] GC(190) Metaspace: 71K(320K)->71K(320K) NonClass: 68K(192K)->68K(192K) Class: 3K(128K)->3K(128K)
[2025-10-28T12:32:41.888+0000][0.236s][info][gc          ] GC(190) Pause Young (Concurrent Start) (G1 Humongous Allocation) 12M->11M(32M) 0.753ms
[2025-10-28T12:32:41.888+0000][0.236s][info][gc,cpu      ] GC(190) User=0.01s Sys=0.00s Real=0.00s
[2025-10-28T12:32:41.888+0000][0.236s][info][gc          ] GC(191) Concurrent Undo Cycle
[2025-10-28T12:32:41.888+0000][0.236s][info][gc,marking  ] GC(191) Concurrent Clear Claimed Marks
[2025-10-28T12:32:41.888+0000][0.236s][info][gc,marking  ] GC(191) Concurrent Clear Claimed Marks 0.006ms
[2025-10-28T12:32:41.888+0000][0.236s][info][gc,marking  ] GC(191) Concurrent Cleanup for Next Mark
[2025-10-28T12:32:41.889+0000][0.236s][info][gc,marking  ] GC(191) Concurrent Cleanup for Next Mark 0.063ms
[2025-10-28T12:32:41.889+0000][0.236s][info][gc          ] GC(191) Concurrent Undo Cycle 0.100ms
[2025-10-28T12:32:41.889+0000][0.236s][info][gc,start    ] GC(192) Pause Young (Concurrent Start) (G1 Humongous Allocation)
[2025-10-28T12:32:41.889+0000][0.236s][info][gc,task     ] GC(192) Using 2 workers of 3 for evacuation
[2025-10-28T12:32:41.889+0000][0.236s][info][gc,phases   ] GC(192)   Pre Evacuate Collection Set: 0.1ms
[2025-10-28T12:32:41.889+0000][0.236s][info][gc,phases   ] GC(192)   Merge Heap Roots: 0.0ms
[2025-10-28T12:32:41.889+0000][0.236s][info][gc,phases   ] GC(192)   Evacuate Collection Set: 0.1ms
[2025-10-28T12:32:41.889+0000][0.236s][info][gc,phases   ] GC(192)   Post Evacuate Collection Set: 0.1ms
[2025-10-28T12:32:41.889+0000][0.236s][info][gc,phases   ] GC(192)   Other: 0.0ms
[2025-10-28T12:32:41.889+0000][0.236s][info][gc,heap     ] GC(192) Eden regions: 0->0(8)
[2025-10-28T12:32:41.889+0000][0.236s][info][gc,heap     ] GC(192) Survivor regions: 0->0(1)
[2025-10-28T12:32:41.889+0000][0.236s][info][gc,heap     ] GC(192) Old regions: 3->3
[2025-10-28T12:32:41.889+0000][0.236s][info][gc,heap     ] GC(192) Humongous regions: 11->10
[2025-10-28T12:32:41.889+0000][0.236s][info][gc,metaspace] GC(192) Metaspace: 71K(320K)->71K(320K) NonClass: 68K(192K)->68K(192K) Class: 3K(128K)->3K(128K)
[2025-10-28T12:32:41.889+0000][0.236s][info][gc          ] GC(192) Pause Young (Concurrent Start) (G1 Humongous Allocation) 12M->11M(32M) 0.436ms
[2025-10-28T12:32:41.889+0000][0.236s][info][gc,cpu      ] GC(192) User=0.00s Sys=0.00s Real=0.00s
[2025-10-28T12:32:41.889+0000][0.236s][info][gc          ] GC(193) Concurrent Undo Cycle
[2025-10-28T12:32:41.889+0000][0.236s][info][gc,marking  ] GC(193) Concurrent Clear Claimed Marks
[2025-10-28T12:32:41.889+0000][0.236s][info][gc,marking  ] GC(193) Concurrent Clear Claimed Marks 0.004ms
[2025-10-28T12:32:41.889+0000][0.236s][info][gc,marking  ] GC(193) Concurrent Cleanup for Next Mark
[2025-10-28T12:32:41.889+0000][0.237s][info][gc,marking  ] GC(193) Concurrent Cleanup for Next Mark 0.048ms
[2025-10-28T12:32:41.889+0000][0.237s][info][gc          ] GC(193) Concurrent Undo Cycle 0.079ms
[2025-10-28T12:32:41.889+0000][0.237s][info][gc,start    ] GC(194) Pause Young (Concurrent Start) (G1 Humongous Allocation)
[2025-10-28T12:32:41.889+0000][0.237s][info][gc,task     ] GC(194) Using 2 workers of 3 for evacuation
[2025-10-28T12:32:41.890+0000][0.237s][info][gc,phases   ] GC(194)   Pre Evacuate Collection Set: 0.1ms
[2025-10-28T12:32:41.890+0000][0.237s][info][gc,phases   ] GC(194)   Merge Heap Roots: 0.0ms
[2025-10-28T12:32:41.890+0000][0.237s][info][gc,phases   ] GC(194)   Evacuate Collection Set: 0.1ms
[2025-10-28T12:32:41.890+0000][0.237s][info][gc,phases   ] GC(194)   Post Evacuate Collection Set: 0.0ms
[2025-10-28T12:32:41.890+0000][0.237s][info][gc,phases   ] GC(194)   Other: 0.0ms
[2025-10-28T12:32:41.890+0000][0.237s][info][gc,heap     ] GC(194) Eden regions: 0->0(8)
[2025-10-28T12:32:41.890+0000][0.237s][info][gc,heap     ] GC(194) Survivor regions: 0->0(1)
[2025-10-28T12:32:41.890+0000][0.237s][info][gc,heap     ] GC(194) Old regions: 3->3
[2025-10-28T12:32:41.890+0000][0.237s][info][gc,heap     ] GC(194) Humongous regions: 11->10
[2025-10-28T12:32:41.890+0000][0.237s][info][gc,metaspace] GC(194) Metaspace: 71K(320K)->71K(320K) NonClass: 68K(192K)->68K(192K) Class: 3K(128K)->3K(128K)
[2025-10-28T12:32:41.890+0000][0.237s][info][gc          ] GC(194) Pause Young (Concurrent Start) (G1 Humongous Allocation) 12M->11M(32M) 0.311ms
[2025-10-28T12:32:41.890+0000][0.237s][info][gc,cpu      ] GC(194) User=0.00s Sys=0.00s Real=0.00s
[2025-10-28T12:32:41.890+0000][0.237s][info][gc          ] GC(195) Concurrent Undo Cycle
[2025-10-28T12:32:41.890+0000][0.237s][info][gc,marking  ] GC(195) Concurrent Clear Claimed Marks
[2025-10-28T12:32:41.890+0000][0.237s][info][gc,marking  ] GC(195) Concurrent Clear Claimed Marks 0.003ms
[2025-10-28T12:32:41.890+0000][0.237s][info][gc,marking  ] GC(195) Concurrent Cleanup for Next Mark
[2025-10-28T12:32:41.890+0000][0.237s][info][gc,marking  ] GC(195) Concurrent Cleanup for Next Mark 0.043ms
[2025-10-28T12:32:41.890+0000][0.237s][info][gc          ] GC(195) Concurrent Undo Cycle 0.075ms
[2025-10-28T12:32:41.890+0000][0.237s][info][gc,start    ] GC(196) Pause Young (Concurrent Start) (G1 Humongous Allocation)
[2025-10-28T12:32:41.890+0000][0.237s][info][gc,task     ] GC(196) Using 2 workers of 3 for evacuation
[2025-10-28T12:32:41.890+0000][0.238s][info][gc,phases   ] GC(196)   Pre Evacuate Collection Set: 0.1ms
[2025-10-28T12:32:41.890+0000][0.238s][info][gc,phases   ] GC(196)   Merge Heap Roots: 0.0ms
[2025-10-28T12:32:41.890+0000][0.238s][info][gc,phases   ] GC(196)   Evacuate Collection Set: 0.3ms
[2025-10-28T12:32:41.890+0000][0.238s][info][gc,phases   ] GC(196)   Post Evacuate Collection Set: 0.1ms
[2025-10-28T12:32:41.890+0000][0.238s][info][gc,phases   ] GC(196)   Other: 0.1ms
[2025-10-28T12:32:41.890+0000][0.238s][info][gc,heap     ] GC(196) Eden regions: 0->0(8)
[2025-10-28T12:32:41.890+0000][0.238s][info][gc,heap     ] GC(196) Survivor regions: 0->0(1)
[2025-10-28T12:32:41.890+0000][0.238s][info][gc,heap     ] GC(196) Old regions: 3->3
[2025-10-28T12:32:41.890+0000][0.238s][info][gc,heap     ] GC(196) Humongous regions: 11->10
[2025-10-28T12:32:41.890+0000][0.238s][info][gc,metaspace] GC(196) Metaspace: 71K(320K)->71K(320K) NonClass: 68K(192K)->68K(192K) Class: 3K(128K)->3K(128K)
[2025-10-28T12:32:41.890+0000][0.238s][info][gc          ] GC(196) Pause Young (Concurrent Start) (G1 Humongous Allocation) 12M->11M(32M) 0.637ms
[2025-10-28T12:32:41.891+0000][0.238s][info][gc,cpu      ] GC(196) User=0.00s Sys=0.00s Real=0.00s
[2025-10-28T12:32:41.891+0000][0.238s][info][gc          ] GC(197) Concurrent Undo Cycle
[2025-10-28T12:32:41.891+0000][0.238s][info][gc,marking  ] GC(197) Concurrent Clear Claimed Marks
[2025-10-28T12:32:41.891+0000][0.238s][info][gc,marking  ] GC(197) Concurrent Clear Claimed Marks 0.006ms
[2025-10-28T12:32:41.891+0000][0.238s][info][gc,marking  ] GC(197) Concurrent Cleanup for Next Mark
[2025-10-28T12:32:41.891+0000][0.238s][info][gc,marking  ] GC(197) Concurrent Cleanup for Next Mark 0.244ms
[2025-10-28T12:32:41.891+0000][0.238s][info][gc          ] GC(197) Concurrent Undo Cycle 0.292ms
[2025-10-28T12:32:41.891+0000][0.238s][info][gc,start    ] GC(198) Pause Young (Concurrent Start) (G1 Humongous Allocation)
[2025-10-28T12:32:41.891+0000][0.238s][info][gc,task     ] GC(198) Using 2 workers of 3 for evacuation
[2025-10-28T12:32:41.892+0000][0.239s][info][gc,phases   ] GC(198)   Pre Evacuate Collection Set: 0.1ms
[2025-10-28T12:32:41.892+0000][0.239s][info][gc,phases   ] GC(198)   Merge Heap Roots: 0.1ms
[2025-10-28T12:32:41.892+0000][0.239s][info][gc,phases   ] GC(198)   Evacuate Collection Set: 0.3ms
[2025-10-28T12:32:41.892+0000][0.239s][info][gc,phases   ] GC(198)   Post Evacuate Collection Set: 0.1ms
[2025-10-28T12:32:41.892+0000][0.239s][info][gc,phases   ] GC(198)   Other: 0.1ms
[2025-10-28T12:32:41.892+0000][0.239s][info][gc,heap     ] GC(198) Eden regions: 0->0(8)
[2025-10-28T12:32:41.892+0000][0.239s][info][gc,heap     ] GC(198) Survivor regions: 0->0(1)
[2025-10-28T12:32:41.892+0000][0.239s][info][gc,heap     ] GC(198) Old regions: 3->3
[2025-10-28T12:32:41.892+0000][0.239s][info][gc,heap     ] GC(198) Humongous regions: 13->10
[2025-10-28T12:32:41.892+0000][0.239s][info][gc,metaspace] GC(198) Metaspace: 71K(320K)->71K(320K) NonClass: 68K(192K)->68K(192K) Class: 3K(128K)->3K(128K)
[2025-10-28T12:32:41.892+0000][0.239s][info][gc          ] GC(198) Pause Young (Concurrent Start) (G1 Humongous Allocation) 14M->11M(32M) 0.812ms
[2025-10-28T12:32:41.892+0000][0.239s][info][gc,cpu      ] GC(198) User=0.00s Sys=0.00s Real=0.00s
[2025-10-28T12:32:41.892+0000][0.239s][info][gc          ] GC(199) Concurrent Undo Cycle
[2025-10-28T12:32:41.892+0000][0.239s][info][gc,marking  ] GC(199) Concurrent Clear Claimed Marks
[2025-10-28T12:32:41.892+0000][0.239s][info][gc,marking  ] GC(199) Concurrent Clear Claimed Marks 0.006ms
[2025-10-28T12:32:41.892+0000][0.239s][info][gc,marking  ] GC(199) Concurrent Cleanup for Next Mark
[2025-10-28T12:32:41.892+0000][0.239s][info][gc,marking  ] GC(199) Concurrent Cleanup for Next Mark 0.065ms
[2025-10-28T12:32:41.892+0000][0.239s][info][gc          ] GC(199) Concurrent Undo Cycle 0.111ms
[2025-10-28T12:32:41.892+0000][0.240s][info][gc,start    ] GC(200) Pause Full (System.gc())
[2025-10-28T12:32:41.892+0000][0.240s][info][gc,task     ] GC(200) Using 2 workers of 3 for full compaction
[2025-10-28T12:32:41.893+0000][0.240s][info][gc,phases,start] GC(200) Phase 1: Mark live objects
[2025-10-28T12:32:41.896+0000][0.243s][info][gc,phases      ] GC(200) Phase 1: Mark live objects 3.136ms
[2025-10-28T12:32:41.896+0000][0.243s][info][gc,phases,start] GC(200) Phase 2: Prepare compaction
[2025-10-28T12:32:41.897+0000][0.244s][info][gc,phases      ] GC(200) Phase 2: Prepare compaction 0.870ms
[2025-10-28T12:32:41.897+0000][0.244s][info][gc,phases,start] GC(200) Phase 3: Adjust pointers
[2025-10-28T12:32:41.898+0000][0.245s][info][gc,phases      ] GC(200) Phase 3: Adjust pointers 1.164ms
[2025-10-28T12:32:41.898+0000][0.245s][info][gc,phases,start] GC(200) Phase 4: Compact heap
[2025-10-28T12:32:41.898+0000][0.245s][info][gc,phases      ] GC(200) Phase 4: Compact heap 0.117ms
[2025-10-28T12:32:41.898+0000][0.245s][info][gc,phases,start] GC(200) Phase 5: Reset Metadata
[2025-10-28T12:32:41.899+0000][0.246s][info][gc,phases      ] GC(200) Phase 5: Reset Metadata 0.531ms
[2025-10-28T12:32:41.911+0000][0.259s][info][gc,heap        ] GC(200) Eden regions: 1->0(8)
[2025-10-28T12:32:41.911+0000][0.259s][info][gc,heap        ] GC(200) Survivor regions: 0->0(1)
[2025-10-28T12:32:41.911+0000][0.259s][info][gc,heap        ] GC(200) Old regions: 3->3
[2025-10-28T12:32:41.911+0000][0.259s][info][gc,heap        ] GC(200) Humongous regions: 11->10
[2025-10-28T12:32:41.911+0000][0.259s][info][gc,metaspace   ] GC(200) Metaspace: 71K(320K)->71K(320K) NonClass: 68K(192K)->68K(192K) Class: 3K(128K)->3K(128K)
[2025-10-28T12:32:41.911+0000][0.259s][info][gc             ] GC(200) Pause Full (System.gc()) 12M->11M(32M) 18.957ms
[2025-10-28T12:32:41.911+0000][0.259s][info][gc,cpu         ] GC(200) User=0.01s Sys=0.01s Real=0.02s
[2025-10-28T12:32:41.912+0000][0.259s][info][gc,heap,exit   ] Heap
[2025-10-28T12:32:41.912+0000][0.259s][info][gc,heap,exit   ]  garbage-first heap   total 32768K, used 11439K [0x00000000fe000000, 0x0000000100000000)
[2025-10-28T12:32:41.912+0000][0.259s][info][gc,heap,exit   ]   region size 1024K, 1 young (1024K), 0 survivors (0K)
[2025-10-28T12:32:41.912+0000][0.259s][info][gc,heap,exit   ]  Metaspace       used 72K, committed 320K, reserved 1114112K
[2025-10-28T12:32:41.912+0000][0.259s][info][gc,heap,exit   ]   class space    used 4K, committed 128K, reserved 1048576K
